# yew pty golden v1
size 80x24 alt=1 cursor=1,6 vis=1
modes 2004,1002,1006,1004 kitty=21 sync_pairs=n/a
--- text
 1 pty-s14-chrome_gp_noc + 
    1 alpha beta gamma
    1 del New Tab Group 
    2 zet name: yew-s24-grp/
    3 kap /tmp/yew-s24-grp
    4
              ../
          [✓] one.txt
          [ ] three.txt
          [ ] two.txt









          1 selected
          tab focus · space tick · enter create · esc cancel


 L  pty-s14-chrome_gp_nocolor.txt                            utf-8  lf  1:1  all
--- style
AAAAAAAAAAAAAAAAAAAAAAAABBB
CCCCBCCCCCCCCCCCCCCCCC
CCCCCCCCCBBBBBBBBBBBBBBB
CCCCCCCCCCCCCCCCCCCCCCCCCCCC
CCCCCCCCCCDDDDDDDDDDDDDDDD
CCCCC
CCCCCCCCCCCCCCCCC
CCCCCCCCCCCCCCCCCCCCC
CCCCCCCCCAAAAAAAAAAAAAA
CCCCCCCCCCCCCCCCCCCCC









CCCCCCCCCBBBBBBBBBBB
CCCCCCCCCDDDDDDDDDDDDDDDDDDDDDDDDDDDDDDDDDDDDDDDDDDDDDDDDDDD


BBBCCCCCCCCCCCCCCCCCCCCCCCCCCCCCCCCCCCCCCCCCCCCCCCCCCCCCCCCCCCCCCCCCCCCCCCCCCCCC
--- legend
A fg=default bg=default attrs=------r---
B fg=default bg=default attrs=b---------
C fg=default bg=default attrs=----------
D fg=default bg=default attrs=-d--------
