# yew pty golden v1
size 80x24 alt=1 cursor=1,6 vis=1
modes 2004,1002,1006,1004 kitty=21 sync_pairs=6
--- text
[1: pty-s14-chrome_tabs_[2: yew-pty-0.txt][3: yew-pty-1.txt]
    1





















 L  yew-pty-1.txt                                            utf-8  lf  1:1  all
--- style
AAAAAAAAAAAAAAAAAAAAAAAAAAAAAAAAAAAAAAAAAABBBBBBBBBBBBBBBBBB
CCCCD





















DDDCCCCCCCCCCCCCCCCCCCCCCCCCCCCCCCCCCCCCCCCCCCCCCCCCCCCCCCCCCCCCCCCCCCCCCCCCCCCC
--- legend
A fg=default bg=default attrs=-d--------
B fg=default bg=default attrs=------r---
C fg=default bg=default attrs=----------
D fg=default bg=default attrs=b---------
