# yew pty golden v1
size 32x8 alt=1 cursor=7,31 vis=1
modes 2004,1002,1006,1004 kitty=21 sync_pairs=2
--- text
    1 scroll fixture            
    1                           
                                
                                
                                
                                
                                
:than_the_narrow_terminal_width 
--- style
AAAABACCCCCCCCCCCCCCCCCCCCCCCCCC
AAAAAACCCCCCCCCCCCCCCCCCCCCCCCCC
AAAAAACCCCCCCCCCCCCCCCCCCCCCCCCC
AAAAAACCCCCCCCCCCCCCCCCCCCCCCCCC
AAAAAACCCCCCCCCCCCCCCCCCCCCCCCCC
AAAAAACCCCCCCCCCCCCCCCCCCCCCCCCC
AAAAAACCCCCCCCCCCCCCCCCCCCCCCCCC
DEEEEEEEEEEEEEEEEEEEEEEEEEEEEEEF
--- legend
A fg=#4b5263 bg=#12141a attrs=----------
B fg=#c8ccd4 bg=#12141a attrs=b---------
C fg=#c8ccd4 bg=#12141a attrs=----------
D fg=#2f1806 bg=#e77d24 attrs=b---------
E fg=#f7e0cc bg=#4e2a0f attrs=----------
F fg=#f7e0cc bg=#4e2a0f attrs=b---------
