# yew pty golden v1
size 80x24 alt=1 cursor=0,0 vis=0
modes 2004,1002,1006,1004 kitty=21 sync_pairs=n/a
--- text
fussrepo · trunk       │ 1 main.c  +                                            
 - docs ✗              │    1 int main(void) { return 0; }                      
     漢字.txt ✗        │    1                                                   
     👨‍👩‍👧‍👦.txt ✗          │                                                        
 - src ↑ ✗             │                                                        
     both.c ↑ ✗        │                                                        
     main.c            │                                                        
     modified.c ✗      │                                                        
     staged.c ↑        │                                                        
   README.md           │                                                        
   untracked.txt ✗     │                                                        
                       │                                                        
                       │                                                        
                       │                                                        
                       │                                                        
                       │                                                        
                       │                                                        
                       │                                                        
                       │                                                        
                       │                                                        
                       │                                                        
                       │                                                        
                       │Legend: ↑ staged  ✗ modified  ✗ untracked  ↓ incoming  !
                       │←→ tree · ↑↓ siblings · type jump · C-g actions · Esc le
--- style
AAAAAAAABBBAAAAABBBBBBBCDDDDDDDDDDEEEFFFFFFFFFFFFFFFFFFFFFFFFFFFFFFFFFFFFFFFFFFF
GGGGGGGHHGGGGGGGGGGGGGGCIIIIJIKKKLMMMMNKKKKNLNLOOOOOOLPNLNLLLLLLLLLLLLLLLLLLLLLL
BBBBBBBBBBBBBQQBBBBBBBBCIIIIIILLLLLLLLLLLLLLLLLLLLLLLLLLLLLLLLLLLLLLLLLLLLLLLLLL
BBBBBBBBBBBQQBBBBBBBBBBCIIIIIILLLLLLLLLLLLLLLLLLLLLLLLLLLLLLLLLLLLLLLLLLLLLLLLLL
BBBBBBRRQQBBBBBBBBBBBBBCIIIIIILLLLLLLLLLLLLLLLLLLLLLLLLLLLLLLLLLLLLLLLLLLLLLLLLL
BBBBBBBBBBBRRQQBBBBBBBBCIIIIIILLLLLLLLLLLLLLLLLLLLLLLLLLLLLLLLLLLLLLLLLLLLLLLLLL
BBBBBBBBBBBBBBBBBBBBBBBCIIIIIILLLLLLLLLLLLLLLLLLLLLLLLLLLLLLLLLLLLLLLLLLLLLLLLLL
BBBBBBBBBBBBBBBQQBBBBBBCIIIIIILLLLLLLLLLLLLLLLLLLLLLLLLLLLLLLLLLLLLLLLLLLLLLLLLL
BBBBBBBBBBBBBRRBBBBBBBBCIIIIIILLLLLLLLLLLLLLLLLLLLLLLLLLLLLLLLLLLLLLLLLLLLLLLLLL
BBBBBBBBBBBBBBBBBBBBBBBCIIIIIILLLLLLLLLLLLLLLLLLLLLLLLLLLLLLLLLLLLLLLLLLLLLLLLLL
BBBBBBBBBBBBBBBBFFBBBBBCIIIIIILLLLLLLLLLLLLLLLLLLLLLLLLLLLLLLLLLLLLLLLLLLLLLLLLL
BBBBBBBBBBBBBBBBBBBBBBBCIIIIIILLLLLLLLLLLLLLLLLLLLLLLLLLLLLLLLLLLLLLLLLLLLLLLLLL
BBBBBBBBBBBBBBBBBBBBBBBCIIIIIILLLLLLLLLLLLLLLLLLLLLLLLLLLLLLLLLLLLLLLLLLLLLLLLLL
BBBBBBBBBBBBBBBBBBBBBBBCIIIIIILLLLLLLLLLLLLLLLLLLLLLLLLLLLLLLLLLLLLLLLLLLLLLLLLL
BBBBBBBBBBBBBBBBBBBBBBBCIIIIIILLLLLLLLLLLLLLLLLLLLLLLLLLLLLLLLLLLLLLLLLLLLLLLLLL
BBBBBBBBBBBBBBBBBBBBBBBCIIIIIILLLLLLLLLLLLLLLLLLLLLLLLLLLLLLLLLLLLLLLLLLLLLLLLLL
BBBBBBBBBBBBBBBBBBBBBBBCIIIIIILLLLLLLLLLLLLLLLLLLLLLLLLLLLLLLLLLLLLLLLLLLLLLLLLL
BBBBBBBBBBBBBBBBBBBBBBBCIIIIIILLLLLLLLLLLLLLLLLLLLLLLLLLLLLLLLLLLLLLLLLLLLLLLLLL
BBBBBBBBBBBBBBBBBBBBBBBCIIIIIILLLLLLLLLLLLLLLLLLLLLLLLLLLLLLLLLLLLLLLLLLLLLLLLLL
BBBBBBBBBBBBBBBBBBBBBBBCIIIIIILLLLLLLLLLLLLLLLLLLLLLLLLLLLLLLLLLLLLLLLLLLLLLLLLL
BBBBBBBBBBBBBBBBBBBBBBBCIIIIIILLLLLLLLLLLLLLLLLLLLLLLLLLLLLLLLLLLLLLLLLLLLLLLLLL
BBBBBBBBBBBBBBBBBBBBBBBCIIIIIILLLLLLLLLLLLLLLLLLLLLLLLLLLLLLLLLLLLLLLLLLLLLLLLLL
BBBBBBBBBBBBBBBBBBBBBBBCSSSSSSSSSSSSSSSSSSSSSSSSSSSSSSSSSSSSSSSSSSSSSSSSSSSSSSSS
BBBBBBBBBBBBBBBBBBBBBBBCSSSSSSSSSSSSSSSSSSSSSSSSSSSSSSSSSSSSSSSSSSSSSSSSSSSSSSSS
--- legend
A fg=#c8ccd4 bg=#1b202a attrs=b---------
B fg=#c8ccd4 bg=#1b202a attrs=----------
C fg=#ffffff bg=#1b202a attrs=b---------
D fg=#c8ccd4 bg=#2c313a attrs=b---------
E fg=#61afef bg=#1b202a attrs=b---------
F fg=#5c6370 bg=#1b202a attrs=----------
G fg=#c8ccd4 bg=#1b202a attrs=------r---
H fg=#e06c75 bg=#1b202a attrs=------r---
I fg=#4b5263 bg=#12141a attrs=-d--------
J fg=#c8ccd4 bg=#12141a attrs=bd--------
K fg=#e5c07b bg=#12141a attrs=-di-------
L fg=#c8ccd4 bg=#12141a attrs=-d--------
M fg=#61afef bg=#12141a attrs=-d--------
N fg=#9aa0aa bg=#12141a attrs=-d--------
O fg=#c678dd bg=#12141a attrs=bd--------
P fg=#d19a66 bg=#12141a attrs=-d--------
Q fg=#e06c75 bg=#1b202a attrs=----------
R fg=#98c379 bg=#1b202a attrs=----------
S fg=#faebf8 bg=#b13d9b attrs=----------
