# yew pty golden v1
size 80x24 alt=1 cursor=0,0 vis=0
modes 2004,1002,1006,1004 kitty=21 sync_pairs=n/a
--- text
fussrepo · trunk       │    1 int main(void) { return 0; }                      
 + docs ✗              │    1                                                   
 - src ↑ ✗             │                                                        
     both.c ↑ ✗        │                                                        
     main.c            │                                                        
     modified.c ✗      │                                                        
     staged.c ↑        │                                                        
   README.md           │                                                        
   untracked.txt ✗     │                                                        
                       │                                                        
                       │                                                        
                       │                                                        
                       │                                                        
                       │                                                        
                       │                                                        
                       │                                                        
                       │                                                        
                       │                                                        
                       │                                                        
                       │                                                        
                       │                                                        
                       │                                                        
                       │Legend: ↑ staged  ✗ modified  ✗ untracked  ↓ incoming  !
                       │←→ tree · ↑↓ siblings · type jump · C-g actions · Esc le
--- style
AAAAAAAABBBAAAAABBBBBBBCDDDDEDFFFGHHHHIFFFFIGIGJJJJJJGKIGIGGGGGGGGGGGGGGGGGGGGGG
BBBBBBBLLBBBBBBBBBBBBBBCDDDDDDGGGGGGGGGGGGGGGGGGGGGGGGGGGGGGGGGGGGGGGGGGGGGGGGGG
BBBBBBMMLLBBBBBBBBBBBBBCDDDDDDGGGGGGGGGGGGGGGGGGGGGGGGGGGGGGGGGGGGGGGGGGGGGGGGGG
BBBBBBBBBBBMMLLBBBBBBBBCDDDDDDGGGGGGGGGGGGGGGGGGGGGGGGGGGGGGGGGGGGGGGGGGGGGGGGGG
NNNNNNNNNNNNNNNNNNNNNNNCDDDDDDGGGGGGGGGGGGGGGGGGGGGGGGGGGGGGGGGGGGGGGGGGGGGGGGGG
BBBBBBBBBBBBBBBLLBBBBBBCDDDDDDGGGGGGGGGGGGGGGGGGGGGGGGGGGGGGGGGGGGGGGGGGGGGGGGGG
BBBBBBBBBBBBBMMBBBBBBBBCDDDDDDGGGGGGGGGGGGGGGGGGGGGGGGGGGGGGGGGGGGGGGGGGGGGGGGGG
BBBBBBBBBBBBBBBBBBBBBBBCDDDDDDGGGGGGGGGGGGGGGGGGGGGGGGGGGGGGGGGGGGGGGGGGGGGGGGGG
BBBBBBBBBBBBBBBBOOBBBBBCDDDDDDGGGGGGGGGGGGGGGGGGGGGGGGGGGGGGGGGGGGGGGGGGGGGGGGGG
BBBBBBBBBBBBBBBBBBBBBBBCDDDDDDGGGGGGGGGGGGGGGGGGGGGGGGGGGGGGGGGGGGGGGGGGGGGGGGGG
BBBBBBBBBBBBBBBBBBBBBBBCDDDDDDGGGGGGGGGGGGGGGGGGGGGGGGGGGGGGGGGGGGGGGGGGGGGGGGGG
BBBBBBBBBBBBBBBBBBBBBBBCDDDDDDGGGGGGGGGGGGGGGGGGGGGGGGGGGGGGGGGGGGGGGGGGGGGGGGGG
BBBBBBBBBBBBBBBBBBBBBBBCDDDDDDGGGGGGGGGGGGGGGGGGGGGGGGGGGGGGGGGGGGGGGGGGGGGGGGGG
BBBBBBBBBBBBBBBBBBBBBBBCDDDDDDGGGGGGGGGGGGGGGGGGGGGGGGGGGGGGGGGGGGGGGGGGGGGGGGGG
BBBBBBBBBBBBBBBBBBBBBBBCDDDDDDGGGGGGGGGGGGGGGGGGGGGGGGGGGGGGGGGGGGGGGGGGGGGGGGGG
BBBBBBBBBBBBBBBBBBBBBBBCDDDDDDGGGGGGGGGGGGGGGGGGGGGGGGGGGGGGGGGGGGGGGGGGGGGGGGGG
BBBBBBBBBBBBBBBBBBBBBBBCDDDDDDGGGGGGGGGGGGGGGGGGGGGGGGGGGGGGGGGGGGGGGGGGGGGGGGGG
BBBBBBBBBBBBBBBBBBBBBBBCDDDDDDGGGGGGGGGGGGGGGGGGGGGGGGGGGGGGGGGGGGGGGGGGGGGGGGGG
BBBBBBBBBBBBBBBBBBBBBBBCDDDDDDGGGGGGGGGGGGGGGGGGGGGGGGGGGGGGGGGGGGGGGGGGGGGGGGGG
BBBBBBBBBBBBBBBBBBBBBBBCDDDDDDGGGGGGGGGGGGGGGGGGGGGGGGGGGGGGGGGGGGGGGGGGGGGGGGGG
BBBBBBBBBBBBBBBBBBBBBBBCDDDDDDGGGGGGGGGGGGGGGGGGGGGGGGGGGGGGGGGGGGGGGGGGGGGGGGGG
BBBBBBBBBBBBBBBBBBBBBBBCDDDDDDGGGGGGGGGGGGGGGGGGGGGGGGGGGGGGGGGGGGGGGGGGGGGGGGGG
BBBBBBBBBBBBBBBBBBBBBBBCPPPPPPPPPPPPPPPPPPPPPPPPPPPPPPPPPPPPPPPPPPPPPPPPPPPPPPPP
BBBBBBBBBBBBBBBBBBBBBBBCPPPPPPPPPPPPPPPPPPPPPPPPPPPPPPPPPPPPPPPPPPPPPPPPPPPPPPPP
--- legend
A fg=#c8ccd4 bg=#1b202a attrs=b---------
B fg=#c8ccd4 bg=#1b202a attrs=----------
C fg=#ffffff bg=#1b202a attrs=b---------
D fg=#4b5263 bg=#12141a attrs=-d--------
E fg=#c8ccd4 bg=#12141a attrs=bd--------
F fg=#e5c07b bg=#12141a attrs=-di-------
G fg=#c8ccd4 bg=#12141a attrs=-d--------
H fg=#61afef bg=#12141a attrs=-d--------
I fg=#9aa0aa bg=#12141a attrs=-d--------
J fg=#c678dd bg=#12141a attrs=bd--------
K fg=#d19a66 bg=#12141a attrs=-d--------
L fg=#e06c75 bg=#1b202a attrs=----------
M fg=#98c379 bg=#1b202a attrs=----------
N fg=#c8ccd4 bg=#1b202a attrs=------r---
O fg=#5c6370 bg=#1b202a attrs=----------
P fg=#faebf8 bg=#b13d9b attrs=----------
