# yew pty golden v1
size 80x24 alt=1 cursor=0,0 vis=0
modes 2004,1002,1006,1004 kitty=21 sync_pairs=n/a
--- text
yew:not a repository                                                            
not a Git repository — use :git.init                                            
                                                                                
                                                                                
                                                                                
                                                                                
                                                                                
                                                                                
                                                                                
                                                                                
                                                                                
                                                                                
                                                                                
                                                                                
                                                                                
                                                                                
                                                                                
                                                                                
                                                                                
                                                                                
                                                                                
                                                                                
not a repository                                                                
←→ tree · ↑↓ siblings · a stage · m commit · / jump · q leave                   
--- style
AAAABBBBBBBBBBBBBBBBCCCCCCCCCCCCCCCCCCCCCCCCCCCCCCCCCCCCCCCCCCCCCCCCCCCCCCCCCCCC
BBBBBBBBBBBBBBBBBBBBBBBBBBBBBBBBBBBBCCCCCCCCCCCCCCCCCCCCCCCCCCCCCCCCCCCCCCCCCCCC
CCCCCCCCCCCCCCCCCCCCCCCCCCCCCCCCCCCCCCCCCCCCCCCCCCCCCCCCCCCCCCCCCCCCCCCCCCCCCCCC
CCCCCCCCCCCCCCCCCCCCCCCCCCCCCCCCCCCCCCCCCCCCCCCCCCCCCCCCCCCCCCCCCCCCCCCCCCCCCCCC
CCCCCCCCCCCCCCCCCCCCCCCCCCCCCCCCCCCCCCCCCCCCCCCCCCCCCCCCCCCCCCCCCCCCCCCCCCCCCCCC
CCCCCCCCCCCCCCCCCCCCCCCCCCCCCCCCCCCCCCCCCCCCCCCCCCCCCCCCCCCCCCCCCCCCCCCCCCCCCCCC
CCCCCCCCCCCCCCCCCCCCCCCCCCCCCCCCCCCCCCCCCCCCCCCCCCCCCCCCCCCCCCCCCCCCCCCCCCCCCCCC
CCCCCCCCCCCCCCCCCCCCCCCCCCCCCCCCCCCCCCCCCCCCCCCCCCCCCCCCCCCCCCCCCCCCCCCCCCCCCCCC
CCCCCCCCCCCCCCCCCCCCCCCCCCCCCCCCCCCCCCCCCCCCCCCCCCCCCCCCCCCCCCCCCCCCCCCCCCCCCCCC
CCCCCCCCCCCCCCCCCCCCCCCCCCCCCCCCCCCCCCCCCCCCCCCCCCCCCCCCCCCCCCCCCCCCCCCCCCCCCCCC
CCCCCCCCCCCCCCCCCCCCCCCCCCCCCCCCCCCCCCCCCCCCCCCCCCCCCCCCCCCCCCCCCCCCCCCCCCCCCCCC
CCCCCCCCCCCCCCCCCCCCCCCCCCCCCCCCCCCCCCCCCCCCCCCCCCCCCCCCCCCCCCCCCCCCCCCCCCCCCCCC
CCCCCCCCCCCCCCCCCCCCCCCCCCCCCCCCCCCCCCCCCCCCCCCCCCCCCCCCCCCCCCCCCCCCCCCCCCCCCCCC
CCCCCCCCCCCCCCCCCCCCCCCCCCCCCCCCCCCCCCCCCCCCCCCCCCCCCCCCCCCCCCCCCCCCCCCCCCCCCCCC
CCCCCCCCCCCCCCCCCCCCCCCCCCCCCCCCCCCCCCCCCCCCCCCCCCCCCCCCCCCCCCCCCCCCCCCCCCCCCCCC
CCCCCCCCCCCCCCCCCCCCCCCCCCCCCCCCCCCCCCCCCCCCCCCCCCCCCCCCCCCCCCCCCCCCCCCCCCCCCCCC
CCCCCCCCCCCCCCCCCCCCCCCCCCCCCCCCCCCCCCCCCCCCCCCCCCCCCCCCCCCCCCCCCCCCCCCCCCCCCCCC
CCCCCCCCCCCCCCCCCCCCCCCCCCCCCCCCCCCCCCCCCCCCCCCCCCCCCCCCCCCCCCCCCCCCCCCCCCCCCCCC
CCCCCCCCCCCCCCCCCCCCCCCCCCCCCCCCCCCCCCCCCCCCCCCCCCCCCCCCCCCCCCCCCCCCCCCCCCCCCCCC
CCCCCCCCCCCCCCCCCCCCCCCCCCCCCCCCCCCCCCCCCCCCCCCCCCCCCCCCCCCCCCCCCCCCCCCCCCCCCCCC
CCCCCCCCCCCCCCCCCCCCCCCCCCCCCCCCCCCCCCCCCCCCCCCCCCCCCCCCCCCCCCCCCCCCCCCCCCCCCCCC
CCCCCCCCCCCCCCCCCCCCCCCCCCCCCCCCCCCCCCCCCCCCCCCCCCCCCCCCCCCCCCCCCCCCCCCCCCCCCCCC
DDDDDDDDDDDDDDDDDDDDDDDDDDDDDDDDDDDDDDDDDDDDDDDDDDDDDDDDDDDDDDDDDDDDDDDDDDDDDDDD
DDDDDDDDDDDDDDDDDDDDDDDDDDDDDDDDDDDDDDDDDDDDDDDDDDDDDDDDDDDDDDDDDDDDDDDDDDDDDDDD
--- legend
A fg=#c8ccd4 bg=#12141a attrs=b---------
B fg=#c8ccd4 bg=#12141a attrs=-d--------
C fg=#c8ccd4 bg=#12141a attrs=----------
D fg=#faebf8 bg=#b13d9b attrs=----------
--- sgr
\x1b[0;38;2;75;82;99;48;2;18;20;26m
\x1b[1;38;2;200;204;212m
\x1b[22;38;2;75;82;99m
\x1b[38;2;200;204;212m
\x1b[38;2;75;82;99m
\x1b[38;2;200;204;212m
\x1b[38;2;75;82;99m
\x1b[38;2;200;204;212m
\x1b[38;2;75;82;99m
\x1b[38;2;200;204;212m
\x1b[38;2;75;82;99m
\x1b[38;2;200;204;212m
\x1b[38;2;75;82;99m
\x1b[38;2;200;204;212m
\x1b[38;2;75;82;99m
\x1b[38;2;200;204;212m
\x1b[38;2;75;82;99m
\x1b[38;2;200;204;212m
\x1b[38;2;75;82;99m
\x1b[38;2;200;204;212m
\x1b[38;2;75;82;99m
\x1b[38;2;200;204;212m
\x1b[38;2;75;82;99m
\x1b[38;2;200;204;212m
\x1b[38;2;75;82;99m
\x1b[38;2;200;204;212m
\x1b[38;2;75;82;99m
\x1b[38;2;200;204;212m
\x1b[38;2;75;82;99m
\x1b[38;2;200;204;212m
\x1b[38;2;75;82;99m
\x1b[38;2;200;204;212m
\x1b[38;2;75;82;99m
\x1b[38;2;200;204;212m
\x1b[38;2;75;82;99m
\x1b[38;2;200;204;212m
\x1b[38;2;75;82;99m
\x1b[38;2;200;204;212m
\x1b[38;2;75;82;99m
\x1b[38;2;200;204;212m
\x1b[38;2;75;82;99m
\x1b[38;2;200;204;212m
\x1b[38;2;75;82;99m
\x1b[38;2;200;204;212m
\x1b[38;2;75;82;99m
\x1b[38;2;200;204;212m
\x1b[38;2;75;82;99m
\x1b[38;2;200;204;212m
\x1b[38;2;18;20;26;48;2;97;175;239m
\x1b[38;2;200;204;212;48;2;18;20;26m
\x1b[0;1;38;2;200;204;212;48;2;18;20;26m
\x1b[22;2m
\x1b[22m
\x1b[38;2;250;235;248;48;2;177;61;155m
\x1b[0;2;38;2;200;204;212;48;2;18;20;26m
