# yew pty golden v1
size 80x24 alt=1 cursor=0,0 vis=0
modes 2004,1002,1006,1004 kitty=21 sync_pairs=n/a
--- text
workspace · loading    │    1                                                   
   drawer-only.txt     │                                                        
                       │                                                        
                       │                                                        
                       │                                                        
                       │                                                        
                       │                                                        
                       │                                                        
                       │                                                        
                       │                                                        
                       │                                                        
                       │                                                        
                       │                                                        
                       │                                                        
                       │                                                        
                       │                                                        
                       │                                                        
                       │                                                        
                       │                                                        
                       │                                                        
                       │                                                        
                       │                                                        
                       │not a repository                                        
                       │←→ tree · ↑↓ siblings · type jump · C-g actions · Esc le
--- style
AAAAAAAAABBBBBBBBBBCCCCDEEEEFEGGGGGGGGGGGGGGGGGGGGGGGGGGGGGGGGGGGGGGGGGGGGGGGGGG
HHHHHHHHHHHHHHHHHHHHHHHDEEEEEEGGGGGGGGGGGGGGGGGGGGGGGGGGGGGGGGGGGGGGGGGGGGGGGGGG
CCCCCCCCCCCCCCCCCCCCCCCDEEEEEEGGGGGGGGGGGGGGGGGGGGGGGGGGGGGGGGGGGGGGGGGGGGGGGGGG
CCCCCCCCCCCCCCCCCCCCCCCDEEEEEEGGGGGGGGGGGGGGGGGGGGGGGGGGGGGGGGGGGGGGGGGGGGGGGGGG
CCCCCCCCCCCCCCCCCCCCCCCDEEEEEEGGGGGGGGGGGGGGGGGGGGGGGGGGGGGGGGGGGGGGGGGGGGGGGGGG
CCCCCCCCCCCCCCCCCCCCCCCDEEEEEEGGGGGGGGGGGGGGGGGGGGGGGGGGGGGGGGGGGGGGGGGGGGGGGGGG
CCCCCCCCCCCCCCCCCCCCCCCDEEEEEEGGGGGGGGGGGGGGGGGGGGGGGGGGGGGGGGGGGGGGGGGGGGGGGGGG
CCCCCCCCCCCCCCCCCCCCCCCDEEEEEEGGGGGGGGGGGGGGGGGGGGGGGGGGGGGGGGGGGGGGGGGGGGGGGGGG
CCCCCCCCCCCCCCCCCCCCCCCDEEEEEEGGGGGGGGGGGGGGGGGGGGGGGGGGGGGGGGGGGGGGGGGGGGGGGGGG
CCCCCCCCCCCCCCCCCCCCCCCDEEEEEEGGGGGGGGGGGGGGGGGGGGGGGGGGGGGGGGGGGGGGGGGGGGGGGGGG
CCCCCCCCCCCCCCCCCCCCCCCDEEEEEEGGGGGGGGGGGGGGGGGGGGGGGGGGGGGGGGGGGGGGGGGGGGGGGGGG
CCCCCCCCCCCCCCCCCCCCCCCDEEEEEEGGGGGGGGGGGGGGGGGGGGGGGGGGGGGGGGGGGGGGGGGGGGGGGGGG
CCCCCCCCCCCCCCCCCCCCCCCDEEEEEEGGGGGGGGGGGGGGGGGGGGGGGGGGGGGGGGGGGGGGGGGGGGGGGGGG
CCCCCCCCCCCCCCCCCCCCCCCDEEEEEEGGGGGGGGGGGGGGGGGGGGGGGGGGGGGGGGGGGGGGGGGGGGGGGGGG
CCCCCCCCCCCCCCCCCCCCCCCDEEEEEEGGGGGGGGGGGGGGGGGGGGGGGGGGGGGGGGGGGGGGGGGGGGGGGGGG
CCCCCCCCCCCCCCCCCCCCCCCDEEEEEEGGGGGGGGGGGGGGGGGGGGGGGGGGGGGGGGGGGGGGGGGGGGGGGGGG
CCCCCCCCCCCCCCCCCCCCCCCDEEEEEEGGGGGGGGGGGGGGGGGGGGGGGGGGGGGGGGGGGGGGGGGGGGGGGGGG
CCCCCCCCCCCCCCCCCCCCCCCDEEEEEEGGGGGGGGGGGGGGGGGGGGGGGGGGGGGGGGGGGGGGGGGGGGGGGGGG
CCCCCCCCCCCCCCCCCCCCCCCDEEEEEEGGGGGGGGGGGGGGGGGGGGGGGGGGGGGGGGGGGGGGGGGGGGGGGGGG
CCCCCCCCCCCCCCCCCCCCCCCDEEEEEEGGGGGGGGGGGGGGGGGGGGGGGGGGGGGGGGGGGGGGGGGGGGGGGGGG
CCCCCCCCCCCCCCCCCCCCCCCDEEEEEEGGGGGGGGGGGGGGGGGGGGGGGGGGGGGGGGGGGGGGGGGGGGGGGGGG
CCCCCCCCCCCCCCCCCCCCCCCDEEEEEEGGGGGGGGGGGGGGGGGGGGGGGGGGGGGGGGGGGGGGGGGGGGGGGGGG
CCCCCCCCCCCCCCCCCCCCCCCDIIIIIIIIIIIIIIIIIIIIIIIIIIIIIIIIIIIIIIIIIIIIIIIIIIIIIIII
CCCCCCCCCCCCCCCCCCCCCCCDIIIIIIIIIIIIIIIIIIIIIIIIIIIIIIIIIIIIIIIIIIIIIIIIIIIIIIII
--- legend
A fg=#c8ccd4 bg=#1b202a attrs=b---------
B fg=#c8ccd4 bg=#1b202a attrs=-d--------
C fg=#c8ccd4 bg=#1b202a attrs=----------
D fg=#ffffff bg=#1b202a attrs=b---------
E fg=#4b5263 bg=#12141a attrs=-d--------
F fg=#c8ccd4 bg=#12141a attrs=bd--------
G fg=#c8ccd4 bg=#12141a attrs=-d--------
H fg=#c8ccd4 bg=#1b202a attrs=------r---
I fg=#faebf8 bg=#b13d9b attrs=----------
