# yew pty golden v1
size 80x24 alt=1 cursor=0,0 vis=0
modes 2004,1002,1006,1004 kitty=21 sync_pairs=n/a
--- text
fussrepo · trunk       │ 1 README.md  +                                         
 - docs ✗              │    1 clean                                             
     漢字.txt ✗        │    1                                                   
     👨‍👩‍👧‍👦.txt ✗          │                                                        
 + src ↑ ✗             │                                                        
   README.md           │                                                        
   untracked.txt ✗     │                                                        
                       │                                                        
                       │                                                        
                       │                                                        
                       │                                                        
                       │                                                        
                       │                                                        
                       │                                                        
                       │                                                        
                       │                                                        
                       │                                                        
                       │                                                        
                       │                                                        
                       │                                                        
                       │                                                        
                       │                                                        
                       │Legend: ↑ staged  ✗ modified  ✗ untracked  ↓ incoming  !
                       │←→ tree · ↑↓ siblings · type jump · C-g actions · Esc le
--- style
AAAAAAAABBBAAAAABBBBBBBCDDDDDDDDDDDDDEEEFFFFFFFFFFFFFFFFFFFFFFFFFFFFFFFFFFFFFFFF
BBBBBBBGGBBBBBBBBBBBBBBCHHHHIHJJJJJJJJJJJJJJJJJJJJJJJJJJJJJJJJJJJJJJJJJJJJJJJJJJ
BBBBBBBBBBBBBGGBBBBBBBBCHHHHHHJJJJJJJJJJJJJJJJJJJJJJJJJJJJJJJJJJJJJJJJJJJJJJJJJJ
BBBBBBBBBBBGGBBBBBBBBBBCHHHHHHJJJJJJJJJJJJJJJJJJJJJJJJJJJJJJJJJJJJJJJJJJJJJJJJJJ
BBBBBBKKGGBBBBBBBBBBBBBCHHHHHHJJJJJJJJJJJJJJJJJJJJJJJJJJJJJJJJJJJJJJJJJJJJJJJJJJ
LLLLLLLLLLLLLLLLLLLLLLLCHHHHHHJJJJJJJJJJJJJJJJJJJJJJJJJJJJJJJJJJJJJJJJJJJJJJJJJJ
BBBBBBBBBBBBBBBBFFBBBBBCHHHHHHJJJJJJJJJJJJJJJJJJJJJJJJJJJJJJJJJJJJJJJJJJJJJJJJJJ
BBBBBBBBBBBBBBBBBBBBBBBCHHHHHHJJJJJJJJJJJJJJJJJJJJJJJJJJJJJJJJJJJJJJJJJJJJJJJJJJ
BBBBBBBBBBBBBBBBBBBBBBBCHHHHHHJJJJJJJJJJJJJJJJJJJJJJJJJJJJJJJJJJJJJJJJJJJJJJJJJJ
BBBBBBBBBBBBBBBBBBBBBBBCHHHHHHJJJJJJJJJJJJJJJJJJJJJJJJJJJJJJJJJJJJJJJJJJJJJJJJJJ
BBBBBBBBBBBBBBBBBBBBBBBCHHHHHHJJJJJJJJJJJJJJJJJJJJJJJJJJJJJJJJJJJJJJJJJJJJJJJJJJ
BBBBBBBBBBBBBBBBBBBBBBBCHHHHHHJJJJJJJJJJJJJJJJJJJJJJJJJJJJJJJJJJJJJJJJJJJJJJJJJJ
BBBBBBBBBBBBBBBBBBBBBBBCHHHHHHJJJJJJJJJJJJJJJJJJJJJJJJJJJJJJJJJJJJJJJJJJJJJJJJJJ
BBBBBBBBBBBBBBBBBBBBBBBCHHHHHHJJJJJJJJJJJJJJJJJJJJJJJJJJJJJJJJJJJJJJJJJJJJJJJJJJ
BBBBBBBBBBBBBBBBBBBBBBBCHHHHHHJJJJJJJJJJJJJJJJJJJJJJJJJJJJJJJJJJJJJJJJJJJJJJJJJJ
BBBBBBBBBBBBBBBBBBBBBBBCHHHHHHJJJJJJJJJJJJJJJJJJJJJJJJJJJJJJJJJJJJJJJJJJJJJJJJJJ
BBBBBBBBBBBBBBBBBBBBBBBCHHHHHHJJJJJJJJJJJJJJJJJJJJJJJJJJJJJJJJJJJJJJJJJJJJJJJJJJ
BBBBBBBBBBBBBBBBBBBBBBBCHHHHHHJJJJJJJJJJJJJJJJJJJJJJJJJJJJJJJJJJJJJJJJJJJJJJJJJJ
BBBBBBBBBBBBBBBBBBBBBBBCHHHHHHJJJJJJJJJJJJJJJJJJJJJJJJJJJJJJJJJJJJJJJJJJJJJJJJJJ
BBBBBBBBBBBBBBBBBBBBBBBCHHHHHHJJJJJJJJJJJJJJJJJJJJJJJJJJJJJJJJJJJJJJJJJJJJJJJJJJ
BBBBBBBBBBBBBBBBBBBBBBBCHHHHHHJJJJJJJJJJJJJJJJJJJJJJJJJJJJJJJJJJJJJJJJJJJJJJJJJJ
BBBBBBBBBBBBBBBBBBBBBBBCHHHHHHJJJJJJJJJJJJJJJJJJJJJJJJJJJJJJJJJJJJJJJJJJJJJJJJJJ
BBBBBBBBBBBBBBBBBBBBBBBCMMMMMMMMMMMMMMMMMMMMMMMMMMMMMMMMMMMMMMMMMMMMMMMMMMMMMMMM
BBBBBBBBBBBBBBBBBBBBBBBCMMMMMMMMMMMMMMMMMMMMMMMMMMMMMMMMMMMMMMMMMMMMMMMMMMMMMMMM
--- legend
A fg=#c8ccd4 bg=#1b202a attrs=b---------
B fg=#c8ccd4 bg=#1b202a attrs=----------
C fg=#ffffff bg=#1b202a attrs=b---------
D fg=#c8ccd4 bg=#2c313a attrs=b---------
E fg=#61afef bg=#1b202a attrs=b---------
F fg=#5c6370 bg=#1b202a attrs=----------
G fg=#e06c75 bg=#1b202a attrs=----------
H fg=#4b5263 bg=#12141a attrs=-d--------
I fg=#c8ccd4 bg=#12141a attrs=bd--------
J fg=#c8ccd4 bg=#12141a attrs=-d--------
K fg=#98c379 bg=#1b202a attrs=----------
L fg=#c8ccd4 bg=#1b202a attrs=------r---
M fg=#faebf8 bg=#b13d9b attrs=----------
