# yew pty golden v1
size 100x24 alt=1 cursor=1,6 vis=1
modes 2004,1002,1006,1004 kitty=21 sync_pairs=n/a
--- text
▎   1 alpha                                                                                         
▎   2                                                                                               
▎   1 beta                                                                                          
▎   2 gamma                                                                                         
    3                                                                                               
                                                                                                    
                                                                                                    
                                                                                                    
                                                                                                    
                                                                                                    
                                                                                                    
                                                                                                    
                                                                                                    
                                                                                                    
                                                                                                    
                                                                                                    
                                                                                                    
                                                                                                    
                                                                                                    
                                                                                                    
                                                                                                    
                                                                                                    
                                                                                                    
 L  main.c *                                                            utf-8  lf  2:1  all  ⎇ trunk
--- style
ABBBBBCCCCCCCCCCCCCCCCCCCCCCCCCCCCCCCCCCCCCCCCCCCCCCCCCCCCCCCCCCCCCCCCCCCCCCCCCCCCCCCCCCCCCCCCCCCCCC
ABBBDBCCCCCCCCCCCCCCCCCCCCCCCCCCCCCCCCCCCCCCCCCCCCCCCCCCCCCCCCCCCCCCCCCCCCCCCCCCCCCCCCCCCCCCCCCCCCCC
ABBBBBCCCCCCCCCCCCCCCCCCCCCCCCCCCCCCCCCCCCCCCCCCCCCCCCCCCCCCCCCCCCCCCCCCCCCCCCCCCCCCCCCCCCCCCCCCCCCC
ABBBBBCCCCCCCCCCCCCCCCCCCCCCCCCCCCCCCCCCCCCCCCCCCCCCCCCCCCCCCCCCCCCCCCCCCCCCCCCCCCCCCCCCCCCCCCCCCCCC
BBBBBBCCCCCCCCCCCCCCCCCCCCCCCCCCCCCCCCCCCCCCCCCCCCCCCCCCCCCCCCCCCCCCCCCCCCCCCCCCCCCCCCCCCCCCCCCCCCCC
BBBBBBCCCCCCCCCCCCCCCCCCCCCCCCCCCCCCCCCCCCCCCCCCCCCCCCCCCCCCCCCCCCCCCCCCCCCCCCCCCCCCCCCCCCCCCCCCCCCC
BBBBBBCCCCCCCCCCCCCCCCCCCCCCCCCCCCCCCCCCCCCCCCCCCCCCCCCCCCCCCCCCCCCCCCCCCCCCCCCCCCCCCCCCCCCCCCCCCCCC
BBBBBBCCCCCCCCCCCCCCCCCCCCCCCCCCCCCCCCCCCCCCCCCCCCCCCCCCCCCCCCCCCCCCCCCCCCCCCCCCCCCCCCCCCCCCCCCCCCCC
BBBBBBCCCCCCCCCCCCCCCCCCCCCCCCCCCCCCCCCCCCCCCCCCCCCCCCCCCCCCCCCCCCCCCCCCCCCCCCCCCCCCCCCCCCCCCCCCCCCC
BBBBBBCCCCCCCCCCCCCCCCCCCCCCCCCCCCCCCCCCCCCCCCCCCCCCCCCCCCCCCCCCCCCCCCCCCCCCCCCCCCCCCCCCCCCCCCCCCCCC
BBBBBBCCCCCCCCCCCCCCCCCCCCCCCCCCCCCCCCCCCCCCCCCCCCCCCCCCCCCCCCCCCCCCCCCCCCCCCCCCCCCCCCCCCCCCCCCCCCCC
BBBBBBCCCCCCCCCCCCCCCCCCCCCCCCCCCCCCCCCCCCCCCCCCCCCCCCCCCCCCCCCCCCCCCCCCCCCCCCCCCCCCCCCCCCCCCCCCCCCC
BBBBBBCCCCCCCCCCCCCCCCCCCCCCCCCCCCCCCCCCCCCCCCCCCCCCCCCCCCCCCCCCCCCCCCCCCCCCCCCCCCCCCCCCCCCCCCCCCCCC
BBBBBBCCCCCCCCCCCCCCCCCCCCCCCCCCCCCCCCCCCCCCCCCCCCCCCCCCCCCCCCCCCCCCCCCCCCCCCCCCCCCCCCCCCCCCCCCCCCCC
BBBBBBCCCCCCCCCCCCCCCCCCCCCCCCCCCCCCCCCCCCCCCCCCCCCCCCCCCCCCCCCCCCCCCCCCCCCCCCCCCCCCCCCCCCCCCCCCCCCC
BBBBBBCCCCCCCCCCCCCCCCCCCCCCCCCCCCCCCCCCCCCCCCCCCCCCCCCCCCCCCCCCCCCCCCCCCCCCCCCCCCCCCCCCCCCCCCCCCCCC
BBBBBBCCCCCCCCCCCCCCCCCCCCCCCCCCCCCCCCCCCCCCCCCCCCCCCCCCCCCCCCCCCCCCCCCCCCCCCCCCCCCCCCCCCCCCCCCCCCCC
BBBBBBCCCCCCCCCCCCCCCCCCCCCCCCCCCCCCCCCCCCCCCCCCCCCCCCCCCCCCCCCCCCCCCCCCCCCCCCCCCCCCCCCCCCCCCCCCCCCC
BBBBBBCCCCCCCCCCCCCCCCCCCCCCCCCCCCCCCCCCCCCCCCCCCCCCCCCCCCCCCCCCCCCCCCCCCCCCCCCCCCCCCCCCCCCCCCCCCCCC
BBBBBBCCCCCCCCCCCCCCCCCCCCCCCCCCCCCCCCCCCCCCCCCCCCCCCCCCCCCCCCCCCCCCCCCCCCCCCCCCCCCCCCCCCCCCCCCCCCCC
BBBBBBCCCCCCCCCCCCCCCCCCCCCCCCCCCCCCCCCCCCCCCCCCCCCCCCCCCCCCCCCCCCCCCCCCCCCCCCCCCCCCCCCCCCCCCCCCCCCC
BBBBBBCCCCCCCCCCCCCCCCCCCCCCCCCCCCCCCCCCCCCCCCCCCCCCCCCCCCCCCCCCCCCCCCCCCCCCCCCCCCCCCCCCCCCCCCCCCCCC
BBBBBBCCCCCCCCCCCCCCCCCCCCCCCCCCCCCCCCCCCCCCCCCCCCCCCCCCCCCCCCCCCCCCCCCCCCCCCCCCCCCCCCCCCCCCCCCCCCCC
EEECCCCCCCCCCCCCCCCCCCCCCCCCCCCCCCCCCCCCCCCCCCCCCCCCCCCCCCCCCCCCCCCCCCCCCCCCCCCCCCCCCCCCCCCCCCCCCCCC
--- legend
A fg=#e5c07b bg=#12141a attrs=----------
B fg=#4b5263 bg=#12141a attrs=----------
C fg=#c8ccd4 bg=#12141a attrs=----------
D fg=#c8ccd4 bg=#12141a attrs=b---------
E fg=#12141a bg=#61afef attrs=----------
--- sgr
\x1b[0;38;2;75;82;99;48;2;18;20;26m
\x1b[1;38;2;200;204;212m
\x1b[22;38;2;75;82;99m
\x1b[38;2;200;204;212m
\x1b[38;2;75;82;99m
\x1b[38;2;200;204;212m
\x1b[38;2;75;82;99m
\x1b[38;2;200;204;212m
\x1b[38;2;75;82;99m
\x1b[38;2;200;204;212m
\x1b[38;2;75;82;99m
\x1b[38;2;200;204;212m
\x1b[38;2;75;82;99m
\x1b[38;2;200;204;212m
\x1b[38;2;75;82;99m
\x1b[38;2;200;204;212m
\x1b[38;2;75;82;99m
\x1b[38;2;200;204;212m
\x1b[38;2;75;82;99m
\x1b[38;2;200;204;212m
\x1b[38;2;75;82;99m
\x1b[38;2;200;204;212m
\x1b[38;2;75;82;99m
\x1b[38;2;200;204;212m
\x1b[38;2;75;82;99m
\x1b[38;2;200;204;212m
\x1b[38;2;75;82;99m
\x1b[38;2;200;204;212m
\x1b[38;2;75;82;99m
\x1b[38;2;200;204;212m
\x1b[38;2;75;82;99m
\x1b[38;2;200;204;212m
\x1b[38;2;75;82;99m
\x1b[38;2;200;204;212m
\x1b[38;2;75;82;99m
\x1b[38;2;200;204;212m
\x1b[38;2;75;82;99m
\x1b[38;2;200;204;212m
\x1b[38;2;75;82;99m
\x1b[38;2;200;204;212m
\x1b[38;2;75;82;99m
\x1b[38;2;200;204;212m
\x1b[38;2;75;82;99m
\x1b[38;2;200;204;212m
\x1b[38;2;75;82;99m
\x1b[38;2;200;204;212m
\x1b[38;2;75;82;99m
\x1b[38;2;200;204;212m
\x1b[1;38;2;235;244;255;48;2;38;110;186m
\x1b[22;38;2;218;229;240;48;2;20;48;76m
\x1b[0;38;2;229;192;123;48;2;18;20;26m
\x1b[0;38;2;18;20;26;48;2;97;175;239m
\x1b[38;2;200;204;212;48;2;18;20;26m
\x1b[0;38;2;75;82;99;48;2;18;20;26m
\x1b[1;38;2;200;204;212m
\x1b[22m
\x1b[38;2;75;82;99m
\x1b[38;2;200;204;212m
\x1b[38;2;75;82;99m
\x1b[38;2;200;204;212m
\x1b[38;2;75;82;99m
\x1b[38;2;200;204;212m
\x1b[0;38;2;229;192;123;48;2;18;20;26m
