# sagitta pty golden v1
size 80x24 alt=1 cursor=0,0 vis=1
modes 2004,1002,1006,1004 kitty=21 sync_pairs=0
--- text
alpha
beta
gamma




















[L] build/pty-s14-notepad_open.txt 1:1
--- style
AAAAA
AAAA
AAAAA




















AAAAAAAAAAAAAAAAAAAAAAAAAAAAAAAAAAAAAA
--- legend
A fg=default bg=default attrs=----------
