# sagitta pty golden v1
size 80x24 alt=0 cursor=0,6 vis=1
modes - kitty=0 sync_pairs=0
--- text
    1 signal
    2





















 L  pty-s14-notepad_restore_segv.txt                         utf-8  lf  1:1  all
--- style
AAAAAAAAAAAA
AAAAA





















BBBCCCCCCCCCCCCCCCCCCCCCCCCCCCCCCCCCCCCCCCCCCCCCCCCCCCCCCCCCCCCCCCCCCCCCCCCCCCCC
--- legend
A fg=default bg=default attrs=----------
B fg=#ebf4ff bg=#266eba attrs=b---------
C fg=#dae5f0 bg=#14304c attrs=----------
