# sagitta pty golden v1
size 80x24 alt=1 cursor=0,5 vis=1
modes 2004,1002,1006,1004 kitty=21 sync_pairs=1
--- text
hellotail






















wrote build/pty-s14-notepad_save.txt, 2 lines
--- style
AAAAAAAAA






















AAAAAAAAAAAAAAAAAAAAAAAAAAAAAAAAAAAAAAAAAAAAA
--- legend
A fg=default bg=default attrs=----------
