# sagitta pty golden v1
size 80x24 alt=1 cursor=0,7 vis=1
modes 2004,1002,1006,1004 kitty=21 sync_pairs=1
--- text
    1 a
    2 wide
    3  
    4 last
    5


















 L  pty-s14-s17_secondary_cursors_draw_at_eol.txt        utf-8  lf  1:2  all  ×4
--- style
AAAAAAA
AAAAAABAAA
AAAAAAB
AAAAAABAAA
AAAAA


















CCCDDDDDDDDDDDDDDDDDDDDDDDDDDDDDDDDDDDDDDDDDDDDDDDDDDDDDDDDDDDDDDDDDDDDDDDDDDDDD
--- legend
A fg=default bg=default attrs=----------
B fg=#fafcff bg=#688bd6 attrs=----------
C fg=#ebf4ff bg=#266eba attrs=b---------
D fg=#dae5f0 bg=#14304c attrs=----------
