# yew pty golden v1
size 80x24 alt=1 cursor=0,7 vis=1
modes 2004,1002,1006,1004 kitty=21 sync_pairs=1
--- text
    1 Xaa
    2 Xbb
    3 Xcc
    4 Xdd
    5 Xee
    6 Xff
    7 Xgg
    8















 L  pty-s14-s17_multicursor_typing_is_simultaneous.txt *      utf-8  lf  1:2  ×7
--- style
AAAAAAAAA
AAAAAAABA
AAAAAAABA
AAAAAAABA
AAAAAAABA
AAAAAAABA
AAAAAAABA
AAAAA















CCCDDDDDDDDDDDDDDDDDDDDDDDDDDDDDDDDDDDDDDDDDDDDDDDDDDDDDDDDDDDDDDDDDDDDDDDDDDDDD
--- legend
A fg=default bg=default attrs=----------
B fg=#fafcff bg=#688bd6 attrs=----------
C fg=#ebf4ff bg=#266eba attrs=b---------
D fg=#dae5f0 bg=#14304c attrs=----------
