# sagitta pty golden v1
size 80x24 alt=1 cursor=2,6 vis=1
modes 2004,1002,1006,1004 kitty=21 sync_pairs=3
--- text
    2 bad
    1 [exit 3 in 1.24s]
    3




















 L :!printf 'bad\n'; exit 3 [exit 3 in 1.24s]                                   
--- style
AAAAAAAAA
AAAAAAAAAAAAAAAAAAAAAAA
AAAAA




















BBBCCCCCCCCCCCCCCCCCCCCCCCCCCCCCCCCCCCCCCCCCCCCCCCCCCCCCCCCCCCCCCCCCCCCCCCCCCCCC
--- legend
A fg=default bg=default attrs=----------
B fg=#ebf4ff bg=#266eba attrs=b---------
C fg=idx:214 bg=#14304c attrs=b---------
