# sagitta pty golden v1
size 80x24 alt=1 cursor=23,2 vis=1
modes 2004,1002,1006,1004 kitty=21 sync_pairs=n/a
--- text
    1 keep me
    1




















E: filter: exit 2; buffer unchanged                                             
:%!echo boom >&2; exit 2                                                        
--- style
AAAAAAAAAAAAA
AAAAA




















BBBBBBBBBBBBBBBBBBBBBBBBBBBBBBBBBBBBBBBBBBBBBBBBBBBBBBBBBBBBBBBBBBBBBBBBBBBBBBBB
CDEDDDDDDDDDDDDDDDDDDDDDFFFFFFFFFFFFFFFFFFFFFFFFFFFFFFFFFFFFFFFFFFFFFFFFFFFFFFFF
--- legend
A fg=default bg=default attrs=----------
B fg=idx:196 bg=#4e2a0f attrs=b---------
C fg=#2f1806 bg=#e77d24 attrs=b---------
D fg=#f7e0cc bg=#4e2a0f attrs=----------
E fg=#f7e0cc bg=idx:196 attrs=b--u------
F fg=#f7e0cc bg=#4e2a0f attrs=b---------
