# sagitta pty golden v1
size 80x24 alt=1 cursor=5,17 vis=1
modes 2004,1002,1006,1004 kitty=21 sync_pairs=6
--- text
    5 alpha thread one
    4 beta two
    3 gamma needle three
    2 delta four
    1 epsilon five
    6 zeta thread six
    1
















 L 2 replacements on 3 lines                                                    
--- style
AAAAAAAAAAAAAAAAAAAAAA
AAAAAAAAAAAAAA
AAAAAAAAAAAAAAAAAAAAAAAA
AAAAAAAAAAAAAAAA
AAAAAAAAAAAAAAAAAA
AAAAAAAAAAAAAAAAAAAAA
AAAAA
















BBBCCCCCCCCCCCCCCCCCCCCCCCCCCCCCCCCCCCCCCCCCCCCCCCCCCCCCCCCCCCCCCCCCCCCCCCCCCCCC
--- legend
A fg=default bg=default attrs=----------
B fg=#ebf4ff bg=#266eba attrs=b---------
C fg=#dae5f0 bg=#14304c attrs=----------
