# yew pty golden v1
size 80x24 alt=1 cursor=23,10 vis=1
modes 2004,1002,1006,1004 kitty=21 sync_pairs=3
--- text
    1 alpha needle one
    2 beta two
    3 gamma needle three
    4 delta four
    5 epsilon five
    6 zeta needle six
    7















E: unterminated character class                                                 
/needle[a-                                                                      
--- style
AAAAAAAAAAAAAAAAAAAAAA
AAAAAAAAAAAAAA
AAAAAAAAAAAAAAAAAAAAAAAA
AAAAAAAAAAAAAAAA
AAAAAAAAAAAAAAAAAA
AAAAAAAAAAAAAAAAAAAAA
AAAAA















BBBBBBBBBBBBBBBBBBBBBBBBBBBBBBBBBBBBBBBBBBBBBBBBBBBBBBBBBBBBBBBBBBBBBBBBBBBBBBBB
CDDDDDDDDDEEEEEEEEEEEEEEEEEEEEEEEEEEEEEEEEEEEEEEEEEEEEEEEEEEEEEEEEEEEEEEEEEEEEEE
--- legend
A fg=default bg=default attrs=----------
B fg=idx:196 bg=#4e2a0f attrs=b---------
C fg=#2f1806 bg=#e77d24 attrs=b---------
D fg=#f7e0cc bg=#4e2a0f attrs=----------
E fg=#f7e0cc bg=#4e2a0f attrs=b---------
