# sagitta pty golden v1
size 80x24 alt=1 cursor=0,0 vis=0
modes 2004,1002,1006,1004 kitty=21 sync_pairs=3
--- text
    1 alpha one                     │ │ │  alpha one
    1 beta two                      │ │ │  beta two
    2 gamma three                   │ │ │  gamma three
    3 delta four                    │ │ │  delta four
    4 epsilon five                  │ │ │  epsilon five
    5 zeta six                      │ │ │  zeta six
    6                               │ │ │
                                    │ │ │
                                    │ │ │
                                    │ │ │
                                    │ │ │
                                    │ │ │
                                    │ │ │
                                    │ │ │
                                    │ │ │
                                    │ │ │
                                    │ │ │
                                    │ │ │
                                    │ │ │
                                    │ │ │
                                    │ │ │
                                    │ │ │
                                    │ │ │
 L  pty-s14-s22_keyboard_resize.txt                          utf-8  lf  1:1  all
--- style
AAAAAAAAAAAAAAAAAAAAAAAAAAAAAAAAAAAABABABAAAAAAAAAAA
AAAAAAAAAAAAAAAAAAAAAAAAAAAAAAAAAAAABABABAAAAAAAAAA
AAAAAAAAAAAAAAAAAAAAAAAAAAAAAAAAAAAABABABAAAAAAAAAAAAA
AAAAAAAAAAAAAAAAAAAAAAAAAAAAAAAAAAAABABABAAAAAAAAAAAA
AAAAAAAAAAAAAAAAAAAAAAAAAAAAAAAAAAAABABABAAAAAAAAAAAAAA
AAAAAAAAAAAAAAAAAAAAAAAAAAAAAAAAAAAABABABAAAAAAAAAA
AAAAAAAAAAAAAAAAAAAAAAAAAAAAAAAAAAAABABAB
AAAAAAAAAAAAAAAAAAAAAAAAAAAAAAAAAAAABABAB
AAAAAAAAAAAAAAAAAAAAAAAAAAAAAAAAAAAABABAB
AAAAAAAAAAAAAAAAAAAAAAAAAAAAAAAAAAAABABAB
AAAAAAAAAAAAAAAAAAAAAAAAAAAAAAAAAAAABABAB
AAAAAAAAAAAAAAAAAAAAAAAAAAAAAAAAAAAABABAB
AAAAAAAAAAAAAAAAAAAAAAAAAAAAAAAAAAAABABAB
AAAAAAAAAAAAAAAAAAAAAAAAAAAAAAAAAAAABABAB
AAAAAAAAAAAAAAAAAAAAAAAAAAAAAAAAAAAABABAB
AAAAAAAAAAAAAAAAAAAAAAAAAAAAAAAAAAAABABAB
AAAAAAAAAAAAAAAAAAAAAAAAAAAAAAAAAAAABABAB
AAAAAAAAAAAAAAAAAAAAAAAAAAAAAAAAAAAABABAB
AAAAAAAAAAAAAAAAAAAAAAAAAAAAAAAAAAAABABAB
AAAAAAAAAAAAAAAAAAAAAAAAAAAAAAAAAAAABABAB
AAAAAAAAAAAAAAAAAAAAAAAAAAAAAAAAAAAABABAB
AAAAAAAAAAAAAAAAAAAAAAAAAAAAAAAAAAAABABAB
AAAAAAAAAAAAAAAAAAAAAAAAAAAAAAAAAAAABABAB
CCCDDDDDDDDDDDDDDDDDDDDDDDDDDDDDDDDDDDDDDDDDDDDDDDDDDDDDDDDDDDDDDDDDDDDDDDDDDDDD
--- legend
A fg=default bg=default attrs=----------
B fg=#e77d24 bg=default attrs=----------
C fg=#ebf4ff bg=#266eba attrs=b---------
D fg=#dae5f0 bg=#14304c attrs=----------
