# yew pty golden v1
size 80x24 alt=1 cursor=1,61 vis=1
modes 2004,1002,1006,1004 kitty=21 sync_pairs=n/a
--- text
 1 pty-s14-s22_split_ref +                                                      
    1 alpha one                         │alpha one          │alpha one          
    1 beta two                          │beta two           │beta two           
    2 gamma three                       │gamma three        │gamma three        
    3 delta four                        │delta four         │delta four         
    4 epsilon five                      │epsilon five       │epsilon five       
    5 zeta six                          │zeta six           │zeta six           
    6                                   │                   │                   
                                        │                   │                   
                                        │                   │                   
                                        │                   │                   
                                        │                   │                   
                                        │                   │                   
                                        │                   │                   
                                        │                   │                   
                                        │                   │                   
                                        │                   │                   
                                        │                   │                   
                                        │                   │                   
                                        │                   │                   
                                        │                   │                   
                                        │                   │                   
                                        │                   │                   
 L no room to split                                                             
--- style
AAAAAAAAAAAAAAAAAAAAAAAABBBCCCCCCCCCCCCCCCCCCCCCCCCCCCCCCCCCCCCCCCCCCCCCCCCCCCCC
DDDDEDFFFFFFFFFFFFFFFFFFFFFFFFFFFFFFFFFFGFFFFFFFFFFFFFFFFFFFGFFFFFFFFFFFFFFFFFFF
DDDDDDFFFFFFFFFFFFFFFFFFFFFFFFFFFFFFFFFFGFFFFFFFFFFFFFFFFFFFGFFFFFFFFFFFFFFFFFFF
DDDDDDFFFFFFFFFFFFFFFFFFFFFFFFFFFFFFFFFFGFFFFFFFFFFFFFFFFFFFGFFFFFFFFFFFFFFFFFFF
DDDDDDFFFFFFFFFFFFFFFFFFFFFFFFFFFFFFFFFFGFFFFFFFFFFFFFFFFFFFGFFFFFFFFFFFFFFFFFFF
DDDDDDFFFFFFFFFFFFFFFFFFFFFFFFFFFFFFFFFFGFFFFFFFFFFFFFFFFFFFGFFFFFFFFFFFFFFFFFFF
DDDDDDFFFFFFFFFFFFFFFFFFFFFFFFFFFFFFFFFFGFFFFFFFFFFFFFFFFFFFGFFFFFFFFFFFFFFFFFFF
DDDDDDFFFFFFFFFFFFFFFFFFFFFFFFFFFFFFFFFFGFFFFFFFFFFFFFFFFFFFGFFFFFFFFFFFFFFFFFFF
DDDDDDFFFFFFFFFFFFFFFFFFFFFFFFFFFFFFFFFFGFFFFFFFFFFFFFFFFFFFGFFFFFFFFFFFFFFFFFFF
DDDDDDFFFFFFFFFFFFFFFFFFFFFFFFFFFFFFFFFFGFFFFFFFFFFFFFFFFFFFGFFFFFFFFFFFFFFFFFFF
DDDDDDFFFFFFFFFFFFFFFFFFFFFFFFFFFFFFFFFFGFFFFFFFFFFFFFFFFFFFGFFFFFFFFFFFFFFFFFFF
DDDDDDFFFFFFFFFFFFFFFFFFFFFFFFFFFFFFFFFFGFFFFFFFFFFFFFFFFFFFGFFFFFFFFFFFFFFFFFFF
DDDDDDFFFFFFFFFFFFFFFFFFFFFFFFFFFFFFFFFFGFFFFFFFFFFFFFFFFFFFGFFFFFFFFFFFFFFFFFFF
DDDDDDFFFFFFFFFFFFFFFFFFFFFFFFFFFFFFFFFFGFFFFFFFFFFFFFFFFFFFGFFFFFFFFFFFFFFFFFFF
DDDDDDFFFFFFFFFFFFFFFFFFFFFFFFFFFFFFFFFFGFFFFFFFFFFFFFFFFFFFGFFFFFFFFFFFFFFFFFFF
DDDDDDFFFFFFFFFFFFFFFFFFFFFFFFFFFFFFFFFFGFFFFFFFFFFFFFFFFFFFGFFFFFFFFFFFFFFFFFFF
DDDDDDFFFFFFFFFFFFFFFFFFFFFFFFFFFFFFFFFFGFFFFFFFFFFFFFFFFFFFGFFFFFFFFFFFFFFFFFFF
DDDDDDFFFFFFFFFFFFFFFFFFFFFFFFFFFFFFFFFFGFFFFFFFFFFFFFFFFFFFGFFFFFFFFFFFFFFFFFFF
DDDDDDFFFFFFFFFFFFFFFFFFFFFFFFFFFFFFFFFFGFFFFFFFFFFFFFFFFFFFGFFFFFFFFFFFFFFFFFFF
DDDDDDFFFFFFFFFFFFFFFFFFFFFFFFFFFFFFFFFFGFFFFFFFFFFFFFFFFFFFGFFFFFFFFFFFFFFFFFFF
DDDDDDFFFFFFFFFFFFFFFFFFFFFFFFFFFFFFFFFFGFFFFFFFFFFFFFFFFFFFGFFFFFFFFFFFFFFFFFFF
DDDDDDFFFFFFFFFFFFFFFFFFFFFFFFFFFFFFFFFFGFFFFFFFFFFFFFFFFFFFGFFFFFFFFFFFFFFFFFFF
DDDDDDFFFFFFFFFFFFFFFFFFFFFFFFFFFFFFFFFFGFFFFFFFFFFFFFFFFFFFGFFFFFFFFFFFFFFFFFFF
HHHIIIIIIIIIIIIIIIIIIIIIIIIIIIIIIIIIIIIIIIIIIIIIIIIIIIIIIIIIIIIIIIIIIIIIIIIIIIII
--- legend
A fg=#c8ccd4 bg=#2c313a attrs=b---------
B fg=#61afef bg=#1b202a attrs=b---------
C fg=#5c6370 bg=#1b202a attrs=----------
D fg=#4b5263 bg=#12141a attrs=----------
E fg=#c8ccd4 bg=#12141a attrs=b---------
F fg=#c8ccd4 bg=#12141a attrs=----------
G fg=#e77d24 bg=default attrs=----------
H fg=#ebf4ff bg=#266eba attrs=b---------
I fg=idx:196 bg=#14304c attrs=b---------
