# sagitta pty golden v1
size 80x24 alt=1 cursor=1,6 vis=1
modes 2004,1002,1006,1004 kitty=21 sync_pairs=7
--- text
[1: pty-s14-s24_digit_ju[2: sag-pty-0.txt][3: sag-pty-1.txt]
    1 alpha
    1 beta
    2 gamma
    3


















 L tab 1 — a digit extends to 1_                                                
--- style
AAAAAAAAAAAAAAAAAAAAAAAABBBBBBBBBBBBBBBBBBBBBBBBBBBBBBBBBBBB
CCCCCCCCCCC
CCCCCCCCCC
CCCCCCCCCCC
CCCCC


















DDDEEEEEEEEEEEEEEEEEEEEEEEEEEEEEEEEEEEEEEEEEEEEEEEEEEEEEEEEEEEEEEEEEEEEEEEEEEEEE
--- legend
A fg=#787878 bg=default attrs=------r---
B fg=#787878 bg=default attrs=-d--------
C fg=default bg=default attrs=----------
D fg=#ebf4ff bg=#266eba attrs=b---------
E fg=#dae5f0 bg=#14304c attrs=----------
