# yew pty golden v1
size 80x24 alt=1 cursor=1,47 vis=1
modes 2004,1002,1006,1004 kitty=21 sync_pairs=n/a
--- text
[1: untitled][2: a.txt][3: b.txt][4: c.txt][5: d.txt][6: e.txt][7: f.txt]
    1 f.txt header                      │      f.txt header
    2 日本語 wide line                  │      日本語 wide line
    3 f.txt line 00                     │      f.txt line 00
    4 f.txt line 01                     │      f.txt line 01
    5 f.txt line 02                     │      f.txt line 02
    6 f.txt line 03                     │      f.txt line 03
    7 f.txt line 04                     │      f.txt line 04
    8 f.txt line 05                     │      f.txt line 05
    9 f.txt line 06                     │      f.txt line 06
   10 f.txt line 07                     │      f.txt line 07
   11 f.txt line 08                     │      f.txt line 08
   12 f.txt line 09                     │      f.txt line 09
   13 f.txt line 10                     │      f.txt line 10
   14 f.txt line 11                     │      f.txt line 11
   15 f.txt line 12                     │      f.txt line 12
   16 f.txt line 13                     │      f.txt line 13
   17 f.txt line 14                     │      f.txt line 14
   18 f.txt line 15                     │      f.txt line 15
   19 f.txt line 16                     │      f.txt line 16
   20 f.txt line 17                     │      f.txt line 17
   21 f.txt line 18                     │      f.txt line 18
   22 f.txt line 19                     │      f.txt line 19
 L  f.txt                                                    utf-8  lf  1:1  top
--- style
AAAAAAAAAAAAABBBBBBBBBBBBBBBBBBBBBBBBBBBBBBBBBBBBBBBBBBBBBBBBBBCCCCCCCCCC
AAAAAAAAAAAAAAAAAAAAAAAAAAAAAAAAAAAAAAAADAAAAAAAAAAAAAAAAAA
AAAAAAAAAAAAAAAAAAAAAAAAAAAAAAAAAAAAAAAADAAAAAAAAAAAAAAAAAAAAAA
AAAAAAAAAAAAAAAAAAAAAAAAAAAAAAAAAAAAAAAADAAAAAAAAAAAAAAAAAAA
AAAAAAAAAAAAAAAAAAAAAAAAAAAAAAAAAAAAAAAADAAAAAAAAAAAAAAAAAAA
AAAAAAAAAAAAAAAAAAAAAAAAAAAAAAAAAAAAAAAADAAAAAAAAAAAAAAAAAAA
AAAAAAAAAAAAAAAAAAAAAAAAAAAAAAAAAAAAAAAADAAAAAAAAAAAAAAAAAAA
AAAAAAAAAAAAAAAAAAAAAAAAAAAAAAAAAAAAAAAADAAAAAAAAAAAAAAAAAAA
AAAAAAAAAAAAAAAAAAAAAAAAAAAAAAAAAAAAAAAADAAAAAAAAAAAAAAAAAAA
AAAAAAAAAAAAAAAAAAAAAAAAAAAAAAAAAAAAAAAADAAAAAAAAAAAAAAAAAAA
AAAAAAAAAAAAAAAAAAAAAAAAAAAAAAAAAAAAAAAADAAAAAAAAAAAAAAAAAAA
AAAAAAAAAAAAAAAAAAAAAAAAAAAAAAAAAAAAAAAADAAAAAAAAAAAAAAAAAAA
AAAAAAAAAAAAAAAAAAAAAAAAAAAAAAAAAAAAAAAADAAAAAAAAAAAAAAAAAAA
AAAAAAAAAAAAAAAAAAAAAAAAAAAAAAAAAAAAAAAADAAAAAAAAAAAAAAAAAAA
AAAAAAAAAAAAAAAAAAAAAAAAAAAAAAAAAAAAAAAADAAAAAAAAAAAAAAAAAAA
AAAAAAAAAAAAAAAAAAAAAAAAAAAAAAAAAAAAAAAADAAAAAAAAAAAAAAAAAAA
AAAAAAAAAAAAAAAAAAAAAAAAAAAAAAAAAAAAAAAADAAAAAAAAAAAAAAAAAAA
AAAAAAAAAAAAAAAAAAAAAAAAAAAAAAAAAAAAAAAADAAAAAAAAAAAAAAAAAAA
AAAAAAAAAAAAAAAAAAAAAAAAAAAAAAAAAAAAAAAADAAAAAAAAAAAAAAAAAAA
AAAAAAAAAAAAAAAAAAAAAAAAAAAAAAAAAAAAAAAADAAAAAAAAAAAAAAAAAAA
AAAAAAAAAAAAAAAAAAAAAAAAAAAAAAAAAAAAAAAADAAAAAAAAAAAAAAAAAAA
AAAAAAAAAAAAAAAAAAAAAAAAAAAAAAAAAAAAAAAADAAAAAAAAAAAAAAAAAAA
AAAAAAAAAAAAAAAAAAAAAAAAAAAAAAAAAAAAAAAADAAAAAAAAAAAAAAAAAAA
EEEFFFFFFFFFFFFFFFFFFFFFFFFFFFFFFFFFFFFFFFFFFFFFFFFFFFFFFFFFFFFFFFFFFFFFFFFFFFFF
--- legend
A fg=default bg=default attrs=----------
B fg=#787878 bg=default attrs=-d--------
C fg=#787878 bg=default attrs=------r---
D fg=#e77d24 bg=default attrs=----------
E fg=#ebf4ff bg=#266eba attrs=b---------
F fg=#dae5f0 bg=#14304c attrs=----------
