# sagitta pty golden v1
size 80x24 alt=1 cursor=2,6 vis=1
modes 2004,1002,1006,1004 kitty=21 sync_pairs=12
--- text
[sag-s24-grp/ (3)][1: pty-s14-s27_dwell_op
 one.txt three.txt two.txt
    1 alpha beta gamma
    2 delta epsilon
    3 zeta eta theta iota
    4 kappa
    5
















 L  pty-s14-s27_dwell_opens_member_strip.txt                 utf-8  lf  1:1  all
--- style
AAAAAAAAAAAAAAAAAABBBBBBBBBBBBBBBBBBBBBBBB
CCCCCCCCCCCCCCCCCCCCCCCCCC
AAAAAAAAAAAAAAAAAAAAAA
AAAAAAAAAAAAAAAAAAA
AAAAAAAAAAAAAAAAAAAAAAAAA
AAAAAAAAAAA
AAAAA
















DDDEEEEEEEEEEEEEEEEEEEEEEEEEEEEEEEEEEEEEEEEEEEEEEEEEEEEEEEEEEEEEEEEEEEEEEEEEEEEE
--- legend
A fg=default bg=default attrs=----------
B fg=#787878 bg=default attrs=------r---
C fg=#787878 bg=default attrs=-d--------
D fg=#ebf4ff bg=#266eba attrs=b---------
E fg=#dae5f0 bg=#14304c attrs=----------
