# yew pty golden v1
size 80x24 alt=1 cursor=1,7 vis=1
modes 2004,1002,1006,1004 kitty=21 sync_pairs=12
--- text
[1: pty-s14-s38_macro_ed[2: pty-s14-s38_macro_ed
    1 Ybase
    2




















 L  tmp/yew/build/pty-s14-s38_macro_edit_flow.txt *          utf-8  lf  1:2  all
--- style
AAAAAAAAAAAAAAAAAAAAAAAABBBBBBBBBBBBBBBBBBBBBBBB
CCCCCCCCCCC
CCCCC




















DDDEEEEEEEEEEEEEEEEEEEEEEEEEEEEEEEEEEEEEEEEEEEEEEEEEEEEEEEEEEEEEEEEEEEEEEEEEEEEE
--- legend
A fg=#787878 bg=default attrs=-d--------
B fg=default bg=default attrs=------r---
C fg=default bg=default attrs=----------
D fg=#ebf4ff bg=#266eba attrs=b---------
E fg=#dae5f0 bg=#14304c attrs=----------
