# yew pty golden v1
size 80x24 alt=1 cursor=0,7 vis=1
modes 2004,1002,1006,1004 kitty=21 sync_pairs=1
--- text
     1 ifeq ($(MODE_0),debug)                                                   
     2 CFLAGS_1 += -g                                                           
     3 endif                                                                    
     4 define emit_3                                                            
     5     @printf "%s\n" "$@ $< $^"                                            
     6 endef                                                                    
     7 target_6: dep_6                                                          
     8     $(CC) $(CFLAGS) -o target_7 dep_7                                    
     9 ifeq ($(MODE_8),debug)                                                   
    10 CFLAGS_9 += -g                                                           
    11 endif                                                                    
    12 define emit_11                                                           
    13     @printf "%s\n" "$@ $< $^"                                            
    14 endef                                                                    
    15 target_14: dep_14                                                        
    16     $(CC) $(CFLAGS) -o target_15 dep_15                                  
    17 ifeq ($(MODE_16),debug)                                                  
    18 CFLAGS_17 += -g                                                          
    19 endif                                                                    
    20 define emit_19                                                           
    21     @printf "%s\n" "$@ $< $^"                                            
    22 endef                                                                    
    23 target_22: dep_22                                                        
 L  mk_kitchen.mk                                            utf-8  lf  1:1  top
--- style
AAAAABACCCCDDDDDDDDDDDDDDDDDDDDDDDDDDDDDDDDDDDDDDDDDDDDDDDDDDDDDDDDDDDDDDDDDDDDD
AAAAAAADDDDDDDDDEEDDDDDDDDDDDDDDDDDDDDDDDDDDDDDDDDDDDDDDDDDDDDDDDDDDDDDDDDDDDDDD
AAAAAAACCCCCDDDDDDDDDDDDDDDDDDDDDDDDDDDDDDDDDDDDDDDDDDDDDDDDDDDDDDDDDDDDDDDDDDDD
AAAAAAAFFFFFFDDDDDDDDDDDDDDDDDDDDDDDDDDDDDDDDDDDDDDDDDDDDDDDDDDDDDDDDDDDDDDDDDDD
AAAAAAAGGGGGGGGGGGGGGGGGGGGHHGHHGHHGGGGGGGGGGGGGDDDDDDDDDDDDDDDDDDDDDDDDDDDDDDDD
AAAAAAAFFFFFDDDDDDDDDDDDDDDDDDDDDDDDDDDDDDDDDDDDDDDDDDDDDDDDDDDDDDDDDDDDDDDDDDDD
AAAAAAAIIIIIIIIEDDDDDDDDDDDDDDDDDDDDDDDDDDDDDDDDDDDDDDDDDDDDDDDDDDDDDDDDDDDDDDDD
AAAAAAAJJJJDDDDDDDDDDDDDDDDDDDDDDDDDDDDDDDDDDDDDDDDDDDDDDDDDDDDDDDDDDDDDDDDDDDDD
AAAAAAACCCCDDDDDDDDDDDDDDDDDDDDDDDDDDDDDDDDDDDDDDDDDDDDDDDDDDDDDDDDDDDDDDDDDDDDD
AAAAAAADDDDDDDDDEEDDDDDDDDDDDDDDDDDDDDDDDDDDDDDDDDDDDDDDDDDDDDDDDDDDDDDDDDDDDDDD
AAAAAAACCCCCDDDDDDDDDDDDDDDDDDDDDDDDDDDDDDDDDDDDDDDDDDDDDDDDDDDDDDDDDDDDDDDDDDDD
AAAAAAAFFFFFFDDDDDDDDDDDDDDDDDDDDDDDDDDDDDDDDDDDDDDDDDDDDDDDDDDDDDDDDDDDDDDDDDDD
AAAAAAAGGGGGGGGGGGGGGGGGGGGHHGHHGHHGGGGGGGGGGGGGDDDDDDDDDDDDDDDDDDDDDDDDDDDDDDDD
AAAAAAAFFFFFDDDDDDDDDDDDDDDDDDDDDDDDDDDDDDDDDDDDDDDDDDDDDDDDDDDDDDDDDDDDDDDDDDDD
AAAAAAAIIIIIIIIIEDDDDDDDDDDDDDDDDDDDDDDDDDDDDDDDDDDDDDDDDDDDDDDDDDDDDDDDDDDDDDDD
AAAAAAAJJJJDDDDDDDDDDDDDDDDDDDDDDDDDDDDDDDDDDDDDDDDDDDDDDDDDDDDDDDDDDDDDDDDDDDDD
AAAAAAACCCCDDDDDDDDDDDDDDDDDDDDDDDDDDDDDDDDDDDDDDDDDDDDDDDDDDDDDDDDDDDDDDDDDDDDD
AAAAAAADDDDDDDDDDEEDDDDDDDDDDDDDDDDDDDDDDDDDDDDDDDDDDDDDDDDDDDDDDDDDDDDDDDDDDDDD
AAAAAAACCCCCDDDDDDDDDDDDDDDDDDDDDDDDDDDDDDDDDDDDDDDDDDDDDDDDDDDDDDDDDDDDDDDDDDDD
AAAAAAAFFFFFFDDDDDDDDDDDDDDDDDDDDDDDDDDDDDDDDDDDDDDDDDDDDDDDDDDDDDDDDDDDDDDDDDDD
AAAAAAAGGGGGGGGGGGGGGGGGGGGHHGHHGHHGGGGGGGGGGGGGDDDDDDDDDDDDDDDDDDDDDDDDDDDDDDDD
AAAAAAAFFFFFDDDDDDDDDDDDDDDDDDDDDDDDDDDDDDDDDDDDDDDDDDDDDDDDDDDDDDDDDDDDDDDDDDDD
AAAAAAAIIIIIIIIIEDDDDDDDDDDDDDDDDDDDDDDDDDDDDDDDDDDDDDDDDDDDDDDDDDDDDDDDDDDDDDDD
KKKDDDDDDDDDDDDDDDDDDDDDDDDDDDDDDDDDDDDDDDDDDDDDDDDDDDDDDDDDDDDDDDDDDDDDDDDDDDDD
--- legend
A fg=idx:8 bg=idx:15 attrs=----------
B fg=idx:0 bg=idx:15 attrs=b---------
C fg=idx:9 bg=idx:15 attrs=b---------
D fg=idx:0 bg=idx:15 attrs=----------
E fg=idx:6 bg=idx:15 attrs=----------
F fg=idx:9 bg=idx:15 attrs=----------
G fg=idx:4 bg=idx:15 attrs=--i-------
H fg=idx:9 bg=idx:15 attrs=--i-------
I fg=idx:5 bg=idx:15 attrs=----------
J fg=idx:7 bg=idx:15 attrs=----------
K fg=idx:15 bg=idx:6 attrs=----------
--- sgr
\x1b[0;90;107m
\x1b[1;30m
\x1b[22;90m
\x1b[1;91m
\x1b[22;30m
\x1b[90m
\x1b[30m
\x1b[36m
\x1b[30m
\x1b[90m
\x1b[1;91m
\x1b[22;30m
\x1b[90m
\x1b[91m
\x1b[30m
\x1b[90m
\x1b[37m
\x1b[36m
\x1b[30m
\x1b[34m
\x1b[36m
\x1b[34m
\x1b[30m
\x1b[34m
\x1b[3;91m
\x1b[23;34m
\x1b[3;91m
\x1b[23;34m
\x1b[3;91m
\x1b[23;34m
\x1b[30m
\x1b[90m
\x1b[91m
\x1b[30m
\x1b[90m
\x1b[35m
\x1b[36m
\x1b[30m
\x1b[90m
\x1b[37m
\x1b[30m
\x1b[90m
\x1b[1;91m
\x1b[22;30m
\x1b[90m
\x1b[30m
\x1b[36m
\x1b[30m
\x1b[90m
\x1b[1;91m
\x1b[22;30m
\x1b[90m
\x1b[91m
\x1b[30m
\x1b[90m
\x1b[37m
\x1b[36m
\x1b[30m
\x1b[34m
\x1b[36m
\x1b[34m
\x1b[30m
\x1b[34m
\x1b[3;91m
\x1b[23;34m
\x1b[3;91m
\x1b[23;34m
\x1b[3;91m
\x1b[23;34m
\x1b[30m
\x1b[90m
\x1b[91m
\x1b[30m
\x1b[90m
\x1b[35m
\x1b[36m
\x1b[30m
\x1b[90m
\x1b[37m
\x1b[30m
\x1b[90m
\x1b[1;91m
\x1b[22;30m
\x1b[90m
\x1b[30m
\x1b[36m
\x1b[30m
\x1b[90m
\x1b[1;91m
\x1b[22;30m
\x1b[90m
\x1b[91m
\x1b[30m
\x1b[90m
\x1b[37m
\x1b[36m
\x1b[30m
\x1b[34m
\x1b[36m
\x1b[34m
\x1b[30m
\x1b[34m
\x1b[3;91m
\x1b[23;34m
\x1b[3;91m
\x1b[23;34m
\x1b[3;91m
\x1b[23;34m
\x1b[30m
\x1b[90m
\x1b[91m
\x1b[30m
\x1b[90m
\x1b[35m
\x1b[36m
\x1b[30m
\x1b[97;46m
\x1b[30;107m
\x1b[0;3;34;107m
