# yew pty golden v1
size 80x24 alt=1 cursor=0,7 vis=1
modes 2004,1002,1006,1004 kitty=21 sync_pairs=0
--- text
     1 static int fn_00000(int x) { re                                          
     1 #define VALUE_00001(x) ((x) + 1                                          
     2 const char *s_00002 = "escape\n                                          
     3 if (value_00003) return 0; // n                                          
     4 struct item_00004 { int value;                                           
     5 static int fn_00005(int x) { re                                          
     6 #define VALUE_00006(x) ((x) + 1                                          
     7 const char *s_00007 = "escape\n                                          
     8 if (value_00008) return 0; // n                                          
     9 struct item_00009 { int value;                                           
    10 static int fn_00010(int x) { re                                          
    11 #define VALUE_00011(x) ((x) + 1                                          
    12 const char *s_00012 = "escape\n                                          
    13 if (value_00013) return 0; // n                                          
    14 struct item_00014 { int value;                                           
    15 static int fn_00015(int x) { re                                          
    16 #define VALUE_00016(x) ((x) + 1                                          
    17 const char *s_00017 = "escape\n                                          
    18 if (value_00018) return 0; // n                                          
    19 struct item_00019 { int value;                                           
    20 static int fn_00020(int x) { re                                          
    21 #define VALUE_00021(x) ((x) + 1                                          
    22 const char *s_00022 = "escape\n                                          
 L  c_kitchen.c                                              utf-8  lf  1:1  top
--- style
AAAAABACCCCCCDEEEDFFFFFFFFGEEEDDGDGDDDDDDDDDDDDDDDDDDDDDDDDDDDDDDDDDDDDDDDDDDDDD
AAAAAAAHHHHHHHHHHHHHHHHHHHHHHHHHHHHHHIDDDDDDDDDDDDDDDDDDDDDDDDDDDDDDDDDDDDDDDDDD
AAAAAAACCCCCDEEEEDIDDDDDDDDIDJJJJJJJKKDDDDDDDDDDDDDDDDDDDDDDDDDDDDDDDDDDDDDDDDDD
AAAAAAALLDGDDDDDDDDDDDGDLLLLLLDIGDMMMMDDDDDDDDDDDDDDDDDDDDDDDDDDDDDDDDDDDDDDDDDD
AAAAAAACCCCCCCNNNNNNNNNNDGDEEEDDDDDDGDDDDDDDDDDDDDDDDDDDDDDDDDDDDDDDDDDDDDDDDDDD
AAAAAAACCCCCCDEEEDFFFFFFFFGEEEDDGDGDDDDDDDDDDDDDDDDDDDDDDDDDDDDDDDDDDDDDDDDDDDDD
AAAAAAAHHHHHHHHHHHHHHHHHHHHHHHHHHHHHHIDDDDDDDDDDDDDDDDDDDDDDDDDDDDDDDDDDDDDDDDDD
AAAAAAACCCCCDEEEEDIDDDDDDDDIDJJJJJJJKKDDDDDDDDDDDDDDDDDDDDDDDDDDDDDDDDDDDDDDDDDD
AAAAAAALLDGDDDDDDDDDDDGDLLLLLLDIGDMMMMDDDDDDDDDDDDDDDDDDDDDDDDDDDDDDDDDDDDDDDDDD
AAAAAAACCCCCCCNNNNNNNNNNDGDEEEDDDDDDGDDDDDDDDDDDDDDDDDDDDDDDDDDDDDDDDDDDDDDDDDDD
AAAAAAACCCCCCDEEEDFFFFFFFFGEEEDDGDGDDDDDDDDDDDDDDDDDDDDDDDDDDDDDDDDDDDDDDDDDDDDD
AAAAAAAHHHHHHHHHHHHHHHHHHHHHHHHHHHHHHIDDDDDDDDDDDDDDDDDDDDDDDDDDDDDDDDDDDDDDDDDD
AAAAAAACCCCCDEEEEDIDDDDDDDDIDJJJJJJJKKDDDDDDDDDDDDDDDDDDDDDDDDDDDDDDDDDDDDDDDDDD
AAAAAAALLDGDDDDDDDDDDDGDLLLLLLDIGDMMMMDDDDDDDDDDDDDDDDDDDDDDDDDDDDDDDDDDDDDDDDDD
AAAAAAACCCCCCCNNNNNNNNNNDGDEEEDDDDDDGDDDDDDDDDDDDDDDDDDDDDDDDDDDDDDDDDDDDDDDDDDD
AAAAAAACCCCCCDEEEDFFFFFFFFGEEEDDGDGDDDDDDDDDDDDDDDDDDDDDDDDDDDDDDDDDDDDDDDDDDDDD
AAAAAAAHHHHHHHHHHHHHHHHHHHHHHHHHHHHHHIDDDDDDDDDDDDDDDDDDDDDDDDDDDDDDDDDDDDDDDDDD
AAAAAAACCCCCDEEEEDIDDDDDDDDIDJJJJJJJKKDDDDDDDDDDDDDDDDDDDDDDDDDDDDDDDDDDDDDDDDDD
AAAAAAALLDGDDDDDDDDDDDGDLLLLLLDIGDMMMMDDDDDDDDDDDDDDDDDDDDDDDDDDDDDDDDDDDDDDDDDD
AAAAAAACCCCCCCNNNNNNNNNNDGDEEEDDDDDDGDDDDDDDDDDDDDDDDDDDDDDDDDDDDDDDDDDDDDDDDDDD
AAAAAAACCCCCCDEEEDFFFFFFFFGEEEDDGDGDDDDDDDDDDDDDDDDDDDDDDDDDDDDDDDDDDDDDDDDDDDDD
AAAAAAAHHHHHHHHHHHHHHHHHHHHHHHHHHHHHHIDDDDDDDDDDDDDDDDDDDDDDDDDDDDDDDDDDDDDDDDDD
AAAAAAACCCCCDEEEEDIDDDDDDDDIDJJJJJJJKKDDDDDDDDDDDDDDDDDDDDDDDDDDDDDDDDDDDDDDDDDD
OOODDDDDDDDDDDDDDDDDDDDDDDDDDDDDDDDDDDDDDDDDDDDDDDDDDDDDDDDDDDDDDDDDDDDDDDDDDDDD
--- legend
A fg=idx:246 bg=idx:231 attrs=----------
B fg=idx:235 bg=idx:231 attrs=b---------
C fg=idx:160 bg=idx:231 attrs=--i-------
D fg=idx:235 bg=idx:231 attrs=----------
E fg=idx:94 bg=idx:231 attrs=--i-------
F fg=idx:98 bg=idx:231 attrs=----------
G fg=idx:241 bg=idx:231 attrs=----------
H fg=idx:160 bg=idx:231 attrs=----------
I fg=idx:25 bg=idx:231 attrs=----------
J fg=idx:23 bg=idx:231 attrs=----------
K fg=idx:30 bg=idx:231 attrs=----------
L fg=idx:160 bg=idx:231 attrs=b---------
M fg=idx:243 bg=idx:231 attrs=--i-------
N fg=idx:94 bg=idx:231 attrs=----------
O fg=idx:231 bg=idx:25 attrs=----------
--- sgr
\x1b[0;38;5;246;48;5;231m
\x1b[1;38;5;235m
\x1b[22;38;5;246m
\x1b[3;38;5;160m
\x1b[23;38;5;235m
\x1b[3;38;5;94m
\x1b[23;38;5;235m
\x1b[38;5;98m
\x1b[38;5;241m
\x1b[3;38;5;94m
\x1b[23;38;5;235m
\x1b[38;5;241m
\x1b[38;5;235m
\x1b[38;5;241m
\x1b[38;5;235m
\x1b[38;5;246m
\x1b[38;5;160m
\x1b[38;5;25m
\x1b[38;5;235m
\x1b[38;5;246m
\x1b[3;38;5;160m
\x1b[23;38;5;235m
\x1b[3;38;5;94m
\x1b[23;38;5;235m
\x1b[38;5;25m
\x1b[38;5;235m
\x1b[38;5;25m
\x1b[38;5;235m
\x1b[38;5;23m
\x1b[38;5;30m
\x1b[38;5;235m
\x1b[38;5;246m
\x1b[1;38;5;160m
\x1b[22;38;5;235m
\x1b[38;5;241m
\x1b[38;5;235m
\x1b[38;5;241m
\x1b[38;5;235m
\x1b[1;38;5;160m
\x1b[22;38;5;235m
\x1b[38;5;25m
\x1b[38;5;241m
\x1b[38;5;235m
\x1b[3;38;5;243m
\x1b[23;38;5;235m
\x1b[38;5;246m
\x1b[3;38;5;160m
\x1b[23;38;5;94m
\x1b[38;5;235m
\x1b[38;5;241m
\x1b[38;5;235m
\x1b[3;38;5;94m
\x1b[23;38;5;235m
\x1b[38;5;241m
\x1b[38;5;235m
\x1b[38;5;246m
\x1b[3;38;5;160m
\x1b[23;38;5;235m
\x1b[3;38;5;94m
\x1b[23;38;5;235m
\x1b[38;5;98m
\x1b[38;5;241m
\x1b[3;38;5;94m
\x1b[23;38;5;235m
\x1b[38;5;241m
\x1b[38;5;235m
\x1b[38;5;241m
\x1b[38;5;235m
\x1b[38;5;246m
\x1b[38;5;160m
\x1b[38;5;25m
\x1b[38;5;235m
\x1b[38;5;246m
\x1b[3;38;5;160m
\x1b[23;38;5;235m
\x1b[3;38;5;94m
\x1b[23;38;5;235m
\x1b[38;5;25m
\x1b[38;5;235m
\x1b[38;5;25m
\x1b[38;5;235m
\x1b[38;5;23m
\x1b[38;5;30m
\x1b[38;5;235m
\x1b[38;5;246m
\x1b[1;38;5;160m
\x1b[22;38;5;235m
\x1b[38;5;241m
\x1b[38;5;235m
\x1b[38;5;241m
\x1b[38;5;235m
\x1b[1;38;5;160m
\x1b[22;38;5;235m
\x1b[38;5;25m
\x1b[38;5;241m
\x1b[38;5;235m
\x1b[3;38;5;243m
\x1b[23;38;5;235m
\x1b[38;5;246m
\x1b[3;38;5;160m
\x1b[23;38;5;94m
\x1b[38;5;235m
\x1b[38;5;241m
\x1b[38;5;235m
\x1b[3;38;5;94m
\x1b[23;38;5;235m
\x1b[38;5;241m
\x1b[38;5;235m
\x1b[38;5;246m
\x1b[3;38;5;160m
\x1b[23;38;5;235m
\x1b[3;38;5;94m
\x1b[23;38;5;235m
\x1b[38;5;98m
\x1b[38;5;241m
\x1b[3;38;5;94m
\x1b[23;38;5;235m
\x1b[38;5;241m
\x1b[38;5;235m
\x1b[38;5;241m
\x1b[38;5;235m
\x1b[38;5;246m
\x1b[38;5;160m
\x1b[38;5;25m
\x1b[38;5;235m
\x1b[38;5;246m
\x1b[3;38;5;160m
\x1b[23;38;5;235m
\x1b[3;38;5;94m
\x1b[23;38;5;235m
\x1b[38;5;25m
\x1b[38;5;235m
\x1b[38;5;25m
\x1b[38;5;235m
\x1b[38;5;23m
\x1b[38;5;30m
\x1b[38;5;235m
\x1b[38;5;246m
\x1b[1;38;5;160m
\x1b[22;38;5;235m
\x1b[38;5;241m
\x1b[38;5;235m
\x1b[38;5;241m
\x1b[38;5;235m
\x1b[1;38;5;160m
\x1b[22;38;5;235m
\x1b[38;5;25m
\x1b[38;5;241m
\x1b[38;5;235m
\x1b[3;38;5;243m
\x1b[23;38;5;235m
\x1b[38;5;246m
\x1b[3;38;5;160m
\x1b[23;38;5;94m
\x1b[38;5;235m
\x1b[38;5;241m
\x1b[38;5;235m
\x1b[3;38;5;94m
\x1b[23;38;5;235m
\x1b[38;5;241m
\x1b[38;5;235m
\x1b[38;5;246m
\x1b[3;38;5;160m
\x1b[23;38;5;235m
\x1b[3;38;5;94m
\x1b[23;38;5;235m
\x1b[38;5;98m
\x1b[38;5;241m
\x1b[3;38;5;94m
\x1b[23;38;5;235m
\x1b[38;5;241m
\x1b[38;5;235m
\x1b[38;5;241m
\x1b[38;5;235m
\x1b[38;5;246m
\x1b[38;5;160m
\x1b[38;5;25m
\x1b[38;5;235m
\x1b[38;5;246m
\x1b[3;38;5;160m
\x1b[23;38;5;235m
\x1b[3;38;5;94m
\x1b[23;38;5;235m
\x1b[38;5;25m
\x1b[38;5;235m
\x1b[38;5;25m
\x1b[38;5;235m
\x1b[38;5;23m
\x1b[38;5;30m
\x1b[38;5;235m
\x1b[38;5;246m
\x1b[1;38;5;160m
\x1b[22;38;5;235m
\x1b[38;5;241m
\x1b[38;5;235m
\x1b[38;5;241m
\x1b[38;5;235m
\x1b[1;38;5;160m
\x1b[22;38;5;235m
\x1b[38;5;25m
\x1b[38;5;241m
\x1b[38;5;235m
\x1b[3;38;5;243m
\x1b[23;38;5;235m
\x1b[38;5;246m
\x1b[3;38;5;160m
\x1b[23;38;5;94m
\x1b[38;5;235m
\x1b[38;5;241m
\x1b[38;5;235m
\x1b[3;38;5;94m
\x1b[23;38;5;235m
\x1b[38;5;241m
\x1b[38;5;235m
\x1b[38;5;246m
\x1b[3;38;5;160m
\x1b[23;38;5;235m
\x1b[3;38;5;94m
\x1b[23;38;5;235m
\x1b[38;5;98m
\x1b[38;5;241m
\x1b[3;38;5;94m
\x1b[23;38;5;235m
\x1b[38;5;241m
\x1b[38;5;235m
\x1b[38;5;241m
\x1b[38;5;235m
\x1b[38;5;246m
\x1b[38;5;160m
\x1b[38;5;25m
\x1b[38;5;235m
\x1b[38;5;246m
\x1b[3;38;5;160m
\x1b[23;38;5;235m
\x1b[3;38;5;94m
\x1b[23;38;5;235m
\x1b[38;5;25m
\x1b[38;5;235m
\x1b[38;5;25m
\x1b[38;5;235m
\x1b[38;5;23m
\x1b[38;5;30m
\x1b[38;5;235m
\x1b[38;5;231;48;5;25m
\x1b[38;5;235;48;5;231m
