# yew pty golden v1
size 80x24 alt=1 cursor=0,7 vis=1
modes 2004,1002,1006,1004 kitty=21 sync_pairs=n/a
--- text
     1 cat <<'EOF' cat <<'EOF' cat <<'                                          
     1 $HOME `nested $(echo x)` $HOME                                           
     2 EOF EOF EOF EOF EOF EOF EOF EOF                                          
     3 cat <<"EOF" cat <<"EOF" cat <<"                                          
     4 $HOME `nested $(echo x)` $HOME                                           
     5 EOF EOF EOF EOF EOF EOF EOF EOF                                          
     6 cat <<-EOF cat <<-EOF cat <<-EO                                          
     7 $HOME `nested $(echo x)` $HOME                                           
     8     EOF     EOF     EOF     EOF     EOF     EOF                          
     9 cat <<EOF cat <<EOF cat <<EOF c                                          
    10 $HOME `nested $(echo x)` $HOME                                           
    11 EOF EOF EOF EOF EOF EOF EOF EOF                                          
    12 cat <<'EOF' cat <<'EOF' cat <<'                                          
    13 $HOME `nested $(echo x)` $HOME                                           
    14 EOF EOF EOF EOF EOF EOF EOF EOF                                          
    15 cat <<"EOF" cat <<"EOF" cat <<"                                          
    16 $HOME `nested $(echo x)` $HOME                                           
    17 EOF EOF EOF EOF EOF EOF EOF EOF                                          
    18 cat <<-EOF cat <<-EOF cat <<-EO                                          
    19 $HOME `nested $(echo x)` $HOME                                           
    20     EOF     EOF     EOF     EOF     EOF     EOF                          
    21 cat <<EOF cat <<EOF cat <<EOF c                                          
    22 $HOME `nested $(echo x)` $HOME                                           
 L  sh_kitchen.sh                                            utf-8  lf  1:1  top
--- style
AAAAABACCCDEEEFFFEDCCCDEEFFFFFDCCCDEEFDDDDDDDDDDDDDDDDDDDDDDDDDDDDDDDDDDDDDDDDDD
AAAAAAAFFFFFFFFFFFFFFFFFFFFFFFFFFFFFFFDDDDDDDDDDDDDDDDDDDDDDDDDDDDDDDDDDDDDDDDDD
AAAAAAAFFFFFFFFFFFFFFFFFFFFFFFFFFFFFFFDDDDDDDDDDDDDDDDDDDDDDDDDDDDDDDDDDDDDDDDDD
AAAAAAAFFFFFFFFFFFFFFFFFFFFFFFFFFFFFFFDDDDDDDDDDDDDDDDDDDDDDDDDDDDDDDDDDDDDDDDDD
AAAAAAAFFFFFFFFFFFFFFFFFFFFFFFFFFFFFFFDDDDDDDDDDDDDDDDDDDDDDDDDDDDDDDDDDDDDDDDDD
AAAAAAAFFFFFFFFFFFFFFFFFFFFFFFFFFFFFFFDDDDDDDDDDDDDDDDDDDDDDDDDDDDDDDDDDDDDDDDDD
AAAAAAAFFFFFFFFFFFFFFFFFFFFFFFFFFFFFFFDDDDDDDDDDDDDDDDDDDDDDDDDDDDDDDDDDDDDDDDDD
AAAAAAAFFFFFFFFFFFFFFFFFFFFFFFFFFFFFFFDDDDDDDDDDDDDDDDDDDDDDDDDDDDDDDDDDDDDDDDDD
AAAAAAAFFFFFFFFFFFFFFFFFFFFFFFFFFFFFFFFFFFFFFFFFFFFFFFFFFFFDDDDDDDDDDDDDDDDDDDDD
AAAAAAAFFFFFFFFFFFFFFFFFFFFFFFFFFFFFFFDDDDDDDDDDDDDDDDDDDDDDDDDDDDDDDDDDDDDDDDDD
AAAAAAAFFFFFFFFFFFFFFFFFFFFFFFFFFFFFFFDDDDDDDDDDDDDDDDDDDDDDDDDDDDDDDDDDDDDDDDDD
AAAAAAAFFFFFFFFFFFFFFFFFFFFFFFFFFFFFFFDDDDDDDDDDDDDDDDDDDDDDDDDDDDDDDDDDDDDDDDDD
AAAAAAAFFFFFFFDDDFFFFFFFFFDDDFFFFFFFFFDDDDDDDDDDDDDDDDDDDDDDDDDDDDDDDDDDDDDDDDDD
AAAAAAAGGGGGGGGGGGGGGGGGGGGGGGGGGGGGGGDDDDDDDDDDDDDDDDDDDDDDDDDDDDDDDDDDDDDDDDDD
AAAAAAAGGGGGGGGGGGGGGGGGGGGGGGGGGGGGGGDDDDDDDDDDDDDDDDDDDDDDDDDDDDDDDDDDDDDDDDDD
AAAAAAAGGGGGGGGGGGGGGGGGGGGGGGGGGGGGGGDDDDDDDDDDDDDDDDDDDDDDDDDDDDDDDDDDDDDDDDDD
AAAAAAAGGGGGGGGGGGGGGGGGGGGGGGGGGGGGGGDDDDDDDDDDDDDDDDDDDDDDDDDDDDDDDDDDDDDDDDDD
AAAAAAAGGGGGGGGGGGGGGGGGGGGGGGGGGGGGGGDDDDDDDDDDDDDDDDDDDDDDDDDDDDDDDDDDDDDDDDDD
AAAAAAAGGGGGGGGGGGGGGGGGGGGGGGGGGGGGGGDDDDDDDDDDDDDDDDDDDDDDDDDDDDDDDDDDDDDDDDDD
AAAAAAAGGGGGGGGGGGGGGGGGGGGGGGGGGGGGGGDDDDDDDDDDDDDDDDDDDDDDDDDDDDDDDDDDDDDDDDDD
AAAAAAAGGGGGGGGGGGGGGGGGGGGGGGGGGGGGGGGGGGGGGGGGGGGGGGGGGGGDDDDDDDDDDDDDDDDDDDDD
AAAAAAAGGGGGGGGGGGGGGGGGGGGGGGGGGGGGGGDDDDDDDDDDDDDDDDDDDDDDDDDDDDDDDDDDDDDDDDDD
AAAAAAAGGGGGGGGGGGGGGGGGGGGGGGGGGGGGGGDDDDDDDDDDDDDDDDDDDDDDDDDDDDDDDDDDDDDDDDDD
HHHDDDDDDDDDDDDDDDDDDDDDDDDDDDDDDDDDDDDDDDDDDDDDDDDDDDDDDDDDDDDDDDDDDDDDDDDDDDDD
--- legend
A fg=idx:246 bg=idx:231 attrs=----------
B fg=idx:235 bg=idx:231 attrs=b---------
C fg=idx:98 bg=idx:231 attrs=--i-------
D fg=idx:235 bg=idx:231 attrs=----------
E fg=idx:25 bg=idx:231 attrs=----------
F fg=idx:23 bg=idx:231 attrs=----------
G fg=idx:23 bg=idx:231 attrs=--i-------
H fg=idx:231 bg=idx:25 attrs=----------
