# yew pty golden v1
size 80x24 alt=1 cursor=1,7 vis=1
modes 2004,1002,1006,1004 kitty=21 sync_pairs=n/a
--- text
 1 sh_kitchen.sh  +                                                             
     1 cat <<'EOF' cat <<'EOF' cat <<'                                          
     1 $HOME `nested $(echo x)` $HOME                                           
     2 EOF EOF EOF EOF EOF EOF EOF EOF                                          
     3 cat <<"EOF" cat <<"EOF" cat <<"                                          
     4 $HOME `nested $(echo x)` $HOME                                           
     5 EOF EOF EOF EOF EOF EOF EOF EOF                                          
     6 cat <<-EOF cat <<-EOF cat <<-EO                                          
     7 $HOME `nested $(echo x)` $HOME                                           
     8     EOF     EOF     EOF     EOF     EOF     EOF                          
     9 cat <<EOF cat <<EOF cat <<EOF c                                          
    10 $HOME `nested $(echo x)` $HOME                                           
    11 EOF EOF EOF EOF EOF EOF EOF EOF                                          
    12 cat <<'EOF' cat <<'EOF' cat <<'                                          
    13 $HOME `nested $(echo x)` $HOME                                           
    14 EOF EOF EOF EOF EOF EOF EOF EOF                                          
    15 cat <<"EOF" cat <<"EOF" cat <<"                                          
    16 $HOME `nested $(echo x)` $HOME                                           
    17 EOF EOF EOF EOF EOF EOF EOF EOF                                          
    18 cat <<-EOF cat <<-EOF cat <<-EO                                          
    19 $HOME `nested $(echo x)` $HOME                                           
    20     EOF     EOF     EOF     EOF     EOF     EOF                          
    21 cat <<EOF cat <<EOF cat <<EOF c                                          
 L  sh_kitchen.sh                                            utf-8  lf  1:1  top
--- style
AAAAAAAAAAAAAAAAABBBCCCCCCCCCCCCCCCCCCCCCCCCCCCCCCCCCCCCCCCCCCCCCCCCCCCCCCCCCCCC
DDDDDEDFFFGHHHIIIHGFFFGHHIIIIIGFFFGHHIGGGGGGGGGGGGGGGGGGGGGGGGGGGGGGGGGGGGGGGGGG
DDDDDDDIIIIIIIIIIIIIIIIIIIIIIIIIIIIIIIGGGGGGGGGGGGGGGGGGGGGGGGGGGGGGGGGGGGGGGGGG
DDDDDDDIIIIIIIIIIIIIIIIIIIIIIIIIIIIIIIGGGGGGGGGGGGGGGGGGGGGGGGGGGGGGGGGGGGGGGGGG
DDDDDDDIIIIIIIIIIIIIIIIIIIIIIIIIIIIIIIGGGGGGGGGGGGGGGGGGGGGGGGGGGGGGGGGGGGGGGGGG
DDDDDDDIIIIIIIIIIIIIIIIIIIIIIIIIIIIIIIGGGGGGGGGGGGGGGGGGGGGGGGGGGGGGGGGGGGGGGGGG
DDDDDDDIIIIIIIIIIIIIIIIIIIIIIIIIIIIIIIGGGGGGGGGGGGGGGGGGGGGGGGGGGGGGGGGGGGGGGGGG
DDDDDDDIIIIIIIIIIIIIIIIIIIIIIIIIIIIIIIGGGGGGGGGGGGGGGGGGGGGGGGGGGGGGGGGGGGGGGGGG
DDDDDDDIIIIIIIIIIIIIIIIIIIIIIIIIIIIIIIGGGGGGGGGGGGGGGGGGGGGGGGGGGGGGGGGGGGGGGGGG
DDDDDDDIIIIIIIIIIIIIIIIIIIIIIIIIIIIIIIIIIIIIIIIIIIIIIIIIIIIGGGGGGGGGGGGGGGGGGGGG
DDDDDDDIIIIIIIIIIIIIIIIIIIIIIIIIIIIIIIGGGGGGGGGGGGGGGGGGGGGGGGGGGGGGGGGGGGGGGGGG
DDDDDDDIIIIIIIIIIIIIIIIIIIIIIIIIIIIIIIGGGGGGGGGGGGGGGGGGGGGGGGGGGGGGGGGGGGGGGGGG
DDDDDDDIIIIIIIIIIIIIIIIIIIIIIIIIIIIIIIGGGGGGGGGGGGGGGGGGGGGGGGGGGGGGGGGGGGGGGGGG
DDDDDDDIIIIIIIGGGIIIIIIIIIGGGIIIIIIIIIGGGGGGGGGGGGGGGGGGGGGGGGGGGGGGGGGGGGGGGGGG
DDDDDDDJJJJJJJJJJJJJJJJJJJJJJJJJJJJJJJGGGGGGGGGGGGGGGGGGGGGGGGGGGGGGGGGGGGGGGGGG
DDDDDDDJJJJJJJJJJJJJJJJJJJJJJJJJJJJJJJGGGGGGGGGGGGGGGGGGGGGGGGGGGGGGGGGGGGGGGGGG
DDDDDDDJJJJJJJJJJJJJJJJJJJJJJJJJJJJJJJGGGGGGGGGGGGGGGGGGGGGGGGGGGGGGGGGGGGGGGGGG
DDDDDDDJJJJJJJJJJJJJJJJJJJJJJJJJJJJJJJGGGGGGGGGGGGGGGGGGGGGGGGGGGGGGGGGGGGGGGGGG
DDDDDDDJJJJJJJJJJJJJJJJJJJJJJJJJJJJJJJGGGGGGGGGGGGGGGGGGGGGGGGGGGGGGGGGGGGGGGGGG
DDDDDDDJJJJJJJJJJJJJJJJJJJJJJJJJJJJJJJGGGGGGGGGGGGGGGGGGGGGGGGGGGGGGGGGGGGGGGGGG
DDDDDDDJJJJJJJJJJJJJJJJJJJJJJJJJJJJJJJGGGGGGGGGGGGGGGGGGGGGGGGGGGGGGGGGGGGGGGGGG
DDDDDDDJJJJJJJJJJJJJJJJJJJJJJJJJJJJJJJJJJJJJJJJJJJJJJJJJJJJGGGGGGGGGGGGGGGGGGGGG
DDDDDDDJJJJJJJJJJJJJJJJJJJJJJJJJJJJJJJGGGGGGGGGGGGGGGGGGGGGGGGGGGGGGGGGGGGGGGGGG
KKKGGGGGGGGGGGGGGGGGGGGGGGGGGGGGGGGGGGGGGGGGGGGGGGGGGGGGGGGGGGGGGGGGGGGGGGGGGGGG
--- legend
A fg=#c8ccd4 bg=#2c313a attrs=b---------
B fg=#61afef bg=#1b202a attrs=b---------
C fg=#5c6370 bg=#1b202a attrs=----------
D fg=#4b5263 bg=#12141a attrs=----------
E fg=#c8ccd4 bg=#12141a attrs=b---------
F fg=#61afef bg=#12141a attrs=--i-------
G fg=#c8ccd4 bg=#12141a attrs=----------
H fg=#56b6c2 bg=#12141a attrs=----------
I fg=#98c379 bg=#12141a attrs=----------
J fg=#98c379 bg=#12141a attrs=--i-------
K fg=#12141a bg=#61afef attrs=----------
