# yew pty golden v1
size 80x24 alt=1 cursor=0,7 vis=1
modes 2004,1002,1006,1004 kitty=21 sync_pairs=0
--- text
     1 cat <<'EOF' cat <<'EOF' cat <<'                                          
     2 $HOME `nested $(echo x)` $HOME                                           
     3 EOF EOF EOF EOF EOF EOF EOF EOF                                          
     4 cat <<"EOF" cat <<"EOF" cat <<"                                          
     5 $HOME `nested $(echo x)` $HOME                                           
     6 EOF EOF EOF EOF EOF EOF EOF EOF                                          
     7 cat <<-EOF cat <<-EOF cat <<-EO                                          
     8 $HOME `nested $(echo x)` $HOME                                           
     9     EOF     EOF     EOF     EOF     EOF     EOF                          
    10 cat <<EOF cat <<EOF cat <<EOF c                                          
    11 $HOME `nested $(echo x)` $HOME                                           
    12 EOF EOF EOF EOF EOF EOF EOF EOF                                          
    13 cat <<'EOF' cat <<'EOF' cat <<'                                          
    14 $HOME `nested $(echo x)` $HOME                                           
    15 EOF EOF EOF EOF EOF EOF EOF EOF                                          
    16 cat <<"EOF" cat <<"EOF" cat <<"                                          
    17 $HOME `nested $(echo x)` $HOME                                           
    18 EOF EOF EOF EOF EOF EOF EOF EOF                                          
    19 cat <<-EOF cat <<-EOF cat <<-EO                                          
    20 $HOME `nested $(echo x)` $HOME                                           
    21     EOF     EOF     EOF     EOF     EOF     EOF                          
    22 cat <<EOF cat <<EOF cat <<EOF c                                          
    23 $HOME `nested $(echo x)` $HOME                                           
 L  sh_kitchen.sh                                            utf-8  lf  1:1  top
--- style
AAAAABACCCCCCCCCCCCCCCCCCCCCCCCCCCCCCCCCCCCCCCCCCCCCCCCCCCCCCCCCCCCCCCCCCCCCCCCC
AAAAAAACCCCCCCCCCCCCCCCCCCCCCCCCCCCCCCCCCCCCCCCCCCCCCCCCCCCCCCCCCCCCCCCCCCCCCCCC
AAAAAAACCCCCCCCCCCCCCCCCCCCCCCCCCCCCCCCCCCCCCCCCCCCCCCCCCCCCCCCCCCCCCCCCCCCCCCCC
AAAAAAACCCCCCCCCCCCCCCCCCCCCCCCCCCCCCCCCCCCCCCCCCCCCCCCCCCCCCCCCCCCCCCCCCCCCCCCC
AAAAAAACCCCCCCCCCCCCCCCCCCCCCCCCCCCCCCCCCCCCCCCCCCCCCCCCCCCCCCCCCCCCCCCCCCCCCCCC
AAAAAAACCCCCCCCCCCCCCCCCCCCCCCCCCCCCCCCCCCCCCCCCCCCCCCCCCCCCCCCCCCCCCCCCCCCCCCCC
AAAAAAACCCCCCCCCCCCCCCCCCCCCCCCCCCCCCCCCCCCCCCCCCCCCCCCCCCCCCCCCCCCCCCCCCCCCCCCC
AAAAAAACCCCCCCCCCCCCCCCCCCCCCCCCCCCCCCCCCCCCCCCCCCCCCCCCCCCCCCCCCCCCCCCCCCCCCCCC
AAAAAAACCCCCCCCCCCCCCCCCCCCCCCCCCCCCCCCCCCCCCCCCCCCCCCCCCCCCCCCCCCCCCCCCCCCCCCCC
AAAAAAACCCCCCCCCCCCCCCCCCCCCCCCCCCCCCCCCCCCCCCCCCCCCCCCCCCCCCCCCCCCCCCCCCCCCCCCC
AAAAAAACCCCCCCCCCCCCCCCCCCCCCCCCCCCCCCCCCCCCCCCCCCCCCCCCCCCCCCCCCCCCCCCCCCCCCCCC
AAAAAAACCCCCCCCCCCCCCCCCCCCCCCCCCCCCCCCCCCCCCCCCCCCCCCCCCCCCCCCCCCCCCCCCCCCCCCCC
AAAAAAACCCCCCCCCCCCCCCCCCCCCCCCCCCCCCCCCCCCCCCCCCCCCCCCCCCCCCCCCCCCCCCCCCCCCCCCC
AAAAAAACCCCCCCCCCCCCCCCCCCCCCCCCCCCCCCCCCCCCCCCCCCCCCCCCCCCCCCCCCCCCCCCCCCCCCCCC
AAAAAAACCCCCCCCCCCCCCCCCCCCCCCCCCCCCCCCCCCCCCCCCCCCCCCCCCCCCCCCCCCCCCCCCCCCCCCCC
AAAAAAACCCCCCCCCCCCCCCCCCCCCCCCCCCCCCCCCCCCCCCCCCCCCCCCCCCCCCCCCCCCCCCCCCCCCCCCC
AAAAAAACCCCCCCCCCCCCCCCCCCCCCCCCCCCCCCCCCCCCCCCCCCCCCCCCCCCCCCCCCCCCCCCCCCCCCCCC
AAAAAAACCCCCCCCCCCCCCCCCCCCCCCCCCCCCCCCCCCCCCCCCCCCCCCCCCCCCCCCCCCCCCCCCCCCCCCCC
AAAAAAACCCCCCCCCCCCCCCCCCCCCCCCCCCCCCCCCCCCCCCCCCCCCCCCCCCCCCCCCCCCCCCCCCCCCCCCC
AAAAAAACCCCCCCCCCCCCCCCCCCCCCCCCCCCCCCCCCCCCCCCCCCCCCCCCCCCCCCCCCCCCCCCCCCCCCCCC
AAAAAAACCCCCCCCCCCCCCCCCCCCCCCCCCCCCCCCCCCCCCCCCCCCCCCCCCCCCCCCCCCCCCCCCCCCCCCCC
AAAAAAACCCCCCCCCCCCCCCCCCCCCCCCCCCCCCCCCCCCCCCCCCCCCCCCCCCCCCCCCCCCCCCCCCCCCCCCC
AAAAAAACCCCCCCCCCCCCCCCCCCCCCCCCCCCCCCCCCCCCCCCCCCCCCCCCCCCCCCCCCCCCCCCCCCCCCCCC
DDDCCCCCCCCCCCCCCCCCCCCCCCCCCCCCCCCCCCCCCCCCCCCCCCCCCCCCCCCCCCCCCCCCCCCCCCCCCCCC
--- legend
A fg=#8c959f bg=#ffffff attrs=----------
B fg=#24292f bg=#ffffff attrs=b---------
C fg=#24292f bg=#ffffff attrs=----------
D fg=#ffffff bg=#0550ae attrs=----------
--- sgr
\x1b[0;38;2;140;149;159;48;2;255;255;255m
\x1b[1;38;2;36;41;47m
\x1b[22;38;2;140;149;159m
\x1b[38;2;36;41;47m
\x1b[38;2;140;149;159m
\x1b[38;2;36;41;47m
\x1b[38;2;140;149;159m
\x1b[38;2;36;41;47m
\x1b[38;2;140;149;159m
\x1b[38;2;36;41;47m
\x1b[38;2;140;149;159m
\x1b[38;2;36;41;47m
\x1b[38;2;140;149;159m
\x1b[38;2;36;41;47m
\x1b[38;2;140;149;159m
\x1b[38;2;36;41;47m
\x1b[38;2;140;149;159m
\x1b[38;2;36;41;47m
\x1b[38;2;140;149;159m
\x1b[38;2;36;41;47m
\x1b[38;2;140;149;159m
\x1b[38;2;36;41;47m
\x1b[38;2;140;149;159m
\x1b[38;2;36;41;47m
\x1b[38;2;140;149;159m
\x1b[38;2;36;41;47m
\x1b[38;2;140;149;159m
\x1b[38;2;36;41;47m
\x1b[38;2;140;149;159m
\x1b[38;2;36;41;47m
\x1b[38;2;140;149;159m
\x1b[38;2;36;41;47m
\x1b[38;2;140;149;159m
\x1b[38;2;36;41;47m
\x1b[38;2;140;149;159m
\x1b[38;2;36;41;47m
\x1b[38;2;140;149;159m
\x1b[38;2;36;41;47m
\x1b[38;2;140;149;159m
\x1b[38;2;36;41;47m
\x1b[38;2;140;149;159m
\x1b[38;2;36;41;47m
\x1b[38;2;140;149;159m
\x1b[38;2;36;41;47m
\x1b[38;2;140;149;159m
\x1b[38;2;36;41;47m
\x1b[38;2;140;149;159m
\x1b[38;2;36;41;47m
\x1b[38;2;255;255;255;48;2;5;80;174m
\x1b[38;2;36;41;47;48;2;255;255;255m
