# yew pty golden v1
size 80x24 alt=1 cursor=1,7 vis=1
modes 2004,1002,1006,1004 kitty=21 sync_pairs=n/a
--- text
 1 md_kitchen.md  +                                                             
     1 --- --- --- --- --- --- --- ---                                          
     1 title: Kitchen title: Kitchen ti                                         
     2 --- --- --- --- --- --- --- ---                                          
     3 ```c ```c ```c ```c ```c ```c ``                                         
     4 int fenced_0(void) { return 0; }                                         
     5 ``` ``` ``` ``` ``` ``` ``` ```                                          
     6 | key | value | | key | value |                                          
     7 |---|---:| |---|---:| |---|---:|                                         
     8 | row | 0 | | row | 0 | | row |                                          
     9 - outer - outer - outer - outer                                          
    10   - nested   - nested   - nested                                         
    11 ```c ```c ```c ```c ```c ```c ``                                         
    12 int fenced_1(void) { return 1; }                                         
    13 ``` ``` ``` ``` ``` ``` ``` ```                                          
    14 | key | value | | key | value |                                          
    15 |---|---:| |---|---:| |---|---:|                                         
    16 | row | 1 | | row | 1 | | row |                                          
    17 - outer - outer - outer - outer                                          
    18   - nested   - nested   - nested                                         
    19 ```c ```c ```c ```c ```c ```c ``                                         
    20 int fenced_2(void) { return 2; }                                         
    21 ``` ``` ``` ``` ``` ``` ``` ```                                          
 L  md_kitchen.md                                            utf-8  lf  1:1  top
--- style
AAAAAAAAAAAAAAAAABBBCCCCCCCCCCCCCCCCCCCCCCCCCCCCCCCCCCCCCCCCCCCCCCCCCCCCCCCCCCCC
DDDDDEDFFFFFFFFFFFFFFFFFFFFFFFFFFFFFFFFGGGGGGGGGGGGGGGGGGGGGGGGGGGGGGGGGGGGGGGGG
DDDDDDDGGGGGGGGGGGGGGGGGGGGGGGGGGGGGGGGGGGGGGGGGGGGGGGGGGGGGGGGGGGGGGGGGGGGGGGGG
DDDDDDDFFFFFFFFFFFFFFFFFFFFFFFFFFFFFFFFGGGGGGGGGGGGGGGGGGGGGGGGGGGGGGGGGGGGGGGGG
DDDDDDDFFFHIIIIIIIIIIIIIIIIIIIIIIIIIIIIGGGGGGGGGGGGGGGGGGGGGGGGGGGGGGGGGGGGGGGGG
DDDDDDDJJJGKKKKKKKKFJJJJFGFGLLLLLLGMFGFGGGGGGGGGGGGGGGGGGGGGGGGGGGGGGGGGGGGGGGGG
DDDDDDDGGGGGGGGGGGGGGGGGGGGGGGGGGGGGGGGGGGGGGGGGGGGGGGGGGGGGGGGGGGGGGGGGGGGGGGGG
DDDDDDDNGGGGGNGGGGGGGNGNGGGGGNGGGGGGGNGGGGGGGGGGGGGGGGGGGGGGGGGGGGGGGGGGGGGGGGGG
DDDDDDDNNNNNNNNFNGNNNNNNNNFNGNNNNNNNNFNGGGGGGGGGGGGGGGGGGGGGGGGGGGGGGGGGGGGGGGGG
DDDDDDDNGGGGGNGMGNGNGGGGGNGMGNGNGGGGGNGGGGGGGGGGGGGGGGGGGGGGGGGGGGGGGGGGGGGGGGGG
DDDDDDDNGGGGGGGNGGGGGGGNGGGGGGGNGGGGGGGGGGGGGGGGGGGGGGGGGGGGGGGGGGGGGGGGGGGGGGGG
DDDDDDDGGNGGGGGGGGGGNGGGGGGGGGGNGGGGGGGGGGGGGGGGGGGGGGGGGGGGGGGGGGGGGGGGGGGGGGGG
DDDDDDDGGGGGGGGGGGGGGGGGGGGGGGGGGGGGGGGGGGGGGGGGGGGGGGGGGGGGGGGGGGGGGGGGGGGGGGGG
DDDDDDDJJJGKKKKKKKKFJJJJFGFGLLLLLLGMFGFGGGGGGGGGGGGGGGGGGGGGGGGGGGGGGGGGGGGGGGGG
DDDDDDDGGGGGGGGGGGGGGGGGGGGGGGGGGGGGGGGGGGGGGGGGGGGGGGGGGGGGGGGGGGGGGGGGGGGGGGGG
DDDDDDDNGGGGGNGGGGGGGNGNGGGGGNGGGGGGGNGGGGGGGGGGGGGGGGGGGGGGGGGGGGGGGGGGGGGGGGGG
DDDDDDDNNNNNNNNFNGNNNNNNNNFNGNNNNNNNNFNGGGGGGGGGGGGGGGGGGGGGGGGGGGGGGGGGGGGGGGGG
DDDDDDDNGGGGGNGMGNGNGGGGGNGMGNGNGGGGGNGGGGGGGGGGGGGGGGGGGGGGGGGGGGGGGGGGGGGGGGGG
DDDDDDDNGGGGGGGNGGGGGGGNGGGGGGGNGGGGGGGGGGGGGGGGGGGGGGGGGGGGGGGGGGGGGGGGGGGGGGGG
DDDDDDDGGNGGGGGGGGGGNGGGGGGGGGGNGGGGGGGGGGGGGGGGGGGGGGGGGGGGGGGGGGGGGGGGGGGGGGGG
DDDDDDDGGGGGGGGGGGGGGGGGGGGGGGGGGGGGGGGGGGGGGGGGGGGGGGGGGGGGGGGGGGGGGGGGGGGGGGGG
DDDDDDDJJJGKKKKKKKKFJJJJFGFGLLLLLLGMFGFGGGGGGGGGGGGGGGGGGGGGGGGGGGGGGGGGGGGGGGGG
DDDDDDDGGGGGGGGGGGGGGGGGGGGGGGGGGGGGGGGGGGGGGGGGGGGGGGGGGGGGGGGGGGGGGGGGGGGGGGGG
OOOGGGGGGGGGGGGGGGGGGGGGGGGGGGGGGGGGGGGGGGGGGGGGGGGGGGGGGGGGGGGGGGGGGGGGGGGGGGGG
--- legend
A fg=#c8ccd4 bg=#2c313a attrs=b---------
B fg=#61afef bg=#1b202a attrs=b---------
C fg=#5c6370 bg=#1b202a attrs=----------
D fg=#4b5263 bg=#12141a attrs=----------
E fg=#c8ccd4 bg=#12141a attrs=b---------
F fg=#9aa0aa bg=#12141a attrs=----------
G fg=#c8ccd4 bg=#12141a attrs=----------
H fg=#e5c07b bg=#12141a attrs=----------
I fg=#98c379 bg=#12141a attrs=----------
J fg=#e5c07b bg=#12141a attrs=--i-------
K fg=#61afef bg=#12141a attrs=----------
L fg=#c678dd bg=#12141a attrs=b---------
M fg=#d19a66 bg=#12141a attrs=----------
N fg=#56b6c2 bg=#12141a attrs=----------
O fg=#12141a bg=#61afef attrs=----------
