# yew pty golden v1
size 80x24 alt=1 cursor=1,6 vis=1
modes 2004,1002,1006,1004 kitty=21 sync_pairs=n/a
--- text
 1 01-kitchen.rb  +                                                             
    1 #!/usr/bin/env ruby                                                       
    1 # kitchen                                                                 
    2 require "json"                                                            
    3 class Widget                                                              
    4   CONST = 0xff                                                            
    5   def run(arg)                                                            
    6     @value = @@count + $global                                            
    7     if arg && true                                                        
    8       puts "value #{arg} #@value #{ {inner: {value: arg}} }" %Q{nested {#{
    9       puts %q{raw {nested} \\}}, 'it\'s raw'                              
   10       puts :plain, :'quoted', :"dynamic #{arg} #@value \q"                
   11       /a\\/b/im =~ arg                                                    
   12     elsif nil                                                             
   13       return 1.5e2ri                                                      
   14     else                                                                  
   15       yield self                                                          
   16     end                                                                   
   17   rescue Error                                                            
   18     retry                                                                 
   19   ensure                                                                  
   20     break                                                                 
   21   end                                                                     
 L  01-kitchen.rb                                            utf-8  lf  1:1  top
--- style
AAAAAAAAAAAAAAAAABBBCCCCCCCCCCCCCCCCCCCCCCCCCCCCCCCCCCCCCCCCCCCCCCCCCCCCCCCCCCCC
DDDDEDFFFFFFFFFFFFFFFFFFFGGGGGGGGGGGGGGGGGGGGGGGGGGGGGGGGGGGGGGGGGGGGGGGGGGGGGGG
DDDDDDFFFFFFFFFGGGGGGGGGGGGGGGGGGGGGGGGGGGGGGGGGGGGGGGGGGGGGGGGGGGGGGGGGGGGGGGGG
DDDDDDHHHHHHHGIIIIIIGGGGGGGGGGGGGGGGGGGGGGGGGGGGGGGGGGGGGGGGGGGGGGGGGGGGGGGGGGGG
DDDDDDJJJJJGKKKKKKGGGGGGGGGGGGGGGGGGGGGGGGGGGGGGGGGGGGGGGGGGGGGGGGGGGGGGGGGGGGGG
DDDDDDGGKKKKKGLGLLLLGGGGGGGGGGGGGGGGGGGGGGGGGGGGGGGGGGGGGGGGGGGGGGGGGGGGGGGGGGGG
DDDDDDGGJJJGGGGMGGGMGGGGGGGGGGGGGGGGGGGGGGGGGGGGGGGGGGGGGGGGGGGGGGGGGGGGGGGGGGGG
DDDDDDGGGGJJJJJJGLGJJJJJJJGLGJJJJJJJGGGGGGGGGGGGGGGGGGGGGGGGGGGGGGGGGGGGGGGGGGGG
DDDDDDGGGGNNGGGGGLLGOOOOGGGGGGGGGGGGGGGGGGGGGGGGGGGGGGGGGGGGGGGGGGGGGGGGGGGGGGGG
DDDDDDGGGGGGGGGGGIIIIIIIPPQQQPIGGGGGGGIPPQMQQQQQQQMQQQQQQQQQQMMQPIGIIIIIIIIIIMPP
DDDDDDGGGGGGGGGGGRRRRRRRMRRRRRRRRSSRMMGRRRSSRRRRRRGGGGGGGGGGGGGGGGGGGGGGGGGGGGGG
DDDDDDGGGGGGGGGGGLLLLLLMGGRRRRRRRRMGLLLLLLLLLLPPQQQPLGGGGGGGLSSLGGGGGGGGGGGGGGGG
DDDDDDRRRRRRRRRRRGLGGGLLGGGGGGGGGGGGGGGGGGGGGGGGGGGGGGGGGGGGGGGGGGGGGGGGGGGGGGGG
DDDDDDGGGGNNNNNGOOOGGGGGGGGGGGGGGGGGGGGGGGGGGGGGGGGGGGGGGGGGGGGGGGGGGGGGGGGGGGGG
DDDDDDGGGGGGNNNNNNGLMGGGGGGGGGGGGGGGGGGGGGGGGGGGGGGGGGGGGGGGGGGGGGGGGGGGGGGGGGGG
DDDDDDGGGGNNNNGGGGGGGGGGGGGGGGGGGGGGGGGGGGGGGGGGGGGGGGGGGGGGGGGGGGGGGGGGGGGGGGGG
DDDDDDGGGGGGNNNNNGOOOOGGGGGGGGGGGGGGGGGGGGGGGGGGGGGGGGGGGGGGGGGGGGGGGGGGGGGGGGGG
DDDDDDGGGGNNNGGGGGGGGGGGGGGGGGGGGGGGGGGGGGGGGGGGGGGGGGGGGGGGGGGGGGGGGGGGGGGGGGGG
DDDDDDGGNNNNNNGKKKKKGGGGGGGGGGGGGGGGGGGGGGGGGGGGGGGGGGGGGGGGGGGGGGGGGGGGGGGGGGGG
DDDDDDGGGGNNNNNGGGGGGGGGGGGGGGGGGGGGGGGGGGGGGGGGGGGGGGGGGGGGGGGGGGGGGGGGGGGGGGGG
DDDDDDGGNNNNNNGGGGGGGGGGGGGGGGGGGGGGGGGGGGGGGGGGGGGGGGGGGGGGGGGGGGGGGGGGGGGGGGGG
DDDDDDGGGGNNNNNGGGGGGGGGGGGGGGGGGGGGGGGGGGGGGGGGGGGGGGGGGGGGGGGGGGGGGGGGGGGGGGGG
DDDDDDGGNNNGGGGGGGGGGGGGGGGGGGGGGGGGGGGGGGGGGGGGGGGGGGGGGGGGGGGGGGGGGGGGGGGGGGGG
TTTGGGGGGGGGGGGGGGGGGGGGGGGGGGGGGGGGGGGGGGGGGGGGGGGGGGGGGGGGGGGGGGGGGGGGGGGGGGGG
--- legend
A fg=idx:235 bg=idx:189 attrs=b---------
B fg=idx:25 bg=idx:255 attrs=b---------
C fg=idx:243 bg=idx:255 attrs=----------
D fg=idx:246 bg=idx:231 attrs=----------
E fg=idx:235 bg=idx:231 attrs=b---------
F fg=idx:243 bg=idx:231 attrs=--i-------
G fg=idx:235 bg=idx:231 attrs=----------
H fg=idx:160 bg=idx:231 attrs=----------
I fg=idx:23 bg=idx:231 attrs=----------
J fg=idx:160 bg=idx:231 attrs=--i-------
K fg=idx:94 bg=idx:231 attrs=----------
L fg=idx:25 bg=idx:231 attrs=----------
M fg=idx:241 bg=idx:231 attrs=----------
N fg=idx:160 bg=idx:231 attrs=b---------
O fg=idx:25 bg=idx:231 attrs=b---------
P fg=idx:132 bg=idx:231 attrs=----------
Q fg=idx:22 bg=idx:231 attrs=----------
R fg=idx:23 bg=idx:231 attrs=--i-------
S fg=idx:30 bg=idx:231 attrs=----------
T fg=idx:231 bg=idx:25 attrs=----------
