# yew pty golden v1
size 80x24 alt=1 cursor=1,6 vis=1
modes 2004,1002,1006,1004 kitty=21 sync_pairs=n/a
--- text
 1 01-kitchen.kt  +                                                             
    1 package demo                                                              
    1 /// docs                                                                  
    2 // ordinary line comment                                                  
    3 /* outer /* nested TODO */ done */                                        
    4 @JvmInline value class UserId(val raw: Long)                              
    5 sealed interface Result                                                   
    6 data class User(val name: String, val age: Int)                           
    7 fun greet(user: User?): String {                                          
    8     val n = 0xCA_FEuL + 1.5e2F                                            
    9     return if (user?.name != null) "hello $user ${user.name ?: "none"}" el
   10 }                                                                         
   11 val char = '\n'                                                           
   12 val truth = true                                                          
   13 val absent = null                                                         
   14 */                                                                        
   15                                                                           
                                                                                
                                                                                
                                                                                
                                                                                
                                                                                
                                                                                
 L  01-kitchen.kt                                            utf-8  lf  1:1  all
--- style
AAAAAAAAAAAAAAAAABBBCCCCCCCCCCCCCCCCCCCCCCCCCCCCCCCCCCCCCCCCCCCCCCCCCCCCCCCCCCCC
DDDDEDFFFFFFFGGGGGGGGGGGGGGGGGGGGGGGGGGGGGGGGGGGGGGGGGGGGGGGGGGGGGGGGGGGGGGGGGGG
DDDDDDHHHHHHHHGGGGGGGGGGGGGGGGGGGGGGGGGGGGGGGGGGGGGGGGGGGGGGGGGGGGGGGGGGGGGGGGGG
DDDDDDIIIIIIIIIIIIIIIIIIIIIIIIGGGGGGGGGGGGGGGGGGGGGGGGGGGGGGGGGGGGGGGGGGGGGGGGGG
DDDDDDIIIIIIIIIIIIIIIIIIIJJJJIIIIIIIIIIIGGGGGGGGGGGGGGGGGGGGGGGGGGGGGGGGGGGGGGGG
DDDDDDKKKKKKKKKKGGGGGGGFFFFFFKKKKKKLFFFGGGGLGMMMMLGGGGGGGGGGGGGGGGGGGGGGGGGGGGGG
DDDDDDFFFFFFGFFFFFFFFFFKKKKKKGGGGGGGGGGGGGGGGGGGGGGGGGGGGGGGGGGGGGGGGGGGGGGGGGGG
DDDDDDFFFFGFFFFFFKKKKLFFFGGGGGLGMMMMMMLGFFFGGGGLGMMMLGGGGGGGGGGGGGGGGGGGGGGGGGGG
DDDDDDFFFGNNNNNLGGGGLGGGGGOLLGMMMMMMGLGGGGGGGGGGGGGGGGGGGGGGGGGGGGGGGGGGGGGGGGGG
DDDDDDGGGGFFFGGGOGOOOOOOOOOGOGOOOOOOGGGGGGGGGGGGGGGGGGGGGGGGGGGGGGGGGGGGGGGGGGGG
DDDDDDGGGGPPPPPPGPPGLGGGGOOGGGGGOOGQQQQLGRRRRRRRSSSSSRSSGGGGGGGGGGOOGRRRRRRSRGPP
DDDDDDLGGGGGGGGGGGGGGGGGGGGGGGGGGGGGGGGGGGGGGGGGGGGGGGGGGGGGGGGGGGGGGGGGGGGGGGGG
DDDDDDFFFGGGGGGOGRTTRGGGGGGGGGGGGGGGGGGGGGGGGGGGGGGGGGGGGGGGGGGGGGGGGGGGGGGGGGGG
DDDDDDFFFGGGGGGGOGQQQQGGGGGGGGGGGGGGGGGGGGGGGGGGGGGGGGGGGGGGGGGGGGGGGGGGGGGGGGGG
DDDDDDFFFGGGGGGGGOGQQQQGGGGGGGGGGGGGGGGGGGGGGGGGGGGGGGGGGGGGGGGGGGGGGGGGGGGGGGGG
DDDDDDUUGGGGGGGGGGGGGGGGGGGGGGGGGGGGGGGGGGGGGGGGGGGGGGGGGGGGGGGGGGGGGGGGGGGGGGGG
DDDDDDGGGGGGGGGGGGGGGGGGGGGGGGGGGGGGGGGGGGGGGGGGGGGGGGGGGGGGGGGGGGGGGGGGGGGGGGGG
DDDDDDGGGGGGGGGGGGGGGGGGGGGGGGGGGGGGGGGGGGGGGGGGGGGGGGGGGGGGGGGGGGGGGGGGGGGGGGGG
DDDDDDGGGGGGGGGGGGGGGGGGGGGGGGGGGGGGGGGGGGGGGGGGGGGGGGGGGGGGGGGGGGGGGGGGGGGGGGGG
DDDDDDGGGGGGGGGGGGGGGGGGGGGGGGGGGGGGGGGGGGGGGGGGGGGGGGGGGGGGGGGGGGGGGGGGGGGGGGGG
DDDDDDGGGGGGGGGGGGGGGGGGGGGGGGGGGGGGGGGGGGGGGGGGGGGGGGGGGGGGGGGGGGGGGGGGGGGGGGGG
DDDDDDGGGGGGGGGGGGGGGGGGGGGGGGGGGGGGGGGGGGGGGGGGGGGGGGGGGGGGGGGGGGGGGGGGGGGGGGGG
DDDDDDGGGGGGGGGGGGGGGGGGGGGGGGGGGGGGGGGGGGGGGGGGGGGGGGGGGGGGGGGGGGGGGGGGGGGGGGGG
VVVGGGGGGGGGGGGGGGGGGGGGGGGGGGGGGGGGGGGGGGGGGGGGGGGGGGGGGGGGGGGGGGGGGGGGGGGGGGGG
--- legend
A fg=idx:235 bg=idx:189 attrs=b---------
B fg=idx:25 bg=idx:255 attrs=b---------
C fg=idx:243 bg=idx:255 attrs=----------
D fg=idx:246 bg=idx:231 attrs=----------
E fg=idx:235 bg=idx:231 attrs=b---------
F fg=idx:160 bg=idx:231 attrs=--i-------
G fg=idx:235 bg=idx:231 attrs=----------
H fg=idx:241 bg=idx:231 attrs=--i-------
I fg=idx:243 bg=idx:231 attrs=--i-------
J fg=idx:94 bg=idx:231 attrs=b---------
K fg=idx:94 bg=idx:231 attrs=----------
L fg=idx:241 bg=idx:231 attrs=----------
M fg=idx:94 bg=idx:231 attrs=--i-------
N fg=idx:98 bg=idx:231 attrs=----------
O fg=idx:25 bg=idx:231 attrs=----------
P fg=idx:160 bg=idx:231 attrs=b---------
Q fg=idx:25 bg=idx:231 attrs=b---------
R fg=idx:23 bg=idx:231 attrs=----------
S fg=idx:132 bg=idx:231 attrs=----------
T fg=idx:30 bg=idx:231 attrs=----------
U fg=idx:124 bg=idx:231 attrs=b--u------
V fg=idx:231 bg=idx:25 attrs=----------
