# yew pty golden v1
size 80x24 alt=1 cursor=1,6 vis=1
modes 2004,1002,1006,1004 kitty=21 sync_pairs=n/a
--- text
 1 01-kitchen.hs  +                                                             
    1 module Demo.Core where                                                    
    1 import qualified Data.Map as Map                                          
    2                                                                           
    3 data Choice = Yes | No deriving (Show)                                    
    4 answer x = if x >= 1.5e2 then True else False                             
    5 compose = fmap (+ 1) . Map.lookup "key\n"; pair = (Yes, No)               
    6 letter = '\t'                                                             
    7 symbols a b = a >>= b <> a $ b                                            
    8                                                                           
                                                                                
                                                                                
                                                                                
                                                                                
                                                                                
                                                                                
                                                                                
                                                                                
                                                                                
                                                                                
                                                                                
                                                                                
                                                                                
 L  01-kitchen.hs                                            utf-8  lf  1:1  all
--- style
AAAAAAAAAAAAAAAAABBBCCCCCCCCCCCCCCCCCCCCCCCCCCCCCCCCCCCCCCCCCCCCCCCCCCCCCCCCCCCC
DDDDEDFFFFFFGHHHHHHHHHGFFFFFGGGGGGGGGGGGGGGGGGGGGGGGGGGGGGGGGGGGGGGGGGGGGGGGGGGG
DDDDDDFFFFFFGFFFFFFFFFGHHHHHHHHGFFGHHHGGGGGGGGGGGGGGGGGGGGGGGGGGGGGGGGGGGGGGGGGG
DDDDDDGGGGGGGGGGGGGGGGGGGGGGGGGGGGGGGGGGGGGGGGGGGGGGGGGGGGGGGGGGGGGGGGGGGGGGGGGG
DDDDDDFFFFGHHHHHHGIGHHHGIGHHGFFFFFFFFGJHHHHJGGGGGGGGGGGGGGGGGGGGGGGGGGGGGGGGGGGG
DDDDDDGGGGGGGGGIGFFGGGIIGKKKKKGFFFFGLLLLGFFFFGLLLLLGGGGGGGGGGGGGGGGGGGGGGGGGGGGG
DDDDDDGGGGGGGGIGGGGGGJIGKJGIGHHHIGGGGGGGMMMMIIMJGGGGGGIGJHHHJGHHJGGGGGGGGGGGGGGG
DDDDDDGGGGGGGIGMIIMGGGGGGGGGGGGGGGGGGGGGGGGGGGGGGGGGGGGGGGGGGGGGGGGGGGGGGGGGGGGG
DDDDDDGGGGGGGGGGGGIGGGIIIGGGIIGGGIGGGGGGGGGGGGGGGGGGGGGGGGGGGGGGGGGGGGGGGGGGGGGG
DDDDDDGGGGGGGGGGGGGGGGGGGGGGGGGGGGGGGGGGGGGGGGGGGGGGGGGGGGGGGGGGGGGGGGGGGGGGGGGG
DDDDDDGGGGGGGGGGGGGGGGGGGGGGGGGGGGGGGGGGGGGGGGGGGGGGGGGGGGGGGGGGGGGGGGGGGGGGGGGG
DDDDDDGGGGGGGGGGGGGGGGGGGGGGGGGGGGGGGGGGGGGGGGGGGGGGGGGGGGGGGGGGGGGGGGGGGGGGGGGG
DDDDDDGGGGGGGGGGGGGGGGGGGGGGGGGGGGGGGGGGGGGGGGGGGGGGGGGGGGGGGGGGGGGGGGGGGGGGGGGG
DDDDDDGGGGGGGGGGGGGGGGGGGGGGGGGGGGGGGGGGGGGGGGGGGGGGGGGGGGGGGGGGGGGGGGGGGGGGGGGG
DDDDDDGGGGGGGGGGGGGGGGGGGGGGGGGGGGGGGGGGGGGGGGGGGGGGGGGGGGGGGGGGGGGGGGGGGGGGGGGG
DDDDDDGGGGGGGGGGGGGGGGGGGGGGGGGGGGGGGGGGGGGGGGGGGGGGGGGGGGGGGGGGGGGGGGGGGGGGGGGG
DDDDDDGGGGGGGGGGGGGGGGGGGGGGGGGGGGGGGGGGGGGGGGGGGGGGGGGGGGGGGGGGGGGGGGGGGGGGGGGG
DDDDDDGGGGGGGGGGGGGGGGGGGGGGGGGGGGGGGGGGGGGGGGGGGGGGGGGGGGGGGGGGGGGGGGGGGGGGGGGG
DDDDDDGGGGGGGGGGGGGGGGGGGGGGGGGGGGGGGGGGGGGGGGGGGGGGGGGGGGGGGGGGGGGGGGGGGGGGGGGG
DDDDDDGGGGGGGGGGGGGGGGGGGGGGGGGGGGGGGGGGGGGGGGGGGGGGGGGGGGGGGGGGGGGGGGGGGGGGGGGG
DDDDDDGGGGGGGGGGGGGGGGGGGGGGGGGGGGGGGGGGGGGGGGGGGGGGGGGGGGGGGGGGGGGGGGGGGGGGGGGG
DDDDDDGGGGGGGGGGGGGGGGGGGGGGGGGGGGGGGGGGGGGGGGGGGGGGGGGGGGGGGGGGGGGGGGGGGGGGGGGG
DDDDDDGGGGGGGGGGGGGGGGGGGGGGGGGGGGGGGGGGGGGGGGGGGGGGGGGGGGGGGGGGGGGGGGGGGGGGGGGG
NNNGGGGGGGGGGGGGGGGGGGGGGGGGGGGGGGGGGGGGGGGGGGGGGGGGGGGGGGGGGGGGGGGGGGGGGGGGGGGG
--- legend
A fg=idx:252 bg=idx:236 attrs=b---------
B fg=idx:75 bg=idx:235 attrs=b---------
C fg=idx:241 bg=idx:235 attrs=----------
D fg=idx:240 bg=idx:233 attrs=----------
E fg=idx:252 bg=idx:233 attrs=b---------
F fg=idx:176 bg=idx:233 attrs=b---------
G fg=idx:252 bg=idx:233 attrs=----------
H fg=idx:180 bg=idx:233 attrs=----------
I fg=idx:73 bg=idx:233 attrs=----------
J fg=idx:247 bg=idx:233 attrs=----------
K fg=idx:173 bg=idx:233 attrs=----------
L fg=idx:173 bg=idx:233 attrs=b---------
M fg=idx:114 bg=idx:233 attrs=----------
N fg=idx:233 bg=idx:75 attrs=----------
