# yew pty golden v1
size 80x24 alt=1 cursor=1,6 vis=1
modes 2004,1002,1006,1004 kitty=21 sync_pairs=n/a
--- text
 1 01-kitchen.cpp  +                                                            
    1 #include <vector> // header                                               
    1 #include "local.hpp"                                                      
    2 #if defined(FLAG) && 12                                                   
    3 "macro" /* TODO */                                                        
    4 #endif                                                                    
    5 #define VALUE defined(OTHER) + 1 + "x" /* macro */ // tail                
    6 /// API docs                                                              
    7 /* FIXME block */                                                         
    8 [[outer::tag([[nested]])]] class Box {};                                  
    9 template<typename T> concept Sized = requires(T x) { x.size(); };         
   10 constexpr unsigned long value = 0xCA'FEuLL + 0b1010;                      
   11 bool f(char c, const char *s) { return c == '\n' && s != nullptr && true; 
   12 auto nested = std::vector<std::vector<int>>{};                            
   13 int ops = value++ + --value; // comment                                   
   14 */                                                                        
   15                                                                           
                                                                                
                                                                                
                                                                                
                                                                                
                                                                                
                                                                                
 L  01-kitchen.cpp                                           utf-8  lf  1:1  all
--- style
AAAAAAAAAAAAAAAAAABBBCCCCCCCCCCCCCCCCCCCCCCCCCCCCCCCCCCCCCCCCCCCCCCCCCCCCCCCCCCC
DDDDEDFFFFFFFFFGGGGGGGGFHHHHHHHHHIIIIIIIIIIIIIIIIIIIIIIIIIIIIIIIIIIIIIIIIIIIIIII
DDDDDDFFFFFFFFFGGGGGGGGGGGIIIIIIIIIIIIIIIIIIIIIIIIIIIIIIIIIIIIIIIIIIIIIIIIIIIIII
DDDDDDFFFFJJJJJJJFFFFFFFFFFKKIIIIIIIIIIIIIIIIIIIIIIIIIIIIIIIIIIIIIIIIIIIIIIIIIII
DDDDDDGGGGGGGIHHHLLLLHHHIIIIIIIIIIIIIIIIIIIIIIIIIIIIIIIIIIIIIIIIIIIIIIIIIIIIIIII
DDDDDDFFFFFFIIIIIIIIIIIIIIIIIIIIIIIIIIIIIIIIIIIIIIIIIIIIIIIIIIIIIIIIIIIIIIIIIIII
DDDDDDFFFFFFFFFFFFFFJJJJJJJFFFFFFFFFFKFFFGGGFHHHHHHHHHHHFHHHHHHHIIIIIIIIIIIIIIII
DDDDDDMMMMMMMMMMMMIIIIIIIIIIIIIIIIIIIIIIIIIIIIIIIIIIIIIIIIIIIIIIIIIIIIIIIIIIIIII
DDDDDDHHHLLLLLHHHHHHHHHIIIIIIIIIIIIIIIIIIIIIIIIIIIIIIIIIIIIIIIIIIIIIIIIIIIIIIIII
DDDDDDNNNNNNNNNNNNNNNNNNNNNNNNNNIOOOOOOPPPIQQQIIIIIIIIIIIIIIIIIIIIIIIIIIIIIIIIII
DDDDDDOOOOOOOOKOOOOOOOOOPKIOOOOOOOOPPPPPIKIOOOOOOOOQIIIQIQIIQRRRRQQQIQQIIIIIIIII
DDDDDDOOOOOOOOOISSSSSSSSISSSSIIIIIIIKIKKKKKKKKKKIKIKKKKKKQIIIIIIIIIIIIIIIIIIIIII
DDDDDDSSSSIRQSSSSIIQIOOOOOISSSSIKIQIQITTTTTTIIIKKIGUUGIKKIIIKKIVVVVVVVIKKIVVVVQI
DDDDDDOOOOIIIIIIIIKIIIIKKIIIIIIKIIIKKIIIIIIKSSSKKQQQIIIIIIIIIIIIIIIIIIIIIIIIIIII
DDDDDDSSSIIIIIKIIIIIIKKIKIKKIIIIIQIHHHHHHHHHHIIIIIIIIIIIIIIIIIIIIIIIIIIIIIIIIIII
DDDDDDWWIIIIIIIIIIIIIIIIIIIIIIIIIIIIIIIIIIIIIIIIIIIIIIIIIIIIIIIIIIIIIIIIIIIIIIII
DDDDDDIIIIIIIIIIIIIIIIIIIIIIIIIIIIIIIIIIIIIIIIIIIIIIIIIIIIIIIIIIIIIIIIIIIIIIIIII
DDDDDDIIIIIIIIIIIIIIIIIIIIIIIIIIIIIIIIIIIIIIIIIIIIIIIIIIIIIIIIIIIIIIIIIIIIIIIIII
DDDDDDIIIIIIIIIIIIIIIIIIIIIIIIIIIIIIIIIIIIIIIIIIIIIIIIIIIIIIIIIIIIIIIIIIIIIIIIII
DDDDDDIIIIIIIIIIIIIIIIIIIIIIIIIIIIIIIIIIIIIIIIIIIIIIIIIIIIIIIIIIIIIIIIIIIIIIIIII
DDDDDDIIIIIIIIIIIIIIIIIIIIIIIIIIIIIIIIIIIIIIIIIIIIIIIIIIIIIIIIIIIIIIIIIIIIIIIIII
DDDDDDIIIIIIIIIIIIIIIIIIIIIIIIIIIIIIIIIIIIIIIIIIIIIIIIIIIIIIIIIIIIIIIIIIIIIIIIII
DDDDDDIIIIIIIIIIIIIIIIIIIIIIIIIIIIIIIIIIIIIIIIIIIIIIIIIIIIIIIIIIIIIIIIIIIIIIIIII
XXXIIIIIIIIIIIIIIIIIIIIIIIIIIIIIIIIIIIIIIIIIIIIIIIIIIIIIIIIIIIIIIIIIIIIIIIIIIIII
--- legend
A fg=#24292f bg=#dbeafe attrs=b---------
B fg=#0550ae bg=#eef1f4 attrs=b---------
C fg=#6a737d bg=#eef1f4 attrs=----------
D fg=#8c959f bg=#ffffff attrs=----------
E fg=#24292f bg=#ffffff attrs=b---------
F fg=#cf222e bg=#ffffff attrs=----------
G fg=#0a3069 bg=#ffffff attrs=----------
H fg=#6a737d bg=#ffffff attrs=--i-------
I fg=#24292f bg=#ffffff attrs=----------
J fg=#8250df bg=#ffffff attrs=--i-------
K fg=#0550ae bg=#ffffff attrs=----------
L fg=#9a6700 bg=#ffffff attrs=b---------
M fg=#57606a bg=#ffffff attrs=--i-------
N fg=#9a6700 bg=#ffffff attrs=----------
O fg=#cf222e bg=#ffffff attrs=--i-------
P fg=#953800 bg=#ffffff attrs=----------
Q fg=#57606a bg=#ffffff attrs=----------
R fg=#8250df bg=#ffffff attrs=----------
S fg=#953800 bg=#ffffff attrs=--i-------
T fg=#cf222e bg=#ffffff attrs=b---------
U fg=#1b7c83 bg=#ffffff attrs=----------
V fg=#0550ae bg=#ffffff attrs=b---------
W fg=#a40e26 bg=#ffffff attrs=b---c-----
X fg=#ffffff bg=#0550ae attrs=----------
