# yew pty golden v1
size 80x24 alt=1 cursor=0,6 vis=1
modes 2004,1002,1006,1004 kitty=21 sync_pairs=n/a
--- text
    1 #include <vector> // header                                               
    1 #include "local.hpp"                                                      
    2 #if defined(FLAG) && 12                                                   
    3 "macro" /* TODO */                                                        
    4 #endif                                                                    
    5 #define VALUE defined(OTHER) + 1 + "x" /* macro */ // tail                
    6 /// API docs                                                              
    7 /* FIXME block */                                                         
    8 [[outer::tag([[nested]])]] class Box {};                                  
    9 template<typename T> concept Sized = requires(T x) { x.size(); };         
   10 constexpr unsigned long value = 0xCA'FEuLL + 0b1010;                      
   11 bool f(char c, const char *s) { return c == '\n' && s != nullptr && true; 
   12 auto nested = std::vector<std::vector<int>>{};                            
   13 int ops = value++ + --value; // comment                                   
   14 */                                                                        
   15                                                                           
                                                                                
                                                                                
                                                                                
                                                                                
                                                                                
                                                                                
                                                                                
 L  01-kitchen.cpp                                           utf-8  lf  1:1  all
--- style
AAAABACCCCCCCCCDDDDDDDDCEEEEEEEEEFFFFFFFFFFFFFFFFFFFFFFFFFFFFFFFFFFFFFFFFFFFFFFF
AAAAAACCCCCCCCCDDDDDDDDDDDFFFFFFFFFFFFFFFFFFFFFFFFFFFFFFFFFFFFFFFFFFFFFFFFFFFFFF
AAAAAACCCCGGGGGGGCCCCCCCCCCHHFFFFFFFFFFFFFFFFFFFFFFFFFFFFFFFFFFFFFFFFFFFFFFFFFFF
AAAAAADDDDDDDFEEEIIIIEEEFFFFFFFFFFFFFFFFFFFFFFFFFFFFFFFFFFFFFFFFFFFFFFFFFFFFFFFF
AAAAAACCCCCCFFFFFFFFFFFFFFFFFFFFFFFFFFFFFFFFFFFFFFFFFFFFFFFFFFFFFFFFFFFFFFFFFFFF
AAAAAACCCCCCCCCCCCCCGGGGGGGCCCCCCCCCCHCCCDDDCEEEEEEEEEEECEEEEEEEFFFFFFFFFFFFFFFF
AAAAAAJJJJJJJJJJJJFFFFFFFFFFFFFFFFFFFFFFFFFFFFFFFFFFFFFFFFFFFFFFFFFFFFFFFFFFFFFF
AAAAAAEEEIIIIIEEEEEEEEEFFFFFFFFFFFFFFFFFFFFFFFFFFFFFFFFFFFFFFFFFFFFFFFFFFFFFFFFF
AAAAAAKKKKKKKKKKKKKKKKKKKKKKKKKKFLLLLLLMMMFNNNFFFFFFFFFFFFFFFFFFFFFFFFFFFFFFFFFF
AAAAAALLLLLLLLHLLLLLLLLLMHFLLLLLLLLMMMMMFHFLLLLLLLLNFFFNFNFFNOOOONNNFNNFFFFFFFFF
AAAAAALLLLLLLLLFPPPPPPPPFPPPPFFFFFFFHFHHHHHHHHHHFHFHHHHHHNFFFFFFFFFFFFFFFFFFFFFF
AAAAAAPPPPFONPPPPFFNFLLLLLFPPPPFHFNFNFQQQQQQFFFHHFDRRDFHHFFFHHFSSSSSSSFHHFSSSSNF
AAAAAALLLLFFFFFFFFHFFFFHHFFFFFFHFFFHHFFFFFFHPPPHHNNNFFFFFFFFFFFFFFFFFFFFFFFFFFFF
AAAAAAPPPFFFFFHFFFFFFHHFHFHHFFFFFNFEEEEEEEEEEFFFFFFFFFFFFFFFFFFFFFFFFFFFFFFFFFFF
AAAAAATTFFFFFFFFFFFFFFFFFFFFFFFFFFFFFFFFFFFFFFFFFFFFFFFFFFFFFFFFFFFFFFFFFFFFFFFF
AAAAAAFFFFFFFFFFFFFFFFFFFFFFFFFFFFFFFFFFFFFFFFFFFFFFFFFFFFFFFFFFFFFFFFFFFFFFFFFF
AAAAAAFFFFFFFFFFFFFFFFFFFFFFFFFFFFFFFFFFFFFFFFFFFFFFFFFFFFFFFFFFFFFFFFFFFFFFFFFF
AAAAAAFFFFFFFFFFFFFFFFFFFFFFFFFFFFFFFFFFFFFFFFFFFFFFFFFFFFFFFFFFFFFFFFFFFFFFFFFF
AAAAAAFFFFFFFFFFFFFFFFFFFFFFFFFFFFFFFFFFFFFFFFFFFFFFFFFFFFFFFFFFFFFFFFFFFFFFFFFF
AAAAAAFFFFFFFFFFFFFFFFFFFFFFFFFFFFFFFFFFFFFFFFFFFFFFFFFFFFFFFFFFFFFFFFFFFFFFFFFF
AAAAAAFFFFFFFFFFFFFFFFFFFFFFFFFFFFFFFFFFFFFFFFFFFFFFFFFFFFFFFFFFFFFFFFFFFFFFFFFF
AAAAAAFFFFFFFFFFFFFFFFFFFFFFFFFFFFFFFFFFFFFFFFFFFFFFFFFFFFFFFFFFFFFFFFFFFFFFFFFF
AAAAAAFFFFFFFFFFFFFFFFFFFFFFFFFFFFFFFFFFFFFFFFFFFFFFFFFFFFFFFFFFFFFFFFFFFFFFFFFF
UUUFFFFFFFFFFFFFFFFFFFFFFFFFFFFFFFFFFFFFFFFFFFFFFFFFFFFFFFFFFFFFFFFFFFFFFFFFFFFF
--- legend
A fg=#8c959f bg=#ffffff attrs=----------
B fg=#24292f bg=#ffffff attrs=b---------
C fg=#cf222e bg=#ffffff attrs=----------
D fg=#0a3069 bg=#ffffff attrs=----------
E fg=#6a737d bg=#ffffff attrs=--i-------
F fg=#24292f bg=#ffffff attrs=----------
G fg=#8250df bg=#ffffff attrs=--i-------
H fg=#0550ae bg=#ffffff attrs=----------
I fg=#9a6700 bg=#ffffff attrs=b---------
J fg=#57606a bg=#ffffff attrs=--i-------
K fg=#9a6700 bg=#ffffff attrs=----------
L fg=#cf222e bg=#ffffff attrs=--i-------
M fg=#953800 bg=#ffffff attrs=----------
N fg=#57606a bg=#ffffff attrs=----------
O fg=#8250df bg=#ffffff attrs=----------
P fg=#953800 bg=#ffffff attrs=--i-------
Q fg=#cf222e bg=#ffffff attrs=b---------
R fg=#1b7c83 bg=#ffffff attrs=----------
S fg=#0550ae bg=#ffffff attrs=b---------
T fg=#a40e26 bg=#ffffff attrs=b---c-----
U fg=#ffffff bg=#0550ae attrs=----------
