# yew pty golden v1
size 80x24 alt=1 cursor=1,6 vis=1
modes 2004,1002,1006,1004 kitty=21 sync_pairs=n/a
--- text
 1 01-kitchen.tf  +                                                             
    1 # Terraform-shaped kitchen sink.                                          
    1 terraform { required_version = ">= 1.6" }                                 
    2 resource "demo_widget" "main" {                                           
    3   enabled = true                                                          
    4   empty = null                                                            
    5   count = 0x2a + 3.5e-2                                                   
    6   choice = flag ? "yes" : "no"                                            
    7   rule = for item in values : item if item != 0                           
    8   tags = { owner = "ops" }                                                
    9 }                                                                         
   10 /* TODO: keep the provider pin                                            
   11    FIXME before release */                                                
   12                                                                           
                                                                                
                                                                                
                                                                                
                                                                                
                                                                                
                                                                                
                                                                                
                                                                                
                                                                                
 L  01-kitchen.tf                                            utf-8  lf  1:1  all
--- style
AAAAAAAAAAAAAAAAABBBCCCCCCCCCCCCCCCCCCCCCCCCCCCCCCCCCCCCCCCCCCCCCCCCCCCCCCCCCCCC
DDDDEDFFFFFFFFFFFFFFFFFFFFFFFFFFFFFFFFGGGGGGGGGGGGGGGGGGGGGGGGGGGGGGGGGGGGGGGGGG
DDDDDDHHHHHHHHHGIGJJJJJJJJJJJJJJJJGKGLLLLLLLLGIGGGGGGGGGGGGGGGGGGGGGGGGGGGGGGGGG
DDDDDDHHHHHHHHGLLLLLLLLLLLLLGLLLLLLGIGGGGGGGGGGGGGGGGGGGGGGGGGGGGGGGGGGGGGGGGGGG
DDDDDDGGJJJJJJJGKGMMMMGGGGGGGGGGGGGGGGGGGGGGGGGGGGGGGGGGGGGGGGGGGGGGGGGGGGGGGGGG
DDDDDDGGJJJJJGKGMMMMGGGGGGGGGGGGGGGGGGGGGGGGGGGGGGGGGGGGGGGGGGGGGGGGGGGGGGGGGGGG
DDDDDDGGJJJJJGKGKKKKGKGKKKKKKGGGGGGGGGGGGGGGGGGGGGGGGGGGGGGGGGGGGGGGGGGGGGGGGGGG
DDDDDDGGJJJJJJGKGGGGGGIGLLLLLGIGLLLLGGGGGGGGGGGGGGGGGGGGGGGGGGGGGGGGGGGGGGGGGGGG
DDDDDDGGJJJJGKGNNNGGGGGGNNGGGGGGGGIGGGGGGNNGGGGGGKKGKGGGGGGGGGGGGGGGGGGGGGGGGGGG
DDDDDDGGJJJJGKGIGJJJJJGKGLLLLLGIGGGGGGGGGGGGGGGGGGGGGGGGGGGGGGGGGGGGGGGGGGGGGGGG
DDDDDDIGGGGGGGGGGGGGGGGGGGGGGGGGGGGGGGGGGGGGGGGGGGGGGGGGGGGGGGGGGGGGGGGGGGGGGGGG
DDDDDDFFFOOOOFFFFFFFFFFFFFFFFFFFFFFFGGGGGGGGGGGGGGGGGGGGGGGGGGGGGGGGGGGGGGGGGGGG
DDDDDDFFFOOOOOFFFFFFFFFFFFFFFFFFGGGGGGGGGGGGGGGGGGGGGGGGGGGGGGGGGGGGGGGGGGGGGGGG
DDDDDDGGGGGGGGGGGGGGGGGGGGGGGGGGGGGGGGGGGGGGGGGGGGGGGGGGGGGGGGGGGGGGGGGGGGGGGGGG
DDDDDDGGGGGGGGGGGGGGGGGGGGGGGGGGGGGGGGGGGGGGGGGGGGGGGGGGGGGGGGGGGGGGGGGGGGGGGGGG
DDDDDDGGGGGGGGGGGGGGGGGGGGGGGGGGGGGGGGGGGGGGGGGGGGGGGGGGGGGGGGGGGGGGGGGGGGGGGGGG
DDDDDDGGGGGGGGGGGGGGGGGGGGGGGGGGGGGGGGGGGGGGGGGGGGGGGGGGGGGGGGGGGGGGGGGGGGGGGGGG
DDDDDDGGGGGGGGGGGGGGGGGGGGGGGGGGGGGGGGGGGGGGGGGGGGGGGGGGGGGGGGGGGGGGGGGGGGGGGGGG
DDDDDDGGGGGGGGGGGGGGGGGGGGGGGGGGGGGGGGGGGGGGGGGGGGGGGGGGGGGGGGGGGGGGGGGGGGGGGGGG
DDDDDDGGGGGGGGGGGGGGGGGGGGGGGGGGGGGGGGGGGGGGGGGGGGGGGGGGGGGGGGGGGGGGGGGGGGGGGGGG
DDDDDDGGGGGGGGGGGGGGGGGGGGGGGGGGGGGGGGGGGGGGGGGGGGGGGGGGGGGGGGGGGGGGGGGGGGGGGGGG
DDDDDDGGGGGGGGGGGGGGGGGGGGGGGGGGGGGGGGGGGGGGGGGGGGGGGGGGGGGGGGGGGGGGGGGGGGGGGGGG
DDDDDDGGGGGGGGGGGGGGGGGGGGGGGGGGGGGGGGGGGGGGGGGGGGGGGGGGGGGGGGGGGGGGGGGGGGGGGGGG
PPPGGGGGGGGGGGGGGGGGGGGGGGGGGGGGGGGGGGGGGGGGGGGGGGGGGGGGGGGGGGGGGGGGGGGGGGGGGGGG
--- legend
A fg=idx:235 bg=idx:189 attrs=b---------
B fg=idx:25 bg=idx:255 attrs=b---------
C fg=idx:243 bg=idx:255 attrs=----------
D fg=idx:246 bg=idx:231 attrs=----------
E fg=idx:235 bg=idx:231 attrs=b---------
F fg=idx:243 bg=idx:231 attrs=--i-------
G fg=idx:235 bg=idx:231 attrs=----------
H fg=idx:160 bg=idx:231 attrs=--i-------
I fg=idx:241 bg=idx:231 attrs=----------
J fg=idx:22 bg=idx:231 attrs=----------
K fg=idx:25 bg=idx:231 attrs=----------
L fg=idx:23 bg=idx:231 attrs=----------
M fg=idx:25 bg=idx:231 attrs=b---------
N fg=idx:160 bg=idx:231 attrs=b---------
O fg=idx:94 bg=idx:231 attrs=b---------
P fg=idx:231 bg=idx:25 attrs=----------
