# yew pty golden v1
size 80x24 alt=1 cursor=0,6 vis=1
modes 2004,1002,1006,1004 kitty=21 sync_pairs=n/a
--- text
    1 @sealed                                                                   
    1 export declare abstract class Box<T extends object> implements Readonly<T>
    2     public readonly value: T;                                             
    3     protected accessor count: number;                                     
    4     private method<U>(arg: U): U { return arg satisfies U as const; }     
    5 }                                                                         
    6 interface Shape { area: number }                                          
    7 type Choice = string | number;                                            
    8 enum Kind { One, Two }                                                    
    9 namespace Space { export const value = /x+/g; }                           
   10 const nested = `a${`b${{c: /x/.test("x")}}`}`;                            
   11 let div = value / 2;                                                      
   12 if (value) /knownWrong/.test(value);                                      
   13 /* TODO */                                                                
   14 .;                                                                        
   15                                                                           
                                                                                
                                                                                
                                                                                
                                                                                
                                                                                
                                                                                
                                                                                
 L  10-kitchen.ts                                            utf-8  lf  1:1  all
--- style
AAAABACCCCCCCDDDDDDDDDDDDDDDDDDDDDDDDDDDDDDDDDDDDDDDDDDDDDDDDDDDDDDDDDDDDDDDDDDD
AAAAAAEEEEEEDEEEEEEEDEEEEEEEEDEEEEEDFFFFFFFFFFFFFFFFFFFFFDEEEEEEEEEEDFFFFFFFFFFF
AAAAAADDDDEEEEEEDEEEEEEEEDDDDDDGDFGDDDDDDDDDDDDDDDDDDDDDDDDDDDDDDDDDDDDDDDDDDDDD
AAAAAADDDDEEEEEEEEEDEEEEEEEEDDDDDDGDHHHHHHGDDDDDDDDDDDDDDDDDDDDDDDDDDDDDDDDDDDDD
AAAAAADDDDEEEEEEEDDDDDDDFFFGDDDGDFGGDFDGDIIIIIIDDDDDJJJJJJJJJDFDJJDEEEEEGDGDDDDD
AAAAAAGDDDDDDDDDDDDDDDDDDDDDDDDDDDDDDDDDDDDDDDDDDDDDDDDDDDDDDDDDDDDDDDDDDDDDDDDD
AAAAAAEEEEEEEEEDFFFFFDGDDDDDGDHHHHHHDGDDDDDDDDDDDDDDDDDDDDDDDDDDDDDDDDDDDDDDDDDD
AAAAAAEEEEDFFFFFFDJDHHHHHHDJDHHHHHHGDDDDDDDDDDDDDDDDDDDDDDDDDDDDDDDDDDDDDDDDDDDD
AAAAAAEEEEDFFFFDGDFFFGDFFFDGDDDDDDDDDDDDDDDDDDDDDDDDDDDDDDDDDDDDDDDDDDDDDDDDDDDD
AAAAAAEEEEEEEEEDFFFFFDGDEEEEEEDEEEEEDDDDDDDJDKKKKKGDGDDDDDDDDDDDDDDDDDDDDDDDDDDD
AAAAAAEEEEEDDDDDDDDJDLLMMLLMMGDGDKKKNNNNNGLLLGGMLMLGDDDDDDDDDDDDDDDDDDDDDDDDDDDD
AAAAAAEEEDDDDDJDDDDDDDJDJGDDDDDDDDDDDDDDDDDDDDDDDDDDDDDDDDDDDDDDDDDDDDDDDDDDDDDD
AAAAAAIIDGDDDDDGDJDDDDDDDDDDJNNNNNGDDDDDGGDDDDDDDDDDDDDDDDDDDDDDDDDDDDDDDDDDDDDD
AAAAAAOOOPPPPOOODDDDDDDDDDDDDDDDDDDDDDDDDDDDDDDDDDDDDDDDDDDDDDDDDDDDDDDDDDDDDDDD
AAAAAAGGDDDDDDDDDDDDDDDDDDDDDDDDDDDDDDDDDDDDDDDDDDDDDDDDDDDDDDDDDDDDDDDDDDDDDDDD
AAAAAADDDDDDDDDDDDDDDDDDDDDDDDDDDDDDDDDDDDDDDDDDDDDDDDDDDDDDDDDDDDDDDDDDDDDDDDDD
AAAAAADDDDDDDDDDDDDDDDDDDDDDDDDDDDDDDDDDDDDDDDDDDDDDDDDDDDDDDDDDDDDDDDDDDDDDDDDD
AAAAAADDDDDDDDDDDDDDDDDDDDDDDDDDDDDDDDDDDDDDDDDDDDDDDDDDDDDDDDDDDDDDDDDDDDDDDDDD
AAAAAADDDDDDDDDDDDDDDDDDDDDDDDDDDDDDDDDDDDDDDDDDDDDDDDDDDDDDDDDDDDDDDDDDDDDDDDDD
AAAAAADDDDDDDDDDDDDDDDDDDDDDDDDDDDDDDDDDDDDDDDDDDDDDDDDDDDDDDDDDDDDDDDDDDDDDDDDD
AAAAAADDDDDDDDDDDDDDDDDDDDDDDDDDDDDDDDDDDDDDDDDDDDDDDDDDDDDDDDDDDDDDDDDDDDDDDDDD
AAAAAADDDDDDDDDDDDDDDDDDDDDDDDDDDDDDDDDDDDDDDDDDDDDDDDDDDDDDDDDDDDDDDDDDDDDDDDDD
AAAAAADDDDDDDDDDDDDDDDDDDDDDDDDDDDDDDDDDDDDDDDDDDDDDDDDDDDDDDDDDDDDDDDDDDDDDDDDD
QQQDDDDDDDDDDDDDDDDDDDDDDDDDDDDDDDDDDDDDDDDDDDDDDDDDDDDDDDDDDDDDDDDDDDDDDDDDDDDD
--- legend
A fg=#8c959f bg=#ffffff attrs=----------
B fg=#24292f bg=#ffffff attrs=b---------
C fg=#9a6700 bg=#ffffff attrs=----------
D fg=#24292f bg=#ffffff attrs=----------
E fg=#cf222e bg=#ffffff attrs=--i-------
F fg=#953800 bg=#ffffff attrs=----------
G fg=#57606a bg=#ffffff attrs=----------
H fg=#953800 bg=#ffffff attrs=--i-------
I fg=#cf222e bg=#ffffff attrs=b---------
J fg=#0550ae bg=#ffffff attrs=----------
K fg=#0a3069 bg=#ffffff attrs=--i-------
L fg=#0a3069 bg=#ffffff attrs=----------
M fg=#bf3989 bg=#ffffff attrs=----------
N fg=#8250df bg=#ffffff attrs=----------
O fg=#6a737d bg=#ffffff attrs=--i-------
P fg=#9a6700 bg=#ffffff attrs=b---------
Q fg=#ffffff bg=#0550ae attrs=----------
