# yew pty golden v1
size 80x24 alt=1 cursor=0,6 vis=1
modes 2004,1002,1006,1004 kitty=21 sync_pairs=n/a
--- text
    1 # TOML kitchen                                                            
    1 [owner.profile."quoted name"]                                             
    2 name = "Tom \"D\"\n"                                                      
    3 literal = 'C:\path\n'                                                     
    4 multiline = """first                                                      
    5 second \n \q \                                                            
    6   joined                                                                  
    7 third"""                                                                  
    8 multiliteral = '''first                                                   
    9 C:\path\n                                                                 
   10 third'''                                                                  
   11 when_offset = 1979-05-27T07:32:00.999999-07:00                            
   12 when_z = 1979-05-27t07:32:00Z                                             
   13 when_local = 1979-05-27 07:32:00                                          
   14 date = 1979-05-27                                                         
   15 time = 07:32:00.5                                                         
   16 nums = [1_000, 0xff, 0o755, 0b1010, 1.2e-3, inf, -nan]                    
   17 enabled = true                                                            
   18 inline = { dotted.key = false }                                           
   19 bad = "\q"                                                                
   20                                                                           
   21 [[products.tools]]                                                        
   22 name = "hammer"                                                           
 L  01-kitchen.toml                                          utf-8  lf  1:1  top
--- style
AAAABACCCCCCCCCCCCCCDDDDDDDDDDDDDDDDDDDDDDDDDDDDDDDDDDDDDDDDDDDDDDDDDDDDDDDDDDDD
AAAAAAEFFFFFEFFFFFFFEFFFFFFFFFFFFFEDDDDDDDDDDDDDDDDDDDDDDDDDDDDDDDDDDDDDDDDDDDDD
AAAAAAGGGGDHDIIIIIHHIHHHHIDDDDDDDDDDDDDDDDDDDDDDDDDDDDDDDDDDDDDDDDDDDDDDDDDDDDDD
AAAAAAGGGGGGGDHDIIIIIIIIIIIDDDDDDDDDDDDDDDDDDDDDDDDDDDDDDDDDDDDDDDDDDDDDDDDDDDDD
AAAAAAGGGGGGGGGDHDIIIIIIIIDDDDDDDDDDDDDDDDDDDDDDDDDDDDDDDDDDDDDDDDDDDDDDDDDDDDDD
AAAAAAIIIIIIIHHIJJIHDDDDDDDDDDDDDDDDDDDDDDDDDDDDDDDDDDDDDDDDDDDDDDDDDDDDDDDDDDDD
AAAAAAIIIIIIIIDDDDDDDDDDDDDDDDDDDDDDDDDDDDDDDDDDDDDDDDDDDDDDDDDDDDDDDDDDDDDDDDDD
AAAAAAIIIIIIIIDDDDDDDDDDDDDDDDDDDDDDDDDDDDDDDDDDDDDDDDDDDDDDDDDDDDDDDDDDDDDDDDDD
AAAAAAGGGGGGGGGGGGDHDIIIIIIIIDDDDDDDDDDDDDDDDDDDDDDDDDDDDDDDDDDDDDDDDDDDDDDDDDDD
AAAAAAIIIIIIIIIDDDDDDDDDDDDDDDDDDDDDDDDDDDDDDDDDDDDDDDDDDDDDDDDDDDDDDDDDDDDDDDDD
AAAAAAIIIIIIIIDDDDDDDDDDDDDDDDDDDDDDDDDDDDDDDDDDDDDDDDDDDDDDDDDDDDDDDDDDDDDDDDDD
AAAAAAGGGGGGGGGGGDHDKKKKKKKKKKKKKKKKKKKKKKKKKKKKKKKKDDDDDDDDDDDDDDDDDDDDDDDDDDDD
AAAAAAGGGGGGDHDKKKKKKKKKKKKKKKKKKKKDDDDDDDDDDDDDDDDDDDDDDDDDDDDDDDDDDDDDDDDDDDDD
AAAAAAGGGGGGGGGGDHDKKKKKKKKKKKKKKKKKKKDDDDDDDDDDDDDDDDDDDDDDDDDDDDDDDDDDDDDDDDDD
AAAAAAGGGGDHDKKKKKKKKKKDDDDDDDDDDDDDDDDDDDDDDDDDDDDDDDDDDDDDDDDDDDDDDDDDDDDDDDDD
AAAAAAGGGGDHDKKKKKKKKKKDDDDDDDDDDDDDDDDDDDDDDDDDDDDDDDDDDDDDDDDDDDDDDDDDDDDDDDDD
AAAAAAGGGGDHDEKKKKKEDKKKKEDKKKKKEDKKKKKKEDKKKKKKEDKKKEDKKKKEDDDDDDDDDDDDDDDDDDDD
AAAAAAGGGGGGGDHDLLLLDDDDDDDDDDDDDDDDDDDDDDDDDDDDDDDDDDDDDDDDDDDDDDDDDDDDDDDDDDDD
AAAAAAGGGGGGDHDEDDDDDDDEDDDDHDLLLLLDEDDDDDDDDDDDDDDDDDDDDDDDDDDDDDDDDDDDDDDDDDDD
AAAAAAGGGDHDIJJIDDDDDDDDDDDDDDDDDDDDDDDDDDDDDDDDDDDDDDDDDDDDDDDDDDDDDDDDDDDDDDDD
AAAAAADDDDDDDDDDDDDDDDDDDDDDDDDDDDDDDDDDDDDDDDDDDDDDDDDDDDDDDDDDDDDDDDDDDDDDDDDD
AAAAAAEEFFFFFFFFEFFFFFEEDDDDDDDDDDDDDDDDDDDDDDDDDDDDDDDDDDDDDDDDDDDDDDDDDDDDDDDD
AAAAAAGGGGDHDIIIIIIIIDDDDDDDDDDDDDDDDDDDDDDDDDDDDDDDDDDDDDDDDDDDDDDDDDDDDDDDDDDD
MMMDDDDDDDDDDDDDDDDDDDDDDDDDDDDDDDDDDDDDDDDDDDDDDDDDDDDDDDDDDDDDDDDDDDDDDDDDDDDD
--- legend
A fg=#4b5263 bg=#12141a attrs=----------
B fg=#c8ccd4 bg=#12141a attrs=b---------
C fg=#5c6370 bg=#12141a attrs=--i-------
D fg=#c8ccd4 bg=#12141a attrs=----------
E fg=#9aa0aa bg=#12141a attrs=----------
F fg=#e5c07b bg=#12141a attrs=----------
G fg=#e06c75 bg=#12141a attrs=----------
H fg=#56b6c2 bg=#12141a attrs=----------
I fg=#98c379 bg=#12141a attrs=----------
J fg=#ff5f5f bg=#12141a attrs=b---c-----
K fg=#d19a66 bg=#12141a attrs=----------
L fg=#d19a66 bg=#12141a attrs=b---------
M fg=#12141a bg=#61afef attrs=----------
