# yew pty golden v1
size 80x24 alt=1 cursor=1,6 vis=1
modes 2004,1002,1006,1004 kitty=21 sync_pairs=n/a
--- text
 1 01-kitchen.tf  +                                                             
    1 # Terraform-shaped kitchen sink.                                          
    1 terraform { required_version = ">= 1.6" }                                 
    2 resource "demo_widget" "main" {                                           
    3   enabled = true                                                          
    4   empty = null                                                            
    5   count = 0x2a + 3.5e-2                                                   
    6   choice = flag ? "yes" : "no"                                            
    7   rule = for item in values : item if item != 0                           
    8   tags = { owner = "ops" }                                                
    9 }                                                                         
   10 /* TODO: keep the provider pin                                            
   11    FIXME before release */                                                
   12                                                                           
                                                                                
                                                                                
                                                                                
                                                                                
                                                                                
                                                                                
                                                                                
                                                                                
                                                                                
 L  01-kitchen.tf                                            utf-8  lf  1:1  all
--- style
AAAAAAAAAAAAAAAAABBBCCCCCCCCCCCCCCCCCCCCCCCCCCCCCCCCCCCCCCCCCCCCCCCCCCCCCCCCCCCC
DDDDEDFFFFFFFFFFFFFFFFFFFFFFFFFFFFFFFFGGGGGGGGGGGGGGGGGGGGGGGGGGGGGGGGGGGGGGGGGG
DDDDDDHHHHHHHHHGIGJJJJJJJJJJJJJJJJGKGLLLLLLLLGIGGGGGGGGGGGGGGGGGGGGGGGGGGGGGGGGG
DDDDDDHHHHHHHHGLLLLLLLLLLLLLGLLLLLLGIGGGGGGGGGGGGGGGGGGGGGGGGGGGGGGGGGGGGGGGGGGG
DDDDDDGGJJJJJJJGKGMMMMGGGGGGGGGGGGGGGGGGGGGGGGGGGGGGGGGGGGGGGGGGGGGGGGGGGGGGGGGG
DDDDDDGGJJJJJGKGMMMMGGGGGGGGGGGGGGGGGGGGGGGGGGGGGGGGGGGGGGGGGGGGGGGGGGGGGGGGGGGG
DDDDDDGGJJJJJGKGKKKKGKGKKKKKKGGGGGGGGGGGGGGGGGGGGGGGGGGGGGGGGGGGGGGGGGGGGGGGGGGG
DDDDDDGGJJJJJJGKGGGGGGIGLLLLLGIGLLLLGGGGGGGGGGGGGGGGGGGGGGGGGGGGGGGGGGGGGGGGGGGG
DDDDDDGGJJJJGKGNNNGGGGGGNNGGGGGGGGIGGGGGGNNGGGGGGKKGKGGGGGGGGGGGGGGGGGGGGGGGGGGG
DDDDDDGGJJJJGKGIGJJJJJGKGLLLLLGIGGGGGGGGGGGGGGGGGGGGGGGGGGGGGGGGGGGGGGGGGGGGGGGG
DDDDDDIGGGGGGGGGGGGGGGGGGGGGGGGGGGGGGGGGGGGGGGGGGGGGGGGGGGGGGGGGGGGGGGGGGGGGGGGG
DDDDDDFFFOOOOFFFFFFFFFFFFFFFFFFFFFFFGGGGGGGGGGGGGGGGGGGGGGGGGGGGGGGGGGGGGGGGGGGG
DDDDDDFFFOOOOOFFFFFFFFFFFFFFFFFFGGGGGGGGGGGGGGGGGGGGGGGGGGGGGGGGGGGGGGGGGGGGGGGG
DDDDDDGGGGGGGGGGGGGGGGGGGGGGGGGGGGGGGGGGGGGGGGGGGGGGGGGGGGGGGGGGGGGGGGGGGGGGGGGG
DDDDDDGGGGGGGGGGGGGGGGGGGGGGGGGGGGGGGGGGGGGGGGGGGGGGGGGGGGGGGGGGGGGGGGGGGGGGGGGG
DDDDDDGGGGGGGGGGGGGGGGGGGGGGGGGGGGGGGGGGGGGGGGGGGGGGGGGGGGGGGGGGGGGGGGGGGGGGGGGG
DDDDDDGGGGGGGGGGGGGGGGGGGGGGGGGGGGGGGGGGGGGGGGGGGGGGGGGGGGGGGGGGGGGGGGGGGGGGGGGG
DDDDDDGGGGGGGGGGGGGGGGGGGGGGGGGGGGGGGGGGGGGGGGGGGGGGGGGGGGGGGGGGGGGGGGGGGGGGGGGG
DDDDDDGGGGGGGGGGGGGGGGGGGGGGGGGGGGGGGGGGGGGGGGGGGGGGGGGGGGGGGGGGGGGGGGGGGGGGGGGG
DDDDDDGGGGGGGGGGGGGGGGGGGGGGGGGGGGGGGGGGGGGGGGGGGGGGGGGGGGGGGGGGGGGGGGGGGGGGGGGG
DDDDDDGGGGGGGGGGGGGGGGGGGGGGGGGGGGGGGGGGGGGGGGGGGGGGGGGGGGGGGGGGGGGGGGGGGGGGGGGG
DDDDDDGGGGGGGGGGGGGGGGGGGGGGGGGGGGGGGGGGGGGGGGGGGGGGGGGGGGGGGGGGGGGGGGGGGGGGGGGG
DDDDDDGGGGGGGGGGGGGGGGGGGGGGGGGGGGGGGGGGGGGGGGGGGGGGGGGGGGGGGGGGGGGGGGGGGGGGGGGG
PPPGGGGGGGGGGGGGGGGGGGGGGGGGGGGGGGGGGGGGGGGGGGGGGGGGGGGGGGGGGGGGGGGGGGGGGGGGGGGG
--- legend
A fg=#24292f bg=#dbeafe attrs=b---------
B fg=#0550ae bg=#eef1f4 attrs=b---------
C fg=#6a737d bg=#eef1f4 attrs=----------
D fg=#8c959f bg=#ffffff attrs=----------
E fg=#24292f bg=#ffffff attrs=b---------
F fg=#6a737d bg=#ffffff attrs=--i-------
G fg=#24292f bg=#ffffff attrs=----------
H fg=#cf222e bg=#ffffff attrs=--i-------
I fg=#57606a bg=#ffffff attrs=----------
J fg=#116329 bg=#ffffff attrs=----------
K fg=#0550ae bg=#ffffff attrs=----------
L fg=#0a3069 bg=#ffffff attrs=----------
M fg=#0550ae bg=#ffffff attrs=b---------
N fg=#cf222e bg=#ffffff attrs=b---------
O fg=#9a6700 bg=#ffffff attrs=b---------
P fg=#ffffff bg=#0550ae attrs=----------
