# yew pty golden v1
size 80x24 alt=1 cursor=1,13 vis=1
modes 2004,1002,1006,1004 kitty=21 sync_pairs=n/a
--- text
 1 pty-s14-s43_shadow_ls +                                                      
 l  1 anchorXlanguage_server item                                               
 l    lsp overlay two                                                           
 l    lsp overlay three                                                         
 l    lsp overlay four                                                          
    1 real row two                                                              
    2 real row three                                                            
    3 real row four                                                             
    4 real row five                                                             
    5 real row six                                                              
    6 real row seven                                                            
    7 real row eight                                                            
    8 real row nine                                                             
    9                                                                           
                                                                                
                                                                                
                                                                                
                                                                                
                                                                                
                                                                                
                                                                                
                                                                                
                                                                                
 I  pty-s14-s43_shadow_lsp_truecolor.txt *                   utf-8  lf  1:8  all
--- style
AAAAAAAAAAAAAAAAAAAAAAAABBBCCCCCCCCCCCCCCCCCCCCCCCCCCCCCCCCCCCCCCCCCCCCCCCCCCCCC
DEDDFDGGGGGGGEEEEEEEEEEEEEEEEEEEEGGGGGGGGGGGGGGGGGGGGGGGGGGGGGGGGGGGGGGGGGGGGGGG
GEGGGGEEEEEEEEEEEEEEEGGGGGGGGGGGGGGGGGGGGGGGGGGGGGGGGGGGGGGGGGGGGGGGGGGGGGGGGGGG
GEGGGGEEEEEEEEEEEEEEEEEGGGGGGGGGGGGGGGGGGGGGGGGGGGGGGGGGGGGGGGGGGGGGGGGGGGGGGGGG
GEGGGGEEEEEEEEEEEEEEEEGGGGGGGGGGGGGGGGGGGGGGGGGGGGGGGGGGGGGGGGGGGGGGGGGGGGGGGGGG
DDDDDDGGGGGGGGGGGGGGGGGGGGGGGGGGGGGGGGGGGGGGGGGGGGGGGGGGGGGGGGGGGGGGGGGGGGGGGGGG
DDDDDDGGGGGGGGGGGGGGGGGGGGGGGGGGGGGGGGGGGGGGGGGGGGGGGGGGGGGGGGGGGGGGGGGGGGGGGGGG
DDDDDDGGGGGGGGGGGGGGGGGGGGGGGGGGGGGGGGGGGGGGGGGGGGGGGGGGGGGGGGGGGGGGGGGGGGGGGGGG
DDDDDDGGGGGGGGGGGGGGGGGGGGGGGGGGGGGGGGGGGGGGGGGGGGGGGGGGGGGGGGGGGGGGGGGGGGGGGGGG
DDDDDDGGGGGGGGGGGGGGGGGGGGGGGGGGGGGGGGGGGGGGGGGGGGGGGGGGGGGGGGGGGGGGGGGGGGGGGGGG
DDDDDDGGGGGGGGGGGGGGGGGGGGGGGGGGGGGGGGGGGGGGGGGGGGGGGGGGGGGGGGGGGGGGGGGGGGGGGGGG
DDDDDDGGGGGGGGGGGGGGGGGGGGGGGGGGGGGGGGGGGGGGGGGGGGGGGGGGGGGGGGGGGGGGGGGGGGGGGGGG
DDDDDDGGGGGGGGGGGGGGGGGGGGGGGGGGGGGGGGGGGGGGGGGGGGGGGGGGGGGGGGGGGGGGGGGGGGGGGGGG
DDDDDDGGGGGGGGGGGGGGGGGGGGGGGGGGGGGGGGGGGGGGGGGGGGGGGGGGGGGGGGGGGGGGGGGGGGGGGGGG
DDDDDDGGGGGGGGGGGGGGGGGGGGGGGGGGGGGGGGGGGGGGGGGGGGGGGGGGGGGGGGGGGGGGGGGGGGGGGGGG
DDDDDDGGGGGGGGGGGGGGGGGGGGGGGGGGGGGGGGGGGGGGGGGGGGGGGGGGGGGGGGGGGGGGGGGGGGGGGGGG
DDDDDDGGGGGGGGGGGGGGGGGGGGGGGGGGGGGGGGGGGGGGGGGGGGGGGGGGGGGGGGGGGGGGGGGGGGGGGGGG
DDDDDDGGGGGGGGGGGGGGGGGGGGGGGGGGGGGGGGGGGGGGGGGGGGGGGGGGGGGGGGGGGGGGGGGGGGGGGGGG
DDDDDDGGGGGGGGGGGGGGGGGGGGGGGGGGGGGGGGGGGGGGGGGGGGGGGGGGGGGGGGGGGGGGGGGGGGGGGGGG
DDDDDDGGGGGGGGGGGGGGGGGGGGGGGGGGGGGGGGGGGGGGGGGGGGGGGGGGGGGGGGGGGGGGGGGGGGGGGGGG
DDDDDDGGGGGGGGGGGGGGGGGGGGGGGGGGGGGGGGGGGGGGGGGGGGGGGGGGGGGGGGGGGGGGGGGGGGGGGGGG
DDDDDDGGGGGGGGGGGGGGGGGGGGGGGGGGGGGGGGGGGGGGGGGGGGGGGGGGGGGGGGGGGGGGGGGGGGGGGGGG
DDDDDDGGGGGGGGGGGGGGGGGGGGGGGGGGGGGGGGGGGGGGGGGGGGGGGGGGGGGGGGGGGGGGGGGGGGGGGGGG
HHHGGGGGGGGGGGGGGGGGGGGGGGGGGGGGGGGGGGGGGGGGGGGGGGGGGGGGGGGGGGGGGGGGGGGGGGGGGGGG
--- legend
A fg=#c8ccd4 bg=#2c313a attrs=b---------
B fg=#61afef bg=#1b202a attrs=b---------
C fg=#5c6370 bg=#1b202a attrs=----------
D fg=#4b5263 bg=#12141a attrs=----------
E fg=#c678dd bg=#12141a attrs=-di-------
F fg=#c8ccd4 bg=#12141a attrs=b---------
G fg=#c8ccd4 bg=#12141a attrs=----------
H fg=#12141a bg=#98c379 attrs=----------
--- sgr
\x1b[0;1;38;2;200;204;212;48;2;44;49;58m
\x1b[38;2;97;175;239;48;2;27;32;42m
\x1b[22;38;2;92;99;112m
\x1b[38;2;75;82;99;48;2;18;20;26m
\x1b[1;38;2;200;204;212m
\x1b[22;38;2;75;82;99m
\x1b[38;2;200;204;212m
\x1b[38;2;75;82;99m
\x1b[38;2;200;204;212m
\x1b[38;2;75;82;99m
\x1b[38;2;200;204;212m
\x1b[38;2;75;82;99m
\x1b[38;2;200;204;212m
\x1b[38;2;75;82;99m
\x1b[38;2;200;204;212m
\x1b[38;2;75;82;99m
\x1b[38;2;200;204;212m
\x1b[38;2;75;82;99m
\x1b[38;2;200;204;212m
\x1b[38;2;75;82;99m
\x1b[38;2;200;204;212m
\x1b[38;2;75;82;99m
\x1b[38;2;200;204;212m
\x1b[38;2;75;82;99m
\x1b[38;2;200;204;212m
\x1b[38;2;75;82;99m
\x1b[38;2;200;204;212m
\x1b[38;2;75;82;99m
\x1b[38;2;200;204;212m
\x1b[38;2;75;82;99m
\x1b[38;2;200;204;212m
\x1b[38;2;75;82;99m
\x1b[38;2;200;204;212m
\x1b[38;2;75;82;99m
\x1b[38;2;200;204;212m
\x1b[38;2;75;82;99m
\x1b[38;2;200;204;212m
\x1b[38;2;75;82;99m
\x1b[38;2;200;204;212m
\x1b[38;2;75;82;99m
\x1b[38;2;200;204;212m
\x1b[38;2;75;82;99m
\x1b[38;2;200;204;212m
\x1b[38;2;75;82;99m
\x1b[38;2;200;204;212m
\x1b[38;2;75;82;99m
\x1b[38;2;200;204;212m
\x1b[38;2;75;82;99m
\x1b[38;2;200;204;212m
\x1b[38;2;18;20;26;48;2;97;175;239m
\x1b[38;2;200;204;212;48;2;18;20;26m
\x1b[0;2;38;2;97;175;239;48;2;18;20;26m
\x1b[22;38;2;200;204;212m
\x1b[2;38;2;97;175;239m
\x1b[22;38;2;200;204;212m
\x1b[2;38;2;97;175;239m
\x1b[22;38;2;200;204;212m
\x1b[2;38;2;97;175;239m
\x1b[22;38;2;200;204;212m
\x1b[2;38;2;97;175;239m
\x1b[22;38;2;200;204;212m
\x1b[2;38;2;97;175;239m
\x1b[22;38;2;200;204;212m
\x1b[2;38;2;97;175;239m
\x1b[22;38;2;200;204;212m
\x1b[2;38;2;97;175;239m
\x1b[22;38;2;75;82;99m
\x1b[38;2;200;204;212m
\x1b[38;2;75;82;99m
\x1b[38;2;200;204;212m
\x1b[38;2;75;82;99m
\x1b[38;2;200;204;212m
\x1b[38;2;75;82;99m
\x1b[38;2;200;204;212m
\x1b[38;2;75;82;99m
\x1b[38;2;200;204;212m
\x1b[38;2;75;82;99m
\x1b[38;2;200;204;212m
\x1b[38;2;75;82;99m
\x1b[38;2;200;204;212m
\x1b[38;2;75;82;99m
\x1b[38;2;200;204;212m
\x1b[38;2;75;82;99m
\x1b[38;2;18;20;26;48;2;152;195;121m
\x1b[38;2;200;204;212;48;2;18;20;26m
\x1b[0;2;3;38;2;198;120;221;48;2;18;20;26m
\x1b[22;23;38;2;200;204;212m
\x1b[2;3;38;2;198;120;221m
\x1b[22;23;38;2;200;204;212m
\x1b[2;3;38;2;198;120;221m
\x1b[22;23;38;2;200;204;212m
