# yew pty golden v1
size 32x16 alt=1 cursor=0,27 vis=1
modes 2004,1002,1006,1004 kitty=21 sync_pairs=n/a
--- text
    1                   alp     
    1 +------------------------+
    2 |w alpha_othe            |
      |w alpha_comp            |
      |w alpha_cand            |
      |w DSAG_WITH_            |
      |w cmd_regist            |
      |w FAKECLIP              |
      |w fakeclip              |
      |w block_synt            |
      +------------------------+
      1 of 8   index            
                                
                                
                                
 I git discovery unavailable; u…
--- style
AAAABACCCCCCCCCCCCCCCCCCCCCCCCCC
AAAAAADDDDDDDDDDDDDDDDDDDDDDDDDD
AAAAAADEEFFFEEEEEEEEEEEEEEEEEEED
AAAAAADDDGGGDDDDDDDDDDDDDDDDDDDD
AAAAAADDDGGGDDDDDDDDDDDDDDDDDDDD
AAAAAADDDDDGDDDDDDDDDDDDDDDDDDDD
AAAAAADDDDDDDDDDDDDDDDDDDDDDDDDD
AAAAAADDDDGDDDGDGDDDDDDDDDDDDDDD
AAAAAADDDDGDDDGDGDDDDDDDDDDDDDDD
AAAAAADDDDDDDDDDDDDDDDDDDDDDDDDD
AAAAAADDDDDDDDDDDDDDDDDDDDDDDDDD
AAAAAADDDDDDDDDDDDDDCCCCCCCCCCCC
AAAAAACCCCCCCCCCCCCCCCCCCCCCCCCC
AAAAAACCCCCCCCCCCCCCCCCCCCCCCCCC
AAAAAACCCCCCCCCCCCCCCCCCCCCCCCCC
HHHIIIIIIIIIIIIIIIIIIIIIIIIIIIII
--- legend
A fg=#4b5263 bg=#12141a attrs=----------
B fg=#c8ccd4 bg=#12141a attrs=b---------
C fg=#c8ccd4 bg=#12141a attrs=----------
D fg=#c8ccd4 bg=default attrs=----------
E fg=default bg=#2c313a attrs=----------
F fg=default bg=#2c313a attrs=b---------
G fg=#c8ccd4 bg=default attrs=b---------
H fg=#e1f7e6 bg=#2a9148 attrs=b---------
I fg=#d8eede bg=#12401f attrs=----------
--- sgr
\x1b[0;38;2;75;82;99;48;2;18;20;26m
\x1b[1;38;2;200;204;212m
\x1b[22;38;2;75;82;99m
\x1b[38;2;200;204;212m
\x1b[38;2;75;82;99m
\x1b[38;2;200;204;212m
\x1b[38;2;75;82;99m
\x1b[38;2;200;204;212m
\x1b[38;2;75;82;99m
\x1b[38;2;200;204;212m
\x1b[38;2;75;82;99m
\x1b[38;2;200;204;212m
\x1b[38;2;75;82;99m
\x1b[38;2;200;204;212m
\x1b[38;2;75;82;99m
\x1b[38;2;200;204;212m
\x1b[38;2;75;82;99m
\x1b[38;2;200;204;212m
\x1b[38;2;75;82;99m
\x1b[38;2;200;204;212m
\x1b[38;2;75;82;99m
\x1b[38;2;200;204;212m
\x1b[38;2;75;82;99m
\x1b[38;2;200;204;212m
\x1b[38;2;75;82;99m
\x1b[38;2;200;204;212m
\x1b[38;2;75;82;99m
\x1b[38;2;200;204;212m
\x1b[38;2;75;82;99m
\x1b[38;2;200;204;212m
\x1b[38;2;75;82;99m
\x1b[38;2;200;204;212m
\x1b[1;38;2;235;244;255;48;2;38;110;186m
\x1b[22;38;2;218;229;240;48;2;20;48;76m
\x1b[0;38;2;200;204;212;48;2;18;20;26m
\x1b[49m
\x1b[39;48;2;44;49;58m
\x1b[1m
\x1b[22m
\x1b[38;2;200;204;212;49m
\x1b[1m
\x1b[22m
\x1b[1m
\x1b[22m
\x1b[1m
\x1b[22m
\x1b[1m
\x1b[22m
\x1b[1m
\x1b[22m
\x1b[1m
\x1b[22m
\x1b[1m
\x1b[22m
\x1b[1m
\x1b[22m
\x1b[1m
\x1b[22m
\x1b[1;38;2;225;247;230;48;2;42;145;72m
\x1b[22;38;2;216;238;222;48;2;18;64;31m
