# yew pty golden v1
size 80x24 alt=1 cursor=1,9 vis=1
modes 2004,1002,1006,1004 kitty=21 sync_pairs=n/a
--- text
 1 pty-s14-s44_completio +                                                      
    1 alp                                                                       
    1 +--------------------------------------------------------+                
    2 |w alphaEleven                                           |                
    3 |w alphaTwelve                                           |                
    4 |w alphaFourteen                                         |                
      |w alphaThirteen                                         |                
      |w alphaOne                                              |                
      |w alphaSix                                              |                
      |w alphaTen                                              |                
      |w alphaTwo                                              |                
      |w alphaFive                                             |                
      |w alphaFour                                             |                
      +--------------------------------------------------------+                
      1 of 14   index                                                           
                                                                                
                                                                                
                                                                                
                                                                                
                                                                                
                                                                                
                                                                                
                                                                                
 I no ready LSP server for this buffer; using index completion                  
--- style
AAAAAAAAAAAAAAAAAAAAAAAABBBCCCCCCCCCCCCCCCCCCCCCCCCCCCCCCCCCCCCCCCCCCCCCCCCCCCCC
DDDDEDFFFFFFFFFFFFFFFFFFFFFFFFFFFFFFFFFFFFFFFFFFFFFFFFFFFFFFFFFFFFFFFFFFFFFFFFFF
DDDDDDGGGGGGGGGGGGGGGGGGGGGGGGGGGGGGGGGGGGGGGGGGGGGGGGGGGGGGGGGGFFFFFFFFFFFFFFFF
DDDDDDGHHIIIHHHHHHHHHHHHHHHHHHHHHHHHHHHHHHHHHHHHHHHHHHHHHHHHHHHGFFFFFFFFFFFFFFFF
DDDDDDGGGJJJGGGGGGGGGGGGGGGGGGGGGGGGGGGGGGGGGGGGGGGGGGGGGGGGGGGGFFFFFFFFFFFFFFFF
DDDDDDGGGJJJGGGGGGGGGGGGGGGGGGGGGGGGGGGGGGGGGGGGGGGGGGGGGGGGGGGGFFFFFFFFFFFFFFFF
DDDDDDGGGJJJGGGGGGGGGGGGGGGGGGGGGGGGGGGGGGGGGGGGGGGGGGGGGGGGGGGGFFFFFFFFFFFFFFFF
DDDDDDGGGJJJGGGGGGGGGGGGGGGGGGGGGGGGGGGGGGGGGGGGGGGGGGGGGGGGGGGGFFFFFFFFFFFFFFFF
DDDDDDGGGJJJGGGGGGGGGGGGGGGGGGGGGGGGGGGGGGGGGGGGGGGGGGGGGGGGGGGGFFFFFFFFFFFFFFFF
DDDDDDGGGJJJGGGGGGGGGGGGGGGGGGGGGGGGGGGGGGGGGGGGGGGGGGGGGGGGGGGGFFFFFFFFFFFFFFFF
DDDDDDGGGJJJGGGGGGGGGGGGGGGGGGGGGGGGGGGGGGGGGGGGGGGGGGGGGGGGGGGGFFFFFFFFFFFFFFFF
DDDDDDGGGJJJGGGGGGGGGGGGGGGGGGGGGGGGGGGGGGGGGGGGGGGGGGGGGGGGGGGGFFFFFFFFFFFFFFFF
DDDDDDGGGJJJGGGGGGGGGGGGGGGGGGGGGGGGGGGGGGGGGGGGGGGGGGGGGGGGGGGGFFFFFFFFFFFFFFFF
DDDDDDGGGGGGGGGGGGGGGGGGGGGGGGGGGGGGGGGGGGGGGGGGGGGGGGGGGGGGGGGGFFFFFFFFFFFFFFFF
DDDDDDGGGGGGGGGGGGGGGFFFFFFFFFFFFFFFFFFFFFFFFFFFFFFFFFFFFFFFFFFFFFFFFFFFFFFFFFFF
DDDDDDFFFFFFFFFFFFFFFFFFFFFFFFFFFFFFFFFFFFFFFFFFFFFFFFFFFFFFFFFFFFFFFFFFFFFFFFFF
DDDDDDFFFFFFFFFFFFFFFFFFFFFFFFFFFFFFFFFFFFFFFFFFFFFFFFFFFFFFFFFFFFFFFFFFFFFFFFFF
DDDDDDFFFFFFFFFFFFFFFFFFFFFFFFFFFFFFFFFFFFFFFFFFFFFFFFFFFFFFFFFFFFFFFFFFFFFFFFFF
DDDDDDFFFFFFFFFFFFFFFFFFFFFFFFFFFFFFFFFFFFFFFFFFFFFFFFFFFFFFFFFFFFFFFFFFFFFFFFFF
DDDDDDFFFFFFFFFFFFFFFFFFFFFFFFFFFFFFFFFFFFFFFFFFFFFFFFFFFFFFFFFFFFFFFFFFFFFFFFFF
DDDDDDFFFFFFFFFFFFFFFFFFFFFFFFFFFFFFFFFFFFFFFFFFFFFFFFFFFFFFFFFFFFFFFFFFFFFFFFFF
DDDDDDFFFFFFFFFFFFFFFFFFFFFFFFFFFFFFFFFFFFFFFFFFFFFFFFFFFFFFFFFFFFFFFFFFFFFFFFFF
DDDDDDFFFFFFFFFFFFFFFFFFFFFFFFFFFFFFFFFFFFFFFFFFFFFFFFFFFFFFFFFFFFFFFFFFFFFFFFFF
KKKLLLLLLLLLLLLLLLLLLLLLLLLLLLLLLLLLLLLLLLLLLLLLLLLLLLLLLLLLLLLLLLLLLLLLLLLLLLLL
--- legend
A fg=#c8ccd4 bg=#2c313a attrs=b---------
B fg=#61afef bg=#1b202a attrs=b---------
C fg=#5c6370 bg=#1b202a attrs=----------
D fg=#4b5263 bg=#12141a attrs=----------
E fg=#c8ccd4 bg=#12141a attrs=b---------
F fg=#c8ccd4 bg=#12141a attrs=----------
G fg=#c8ccd4 bg=default attrs=----------
H fg=default bg=#2c313a attrs=----------
I fg=default bg=#2c313a attrs=b---------
J fg=#c8ccd4 bg=default attrs=b---------
K fg=#e1f7e6 bg=#2a9148 attrs=b---------
L fg=#d8eede bg=#12401f attrs=----------
--- sgr
\x1b[0;1;38;2;200;204;212;48;2;44;49;58m
\x1b[38;2;97;175;239;48;2;27;32;42m
\x1b[22;38;2;92;99;112m
\x1b[38;2;75;82;99;48;2;18;20;26m
\x1b[1;38;2;200;204;212m
\x1b[22;38;2;75;82;99m
\x1b[38;2;200;204;212m
\x1b[38;2;75;82;99m
\x1b[38;2;200;204;212m
\x1b[38;2;75;82;99m
\x1b[38;2;200;204;212m
\x1b[38;2;75;82;99m
\x1b[38;2;200;204;212m
\x1b[38;2;75;82;99m
\x1b[38;2;200;204;212m
\x1b[38;2;75;82;99m
\x1b[38;2;200;204;212m
\x1b[38;2;75;82;99m
\x1b[38;2;200;204;212m
\x1b[38;2;75;82;99m
\x1b[38;2;200;204;212m
\x1b[38;2;75;82;99m
\x1b[38;2;200;204;212m
\x1b[38;2;75;82;99m
\x1b[38;2;200;204;212m
\x1b[38;2;75;82;99m
\x1b[38;2;200;204;212m
\x1b[38;2;75;82;99m
\x1b[38;2;200;204;212m
\x1b[38;2;75;82;99m
\x1b[38;2;200;204;212m
\x1b[38;2;75;82;99m
\x1b[38;2;200;204;212m
\x1b[38;2;75;82;99m
\x1b[38;2;200;204;212m
\x1b[38;2;75;82;99m
\x1b[38;2;200;204;212m
\x1b[38;2;75;82;99m
\x1b[38;2;200;204;212m
\x1b[38;2;75;82;99m
\x1b[38;2;200;204;212m
\x1b[38;2;75;82;99m
\x1b[38;2;200;204;212m
\x1b[38;2;75;82;99m
\x1b[38;2;200;204;212m
\x1b[38;2;75;82;99m
\x1b[38;2;200;204;212m
\x1b[38;2;75;82;99m
\x1b[38;2;200;204;212m
\x1b[38;2;18;20;26;48;2;97;175;239m
\x1b[38;2;200;204;212;48;2;18;20;26m
\x1b[0;38;2;200;204;212m
\x1b[39;48;2;44;49;58m
\x1b[1m
\x1b[22m
\x1b[38;2;200;204;212;49m
\x1b[1m
\x1b[22m
\x1b[1m
\x1b[22m
\x1b[1m
\x1b[22m
\x1b[1m
\x1b[22m
\x1b[1m
\x1b[22m
\x1b[1m
\x1b[22m
\x1b[1m
\x1b[22m
\x1b[1m
\x1b[22m
\x1b[1m
\x1b[22m
\x1b[1;38;2;225;247;230;48;2;42;145;72m
\x1b[22;38;2;216;238;222;48;2;18;64;31m
