# yew pty golden v1
size 80x24 alt=1 cursor=1,6 vis=1
modes 2004,1002,1006,1004,1003 kitty=21 sync_pairs=n/a
--- text
 1 pty-s14-┌────────────────────┐                                               
    1 alpha│ Cut                │                                               
    1 delta│ Copy               │                                               
    2 eta t│ Paste              │                                               
    3 lambd│ Delete             │                                               
    4      │ Select All         │                                               
           ├────────────────────┤                                               
           │ Undo               │                                               
           │ Redo               │                                               
           ├────────────────────┤                                               
           │ Split Right        │                                               
           │ Split Below        │                                               
           │ Close Pane         │                                               
           ├────────────────────┤                                               
           │ Save               │                                               
           │ Save As...         │                                               
           │ Reload             │                                               
           ├────────────────────┤                                               
           │ Command Palette... │                                               
           │ Find File...       │                                               
           │ Go to Line...      │                                               
           │ Toggle Wrap        │                                               
           └────────────────────┘                                               
 L  pty-s14-s57_11_ctrl_click_menu.txt                       utf-8  lf  1:1  all
--- style
AAAAAAAAAAABBBBBBBBBBBBBBBBBBBBBBCCCCCCCCCCCCCCCCCCCCCCCCCCCCCCCCCCCCCCCCCCCCCCC
DDDDEDFFFFFBGGGGGGGGGGGGGGGGGGGGBFFFFFFFFFFFFFFFFFFFFFFFFFFFFFFFFFFFFFFFFFFFFFFF
DDDDDDFFFFFBGGGGGGGGGGGGGGGGGGGGBFFFFFFFFFFFFFFFFFFFFFFFFFFFFFFFFFFFFFFFFFFFFFFF
DDDDDDFFFFFBGGGGGGGGGGGGGGGGGGGGBFFFFFFFFFFFFFFFFFFFFFFFFFFFFFFFFFFFFFFFFFFFFFFF
DDDDDDFFFFFBGGGGGGGGGGGGGGGGGGGGBFFFFFFFFFFFFFFFFFFFFFFFFFFFFFFFFFFFFFFFFFFFFFFF
DDDDDDFFFFFBAAAAAAAAAAAAAAAAAAAABFFFFFFFFFFFFFFFFFFFFFFFFFFFFFFFFFFFFFFFFFFFFFFF
DDDDDDFFFFFBBBBBBBBBBBBBBBBBBBBBBFFFFFFFFFFFFFFFFFFFFFFFFFFFFFFFFFFFFFFFFFFFFFFF
DDDDDDFFFFFBGGGGGGGGGGGGGGGGGGGGBFFFFFFFFFFFFFFFFFFFFFFFFFFFFFFFFFFFFFFFFFFFFFFF
DDDDDDFFFFFBGGGGGGGGGGGGGGGGGGGGBFFFFFFFFFFFFFFFFFFFFFFFFFFFFFFFFFFFFFFFFFFFFFFF
DDDDDDFFFFFBBBBBBBBBBBBBBBBBBBBBBFFFFFFFFFFFFFFFFFFFFFFFFFFFFFFFFFFFFFFFFFFFFFFF
DDDDDDFFFFFBHHHHHHHHHHHHHHHHHHHHBFFFFFFFFFFFFFFFFFFFFFFFFFFFFFFFFFFFFFFFFFFFFFFF
DDDDDDFFFFFBHHHHHHHHHHHHHHHHHHHHBFFFFFFFFFFFFFFFFFFFFFFFFFFFFFFFFFFFFFFFFFFFFFFF
DDDDDDFFFFFBGGGGGGGGGGGGGGGGGGGGBFFFFFFFFFFFFFFFFFFFFFFFFFFFFFFFFFFFFFFFFFFFFFFF
DDDDDDFFFFFBBBBBBBBBBBBBBBBBBBBBBFFFFFFFFFFFFFFFFFFFFFFFFFFFFFFFFFFFFFFFFFFFFFFF
DDDDDDFFFFFBGGGGGGGGGGGGGGGGGGGGBFFFFFFFFFFFFFFFFFFFFFFFFFFFFFFFFFFFFFFFFFFFFFFF
DDDDDDFFFFFBHHHHHHHHHHHHHHHHHHHHBFFFFFFFFFFFFFFFFFFFFFFFFFFFFFFFFFFFFFFFFFFFFFFF
DDDDDDFFFFFBHHHHHHHHHHHHHHHHHHHHBFFFFFFFFFFFFFFFFFFFFFFFFFFFFFFFFFFFFFFFFFFFFFFF
DDDDDDFFFFFBBBBBBBBBBBBBBBBBBBBBBFFFFFFFFFFFFFFFFFFFFFFFFFFFFFFFFFFFFFFFFFFFFFFF
DDDDDDFFFFFBHHHHHHHHHHHHHHHHHHHHBFFFFFFFFFFFFFFFFFFFFFFFFFFFFFFFFFFFFFFFFFFFFFFF
DDDDDDFFFFFBHHHHHHHHHHHHHHHHHHHHBFFFFFFFFFFFFFFFFFFFFFFFFFFFFFFFFFFFFFFFFFFFFFFF
DDDDDDFFFFFBHHHHHHHHHHHHHHHHHHHHBFFFFFFFFFFFFFFFFFFFFFFFFFFFFFFFFFFFFFFFFFFFFFFF
DDDDDDFFFFFBHHHHHHHHHHHHHHHHHHHHBFFFFFFFFFFFFFFFFFFFFFFFFFFFFFFFFFFFFFFFFFFFFFFF
DDDDDDFFFFFBBBBBBBBBBBBBBBBBBBBBBFFFFFFFFFFFFFFFFFFFFFFFFFFFFFFFFFFFFFFFFFFFFFFF
IIIFFFFFFFFFFFFFFFFFFFFFFFFFFFFFFFFFFFFFFFFFFFFFFFFFFFFFFFFFFFFFFFFFFFFFFFFFFFFF
--- legend
A fg=#c8ccd4 bg=#2c313a attrs=b---------
B fg=#4b5263 bg=#1b202a attrs=----------
C fg=#5c6370 bg=#1b202a attrs=----------
D fg=#4b5263 bg=#12141a attrs=----------
E fg=#c8ccd4 bg=#12141a attrs=b---------
F fg=#c8ccd4 bg=#12141a attrs=----------
G fg=#5c6370 bg=#1b202a attrs=-d--------
H fg=#c8ccd4 bg=#1b202a attrs=----------
I fg=#12141a bg=#61afef attrs=----------
