# yew pty golden v1
size 80x24 alt=1 cursor=23,11 vis=1
modes 2004,1002,1006,1004 kitty=21 sync_pairs=n/a
--- text
 1 pty-s14-s57_29_prompt + 
    1 nocolor fixture
    1



















file.open                                                                       
:e alpha 日本語                                                                 
--- style
AAAAAAAAAAAAAAAAAAAAAAAABBB
CCCCBCCCCCCCCCCCCCCCC
CCCCC



















DDDDDDDDDDDDDDDDDDDDDDDDDDDDDDDDDDDDDDDDDDDDDDDDDDDDDDDDDDDDDDDDDDDDDDDDDDDDDDDD
BCCCCCCCCCCAAAABBBBBBBBBBBBBBBBBBBBBBBBBBBBBBBBBBBBBBBBBBBBBBBBBBBBBBBBBBBBBBBBB
--- legend
A fg=default bg=default attrs=------r---
B fg=default bg=default attrs=b---------
C fg=default bg=default attrs=----------
D fg=default bg=default attrs=bd--------
