# yew pty golden v1
size 80x24 alt=1 cursor=1,6 vis=1
modes 2004,1002,1006,1004,1003 kitty=21 sync_pairs=n/a
--- text
 1 pty-s14-s57_11_ctrl_c +                                                      
    1 alpha┌────────────────────┐                                               
    1 delta│ Cut                │                                               
    2 eta t│ Copy               │                                               
    3 lambd│ Paste              │                                               
    4      │ Delete             │                                               
           │ Select All         │                                               
           ├────────────────────┤                                               
           │ Undo               │                                               
           │ Redo               │                                               
           ├────────────────────┤                                               
           │ Split Right        │                                               
           │ Split Below        │                                               
           │ Close Pane         │                                               
           ├────────────────────┤                                               
           │ Save               │                                               
           │ Reload             │                                               
           ├────────────────────┤                                               
           │ Command Palette... │                                               
           │ Find File...       │                                               
           │ Go to Line...      │                                               
           │ Toggle Wrap        │                                               
           └────────────────────┘                                               
 L  pty-s14-s57_11_ctrl_click_menu.txt                       utf-8  lf  1:1  all
--- style
AAAAAAAAAAAAAAAAAAAAAAAABBBCCCCCCCCCCCCCCCCCCCCCCCCCCCCCCCCCCCCCCCCCCCCCCCCCCCCC
DDDDEDFFFFFGGGGGGGGGGGGGGGGGGGGGGFFFFFFFFFFFFFFFFFFFFFFFFFFFFFFFFFFFFFFFFFFFFFFF
DDDDDDFFFFFGHHHHHHHHHHHHHHHHHHHHGFFFFFFFFFFFFFFFFFFFFFFFFFFFFFFFFFFFFFFFFFFFFFFF
DDDDDDFFFFFGHHHHHHHHHHHHHHHHHHHHGFFFFFFFFFFFFFFFFFFFFFFFFFFFFFFFFFFFFFFFFFFFFFFF
DDDDDDFFFFFGHHHHHHHHHHHHHHHHHHHHGFFFFFFFFFFFFFFFFFFFFFFFFFFFFFFFFFFFFFFFFFFFFFFF
DDDDDDFFFFFGHHHHHHHHHHHHHHHHHHHHGFFFFFFFFFFFFFFFFFFFFFFFFFFFFFFFFFFFFFFFFFFFFFFF
DDDDDDFFFFFGAAAAAAAAAAAAAAAAAAAAGFFFFFFFFFFFFFFFFFFFFFFFFFFFFFFFFFFFFFFFFFFFFFFF
DDDDDDFFFFFGGGGGGGGGGGGGGGGGGGGGGFFFFFFFFFFFFFFFFFFFFFFFFFFFFFFFFFFFFFFFFFFFFFFF
DDDDDDFFFFFGHHHHHHHHHHHHHHHHHHHHGFFFFFFFFFFFFFFFFFFFFFFFFFFFFFFFFFFFFFFFFFFFFFFF
DDDDDDFFFFFGHHHHHHHHHHHHHHHHHHHHGFFFFFFFFFFFFFFFFFFFFFFFFFFFFFFFFFFFFFFFFFFFFFFF
DDDDDDFFFFFGGGGGGGGGGGGGGGGGGGGGGFFFFFFFFFFFFFFFFFFFFFFFFFFFFFFFFFFFFFFFFFFFFFFF
DDDDDDFFFFFGIIIIIIIIIIIIIIIIIIIIGFFFFFFFFFFFFFFFFFFFFFFFFFFFFFFFFFFFFFFFFFFFFFFF
DDDDDDFFFFFGIIIIIIIIIIIIIIIIIIIIGFFFFFFFFFFFFFFFFFFFFFFFFFFFFFFFFFFFFFFFFFFFFFFF
DDDDDDFFFFFGHHHHHHHHHHHHHHHHHHHHGFFFFFFFFFFFFFFFFFFFFFFFFFFFFFFFFFFFFFFFFFFFFFFF
DDDDDDFFFFFGGGGGGGGGGGGGGGGGGGGGGFFFFFFFFFFFFFFFFFFFFFFFFFFFFFFFFFFFFFFFFFFFFFFF
DDDDDDFFFFFGHHHHHHHHHHHHHHHHHHHHGFFFFFFFFFFFFFFFFFFFFFFFFFFFFFFFFFFFFFFFFFFFFFFF
DDDDDDFFFFFGIIIIIIIIIIIIIIIIIIIIGFFFFFFFFFFFFFFFFFFFFFFFFFFFFFFFFFFFFFFFFFFFFFFF
DDDDDDFFFFFGGGGGGGGGGGGGGGGGGGGGGFFFFFFFFFFFFFFFFFFFFFFFFFFFFFFFFFFFFFFFFFFFFFFF
DDDDDDFFFFFGIIIIIIIIIIIIIIIIIIIIGFFFFFFFFFFFFFFFFFFFFFFFFFFFFFFFFFFFFFFFFFFFFFFF
DDDDDDFFFFFGIIIIIIIIIIIIIIIIIIIIGFFFFFFFFFFFFFFFFFFFFFFFFFFFFFFFFFFFFFFFFFFFFFFF
DDDDDDFFFFFGIIIIIIIIIIIIIIIIIIIIGFFFFFFFFFFFFFFFFFFFFFFFFFFFFFFFFFFFFFFFFFFFFFFF
DDDDDDFFFFFGIIIIIIIIIIIIIIIIIIIIGFFFFFFFFFFFFFFFFFFFFFFFFFFFFFFFFFFFFFFFFFFFFFFF
DDDDDDFFFFFGGGGGGGGGGGGGGGGGGGGGGFFFFFFFFFFFFFFFFFFFFFFFFFFFFFFFFFFFFFFFFFFFFFFF
JJJFFFFFFFFFFFFFFFFFFFFFFFFFFFFFFFFFFFFFFFFFFFFFFFFFFFFFFFFFFFFFFFFFFFFFFFFFFFFF
--- legend
A fg=#c8ccd4 bg=#2c313a attrs=b---------
B fg=#61afef bg=#1b202a attrs=b---------
C fg=#5c6370 bg=#1b202a attrs=----------
D fg=#4b5263 bg=#12141a attrs=----------
E fg=#c8ccd4 bg=#12141a attrs=b---------
F fg=#c8ccd4 bg=#12141a attrs=----------
G fg=#4b5263 bg=#1b202a attrs=----------
H fg=#5c6370 bg=#1b202a attrs=-d--------
I fg=#c8ccd4 bg=#1b202a attrs=----------
J fg=#12141a bg=#61afef attrs=----------
